BL51 BANKED LINKER/LOCATER V5.12                                                        02/14/2014  13:40:53  PAGE 1


BL51 BANKED LINKER/LOCATER V5.12, INVOKED BY:
C:\KEIL\C51\BIN\BL51.EXE .\output\STARTUP.obj, .\output\main.obj, .\output\ra8806.obj, .\output\basefunc.obj, .\output\p
>> arameter.obj, .\output\eeprom.obj, .\output\timer.obj, .\output\position.obj, .\output\operation.obj, .\output\dispat
>> ch.obj, .\output\key.obj TO .\output\SoakControl PRINT (.\SoakControl.m51) RAMSIZE (256) XDATA (0X0000-0X03FE)


MEMORY MODEL: LARGE


INPUT MODULES INCLUDED:
  .\output\STARTUP.obj (?C_STARTUP)
  .\output\main.obj (MAIN)
  .\output\ra8806.obj (RA8806)
  .\output\basefunc.obj (BASEFUNC)
  .\output\parameter.obj (PARAMETER)
  .\output\eeprom.obj (EEPROM)
  .\output\timer.obj (TIMER)
  .\output\position.obj (POSITION)
  .\output\operation.obj (OPERATION)
  .\output\dispatch.obj (DISPATCH)
  .\output\key.obj (KEY)
  C:\KEIL\C51\LIB\C51L.LIB (?C_INIT)
  C:\KEIL\C51\LIB\C51L.LIB (?C?CLDPTR)
  C:\KEIL\C51\LIB\C51L.LIB (?C?IMUL)
  C:\KEIL\C51\LIB\C51L.LIB (?C?UIDIV)
  C:\KEIL\C51\LIB\C51L.LIB (?C?IILDX)
  C:\KEIL\C51\LIB\C51L.LIB (?C?ILDIX)
  C:\KEIL\C51\LIB\C51L.LIB (?C?LMUL)
  C:\KEIL\C51\LIB\C51L.LIB (?C?SLDIV)
  C:\KEIL\C51\LIB\C51L.LIB (?C?CCASE)
  C:\KEIL\C51\LIB\C51L.LIB (?C?ULDIV)


LINK MAP OF MODULE:  .\output\SoakControl (?C_STARTUP)


            TYPE    BASE      LENGTH    RELOCATION   SEGMENT NAME
            -----------------------------------------------------

            * * * * * * *   D A T A   M E M O R Y   * * * * * * *
            REG     0000H     0008H     ABSOLUTE     "REG BANK 0"
            REG     0008H     0008H     ABSOLUTE     "REG BANK 1"
            IDATA   0010H     0001H     UNIT         ?STACK

            * * * * * * *  X D A T A   M E M O R Y  * * * * * * *
            XDATA   0000H     0048H     UNIT         ?XD?PARAMETER
            XDATA   0048H     0011H     UNIT         _XDATA_GROUP_
            XDATA   0059H     0007H     UNIT         ?XD?OPERATION
            XDATA   0060H     0006H     UNIT         ?XD?_DROW_ROW_LINE?RA8806
            XDATA   0066H     0006H     UNIT         ?XD?_DROW_COLUMN_LINE?RA8806
            XDATA   006CH     0005H     UNIT         ?XD?_DISPLAY_WORD?RA8806
            XDATA   0071H     0005H     UNIT         ?XD?_DISPLAY_RL_KUANG?RA8806
            XDATA   0076H     0005H     UNIT         ?XD?_DISPLAY_RR_KUANG?RA8806
            XDATA   007BH     0005H     UNIT         ?XD?DISPATCH
            XDATA   0080H     0003H     UNIT         ?XD?_DROW_POINT?RA8806
            XDATA   0083H     0002H     UNIT         ?XD?TIMER
            XDATA   0085H     0001H     UNIT         ?XD?MAIN
            XDATA   0086H     0001H     UNIT         ?XD?POSITION
BL51 BANKED LINKER/LOCATER V5.12                                                      02/14/2014  13:40:53  PAGE 2


            XDATA   0087H     0001H     UNIT         ?XD?KEY

            * * * * * * *   C O D E   M E M O R Y   * * * * * * *
            CODE    0000H     0003H     ABSOLUTE     
                    0003H     0008H                  *** GAP ***
            CODE    000BH     0003H     ABSOLUTE     
            CODE    000EH     000DH     UNIT         ?PR?IAPIDLE?EEPROM
            CODE    001BH     0003H     ABSOLUTE     
            CODE    001EH     0459H     UNIT         ?PR?_MAINDISPLAY?RA8806
            CODE    0477H     0323H     UNIT         ?PR?_A_UP_DOWN?OPERATION
            CODE    079AH     02FCH     UNIT         ?CO?RA8806
            CODE    0A96H     02A4H     UNIT         ?PR?_CHECKTOUCHPAD?MAIN
            CODE    0D3AH     028EH     UNIT         ?PR?_SETTINGDISPLAY?RA8806
            CODE    0FC8H     0287H     UNIT         ?PR?_GETTP_VALUE?RA8806
            CODE    124FH     0202H     UNIT         ?PR?MANIDISPATCH?DISPATCH
            CODE    1451H     01EFH     UNIT         ?C?LIB_CODE
            CODE    1640H     01D1H     UNIT         ?PR?PARAMETER_SAVE?PARAMETER
            CODE    1811H     0160H     UNIT         ?PR?_A_DOWN?OPERATION
            CODE    1971H     015DH     UNIT         ?PR?_A_UP?OPERATION
            CODE    1ACEH     0158H     UNIT         ?PR?_DISPLAY_R_KUANG?RA8806
            CODE    1C26H     0134H     UNIT         ?PR?TP_MANUALMODE?RA8806
            CODE    1D5AH     0104H     UNIT         ?PR?_A_MOVE?OPERATION
            CODE    1E5EH     00FFH     UNIT         ?PR?_SETTINGOPERATIONTIME?MAIN
            CODE    1F5DH     00C6H     UNIT         ?PR?_DISPLAY_KUANG?RA8806
            CODE    2023H     00B8H     UNIT         ?PR?_DISPLAY_RL_KUANG?RA8806
            CODE    20DBH     00B8H     UNIT         ?PR?_DISPLAY_RR_KUANG?RA8806
            CODE    2193H     00B3H     UNIT         ?PR?LCD_INITAL?RA8806
            CODE    2246H     00B2H     UNIT         ?PR?MANIPOSITION?POSITION
            CODE    22F8H     00B1H     UNIT         ?PR?CISTERNCOUNT?TIMER
            CODE    23A9H     00AAH     UNIT         ?PR?PARAMETER_READ?PARAMETER
            CODE    2453H     00A7H     UNIT         ?PR?DISPLAY_BIAO?RA8806
            CODE    24FAH     00A4H     UNIT         ?PR?PARAMETER_INIT?PARAMETER
            CODE    259EH     008FH     UNIT         ?PR?_TP_RESPONSE?RA8806
            CODE    262DH     008CH     UNIT         ?C_C51STARTUP
            CODE    26B9H     008AH     UNIT         ?PR?A_MOVE_ENTRANCE?OPERATION
            CODE    2743H     007FH     UNIT         ?PR?_DROW_PICTURE?RA8806
            CODE    27C2H     006FH     UNIT         ?PR?_DROW_ROW_LINE?RA8806
            CODE    2831H     006DH     UNIT         ?PR?_DROW_COLUMN_LINE?RA8806
            CODE    289EH     0062H     UNIT         ?PR?TM1_ISR?TIMER
            CODE    2900H     005CH     UNIT         ?PR?MAIN?MAIN
            CODE    295CH     005CH     UNIT         ?PR?KEY_SCAN?KEY
            CODE    29B8H     005AH     UNIT         ?PR?_DROW_POINT?RA8806
            CODE    2A12H     0053H     UNIT         ?PR?MANIPULATORSTATUSDISPLAY?RA8806
            CODE    2A65H     0048H     UNIT         ?PR?_DISPLAY_WORD?RA8806
            CODE    2AADH     0045H     UNIT         ?PR?_LCD_SHOWSTR?RA8806
            CODE    2AF2H     0044H     UNIT         ?PR?INITSETTINGPAGE?MAIN
            CODE    2B36H     0044H     UNIT         ?C?LDIV
            CODE    2B7AH     0037H     UNIT         ?C_INITSEG
            CODE    2BB1H     0034H     UNIT         ?PR?_ENLARGE?RA8806
            CODE    2BE5H     0034H     UNIT         ?PR?POWERONDISPLAY?RA8806
            CODE    2C19H     002BH     UNIT         ?PR?SWITCHDISPLAY?MAIN
            CODE    2C44H     0029H     UNIT         ?PR?_TOUCHPADSETCHOOSECISTERN?MAIN
            CODE    2C6DH     0029H     UNIT         ?PR?TM0_ISR?TIMER
            CODE    2C96H     0027H     UNIT         ?PR?_DELAY_MS?BASEFUNC
            CODE    2CBDH     0026H     UNIT         ?PR?_TRANS_TPX?RA8806
            CODE    2CE3H     0026H     UNIT         ?PR?TIMER_INIT?TIMER
            CODE    2D09H     0025H     UNIT         ?PR?_TRANS_TPY?RA8806
BL51 BANKED LINKER/LOCATER V5.12                                                      02/14/2014  13:40:53  PAGE 3


            CODE    2D2EH     0024H     UNIT         ?PR?_LCD_CMDREAD?RA8806
            CODE    2D52H     001EH     UNIT         ?PR?_LCD_GOTOXY?RA8806
            CODE    2D70H     001DH     UNIT         ?PR?_LCD_CMDWRITE?RA8806
            CODE    2D8DH     001DH     UNIT         ?PR?LCD_NOINV?RA8806
            CODE    2DAAH     001BH     UNIT         ?PR?_DELAY_US?BASEFUNC
            CODE    2DC5H     0019H     UNIT         ?PR?_IAPPROGRAMBYTE?EEPROM
            CODE    2DDEH     0018H     UNIT         ?PR?_LCD_DATAWRITE?RA8806
            CODE    2DF6H     0018H     UNIT         ?PR?_IAPREADBYTE?EEPROM
            CODE    2E0EH     0017H     UNIT         ?PR?CLEAR?RA8806
            CODE    2E25H     0017H     UNIT         ?PR?DISPLAY_ALL?RA8806
            CODE    2E3CH     0016H     UNIT         ?PR?ONLY_SHOW_PAGE1?RA8806
            CODE    2E52H     0016H     UNIT         ?PR?ONLY_SHOW_PAGE2?RA8806
            CODE    2E68H     0016H     UNIT         ?PR?SHOW_TWO_LAYER?RA8806
            CODE    2E7EH     0016H     UNIT         ?PR?XOR_TWO_LAYER?RA8806
            CODE    2E94H     0016H     UNIT         ?PR?NOR_TWO_LAYER?RA8806
            CODE    2EAAH     0016H     UNIT         ?PR?ACCESS_PAGE1?RA8806
            CODE    2EC0H     0016H     UNIT         ?PR?ACCESS_PAGE2?RA8806
            CODE    2ED6H     0016H     UNIT         ?PR?SWITCH_LATCH_X_DATA?RA8806
            CODE    2EECH     0016H     UNIT         ?PR?SWITCH_LATCH_Y_DATA?RA8806
            CODE    2F02H     0015H     UNIT         ?PR?LCD_DATAREAD?RA8806
            CODE    2F17H     0015H     UNIT         ?PR?LCD_GRAPHIC?RA8806
            CODE    2F2CH     0015H     UNIT         ?PR?LCD_TEXT?RA8806
            CODE    2F41H     0015H     UNIT         ?PR?NORMAL_DATA?RA8806
            CODE    2F56H     0015H     UNIT         ?PR?REVERSE_DATA?RA8806
            CODE    2F6BH     0015H     UNIT         ?PR?_IAPERASESECTOR?EEPROM
            CODE    2F80H     0014H     UNIT         ?PR?OR_TWO_LAYER?RA8806
            CODE    2F94H     0014H     UNIT         ?PR?AND_TWO_LAYER?RA8806
            CODE    2FA8H     0014H     UNIT         ?PR?LCD_INV?RA8806
            CODE    2FBCH     0014H     UNIT         ?PR?ENABLE_TP?RA8806
            CODE    2FD0H     0014H     UNIT         ?PR?ENABLE_MAUNAL_TP?RA8806
            CODE    2FE4H     0014H     UNIT         ?PR?ENABLE_INTERRPUT_TP?RA8806
            CODE    2FF8H     0014H     UNIT         ?PR?DISABLE_INTERRPUT_TP?RA8806
            CODE    300CH     0014H     UNIT         ?PR?_DELAY?EEPROM
            CODE    3020H     0011H     UNIT         ?PR?_LCD_SHOWCHAR?RA8806
            CODE    3031H     000BH     UNIT         ?PR?MANUALMODE_OPERATION?OPERATION
            CODE    303CH     0009H     UNIT         ?PR?MANUALDISPATCH?DISPATCH



OVERLAY MAP OF MODULE:   .\output\SoakControl (?C_STARTUP)


SEGMENT                                       XDATA_GROUP
  +--> CALLED SEGMENT                       START    LENGTH
-----------------------------------------------------------
?C_C51STARTUP                               -----    -----
  +--> ?PR?MAIN?MAIN
  +--> ?C_INITSEG

?PR?MAIN?MAIN                               -----    -----
  +--> ?PR?LCD_INITAL?RA8806
  +--> ?PR?POWERONDISPLAY?RA8806
  +--> ?PR?_DELAY_MS?BASEFUNC
  +--> ?PR?PARAMETER_INIT?PARAMETER
  +--> ?PR?TIMER_INIT?TIMER
  +--> ?PR?ENABLE_TP?RA8806
  +--> ?PR?ENABLE_MAUNAL_TP?RA8806
BL51 BANKED LINKER/LOCATER V5.12                                                      02/14/2014  13:40:53  PAGE 4


  +--> ?PR?_MAINDISPLAY?RA8806
  +--> ?PR?TP_MANUALMODE?RA8806
  +--> ?PR?_CHECKTOUCHPAD?MAIN
  +--> ?PR?SWITCHDISPLAY?MAIN
  +--> ?PR?MANIPULATORSTATUSDISPLAY?RA8806

?PR?LCD_INITAL?RA8806                       -----    -----
  +--> ?PR?_DELAY_MS?BASEFUNC
  +--> ?PR?_LCD_CMDWRITE?RA8806
  +--> ?PR?_LCD_DATAWRITE?RA8806

?PR?_DELAY_MS?BASEFUNC                      0049H    0002H
  +--> ?PR?_DELAY_US?BASEFUNC

?PR?_DELAY_US?BASEFUNC                      004EH    0002H

?PR?_LCD_CMDWRITE?RA8806                    -----    -----
  +--> ?PR?LCD_TEXT?RA8806
  +--> ?PR?_LCD_GOTOXY?RA8806

?PR?LCD_TEXT?RA8806                         -----    -----
  +--> ?PR?_LCD_CMDREAD?RA8806
  +--> ?PR?_LCD_DATAWRITE?RA8806

?PR?_LCD_CMDREAD?RA8806                     -----    -----
  +--> ?PR?_LCD_DATAWRITE?RA8806

?PR?_LCD_GOTOXY?RA8806                      -----    -----
  +--> ?PR?_LCD_DATAWRITE?RA8806

?PR?POWERONDISPLAY?RA8806                   -----    -----
  +--> ?PR?ACCESS_PAGE2?RA8806
  +--> ?PR?LCD_NOINV?RA8806
  +--> ?PR?CLEAR?RA8806
  +--> ?PR?ACCESS_PAGE1?RA8806
  +--> ?PR?ONLY_SHOW_PAGE1?RA8806
  +--> ?PR?_ENLARGE?RA8806
  +--> ?CO?RA8806
  +--> ?PR?_LCD_SHOWSTR?RA8806

?PR?ACCESS_PAGE2?RA8806                     -----    -----
  +--> ?PR?_LCD_CMDREAD?RA8806
  +--> ?PR?_LCD_CMDWRITE?RA8806
  +--> ?PR?_LCD_DATAWRITE?RA8806

?PR?LCD_NOINV?RA8806                        -----    -----
  +--> ?PR?ACCESS_PAGE1?RA8806
  +--> ?PR?CLEAR?RA8806
  +--> ?PR?NORMAL_DATA?RA8806
  +--> ?PR?_LCD_CMDREAD?RA8806
  +--> ?PR?_LCD_CMDWRITE?RA8806
  +--> ?PR?_LCD_DATAWRITE?RA8806

?PR?ACCESS_PAGE1?RA8806                     -----    -----
  +--> ?PR?_LCD_CMDREAD?RA8806
  +--> ?PR?_LCD_CMDWRITE?RA8806
  +--> ?PR?_LCD_DATAWRITE?RA8806
BL51 BANKED LINKER/LOCATER V5.12                                                      02/14/2014  13:40:53  PAGE 5



?PR?CLEAR?RA8806                            -----    -----
  +--> ?PR?LCD_GRAPHIC?RA8806
  +--> ?PR?_LCD_CMDWRITE?RA8806
  +--> ?PR?_LCD_DATAWRITE?RA8806

?PR?LCD_GRAPHIC?RA8806                      -----    -----
  +--> ?PR?_LCD_CMDREAD?RA8806
  +--> ?PR?_LCD_CMDWRITE?RA8806
  +--> ?PR?_LCD_DATAWRITE?RA8806

?PR?NORMAL_DATA?RA8806                      -----    -----
  +--> ?PR?_LCD_CMDREAD?RA8806
  +--> ?PR?_LCD_CMDWRITE?RA8806
  +--> ?PR?_LCD_DATAWRITE?RA8806

?PR?ONLY_SHOW_PAGE1?RA8806                  -----    -----
  +--> ?PR?_LCD_CMDREAD?RA8806
  +--> ?PR?_LCD_CMDWRITE?RA8806
  +--> ?PR?_LCD_DATAWRITE?RA8806

?PR?_ENLARGE?RA8806                         -----    -----
  +--> ?PR?_LCD_CMDWRITE?RA8806
  +--> ?PR?_LCD_DATAWRITE?RA8806

?PR?_LCD_SHOWSTR?RA8806                     004CH    0003H
  +--> ?CO?RA8806
  +--> ?PR?_LCD_CMDWRITE?RA8806
  +--> ?PR?_LCD_DATAWRITE?RA8806

?PR?PARAMETER_INIT?PARAMETER                -----    -----
  +--> ?PR?PARAMETER_READ?PARAMETER

?PR?PARAMETER_READ?PARAMETER                0048H    0004H
  +--> ?PR?_DELAY?EEPROM
  +--> ?PR?_IAPREADBYTE?EEPROM

?PR?_IAPREADBYTE?EEPROM                     -----    -----
  +--> ?PR?IAPIDLE?EEPROM

?PR?ENABLE_TP?RA8806                        -----    -----
  +--> ?PR?_LCD_CMDREAD?RA8806
  +--> ?PR?_LCD_CMDWRITE?RA8806
  +--> ?PR?_LCD_DATAWRITE?RA8806

?PR?ENABLE_MAUNAL_TP?RA8806                 -----    -----
  +--> ?PR?_LCD_CMDREAD?RA8806
  +--> ?PR?_LCD_CMDWRITE?RA8806
  +--> ?PR?_LCD_DATAWRITE?RA8806

?PR?_MAINDISPLAY?RA8806                     0049H    0002H
  +--> ?PR?ACCESS_PAGE2?RA8806
  +--> ?PR?CLEAR?RA8806
  +--> ?PR?_DISPLAY_KUANG?RA8806
  +--> ?CO?RA8806
  +--> ?PR?_DROW_PICTURE?RA8806
  +--> ?PR?_DISPLAY_R_KUANG?RA8806
BL51 BANKED LINKER/LOCATER V5.12                                                      02/14/2014  13:40:53  PAGE 6


  +--> ?PR?LCD_NOINV?RA8806
  +--> ?PR?_LCD_SHOWSTR?RA8806
  +--> ?PR?_LCD_SHOWCHAR?RA8806
  +--> ?PR?XOR_TWO_LAYER?RA8806
  +--> ?PR?SHOW_TWO_LAYER?RA8806

?PR?_DISPLAY_KUANG?RA8806                   0051H    0005H
  +--> ?PR?LCD_GRAPHIC?RA8806
  +--> ?PR?_LCD_GOTOXY?RA8806
  +--> ?PR?_LCD_CMDWRITE?RA8806
  +--> ?PR?_LCD_DATAWRITE?RA8806

?PR?_DROW_PICTURE?RA8806                    0051H    0008H
  +--> ?CO?RA8806
  +--> ?PR?LCD_GRAPHIC?RA8806
  +--> ?PR?_LCD_CMDWRITE?RA8806
  +--> ?PR?_LCD_DATAWRITE?RA8806

?PR?_DISPLAY_R_KUANG?RA8806                 004CH    0005H
  +--> ?PR?_DISPLAY_KUANG?RA8806
  +--> ?CO?RA8806
  +--> ?PR?_DROW_PICTURE?RA8806

?PR?_LCD_SHOWCHAR?RA8806                    -----    -----
  +--> ?PR?_LCD_CMDWRITE?RA8806
  +--> ?PR?_LCD_DATAWRITE?RA8806

?PR?XOR_TWO_LAYER?RA8806                    -----    -----
  +--> ?PR?_LCD_CMDREAD?RA8806
  +--> ?PR?_LCD_CMDWRITE?RA8806
  +--> ?PR?_LCD_DATAWRITE?RA8806

?PR?SHOW_TWO_LAYER?RA8806                   -----    -----
  +--> ?PR?_LCD_CMDREAD?RA8806
  +--> ?PR?_LCD_CMDWRITE?RA8806
  +--> ?PR?_LCD_DATAWRITE?RA8806

?PR?TP_MANUALMODE?RA8806                    0048H    0006H
  +--> ?PR?_LCD_CMDWRITE?RA8806
  +--> ?PR?_LCD_DATAWRITE?RA8806
  +--> ?PR?_LCD_CMDREAD?RA8806
  +--> ?PR?SWITCH_LATCH_X_DATA?RA8806
  +--> ?PR?_DELAY_US?BASEFUNC
  +--> ?PR?SWITCH_LATCH_Y_DATA?RA8806
  +--> ?PR?_TRANS_TPX?RA8806
  +--> ?PR?_TRANS_TPY?RA8806
  +--> ?PR?_GETTP_VALUE?RA8806

?PR?SWITCH_LATCH_X_DATA?RA8806              -----    -----
  +--> ?PR?_LCD_CMDREAD?RA8806
  +--> ?PR?_LCD_CMDWRITE?RA8806
  +--> ?PR?_LCD_DATAWRITE?RA8806

?PR?SWITCH_LATCH_Y_DATA?RA8806              -----    -----
  +--> ?PR?_LCD_CMDREAD?RA8806
  +--> ?PR?_LCD_CMDWRITE?RA8806
  +--> ?PR?_LCD_DATAWRITE?RA8806
BL51 BANKED LINKER/LOCATER V5.12                                                      02/14/2014  13:40:53  PAGE 7



?PR?_CHECKTOUCHPAD?MAIN                     0048H    0001H
  +--> ?PR?_TP_RESPONSE?RA8806
  +--> ?PR?_DELAY_MS?BASEFUNC
  +--> ?PR?INITSETTINGPAGE?MAIN
  +--> ?PR?_TOUCHPADSETCHOOSECISTERN?MAIN
  +--> ?PR?_SETTINGOPERATIONTIME?MAIN
  +--> ?PR?_SETTINGDISPLAY?RA8806
  +--> ?PR?PARAMETER_SAVE?PARAMETER
  +--> ?PR?_MAINDISPLAY?RA8806

?PR?_TP_RESPONSE?RA8806                     -----    -----
  +--> ?PR?ACCESS_PAGE2?RA8806
  +--> ?PR?_DISPLAY_R_KUANG?RA8806

?PR?_SETTINGDISPLAY?RA8806                  0049H    0003H
  +--> ?PR?ACCESS_PAGE2?RA8806
  +--> ?PR?CLEAR?RA8806
  +--> ?PR?_DISPLAY_R_KUANG?RA8806
  +--> ?PR?_DISPLAY_KUANG?RA8806
  +--> ?PR?LCD_NOINV?RA8806
  +--> ?CO?RA8806
  +--> ?PR?_LCD_SHOWSTR?RA8806
  +--> ?PR?_LCD_SHOWCHAR?RA8806
  +--> ?PR?XOR_TWO_LAYER?RA8806
  +--> ?PR?SHOW_TWO_LAYER?RA8806

?PR?PARAMETER_SAVE?PARAMETER                0049H    0004H
  +--> ?PR?_DELAY?EEPROM
  +--> ?PR?_IAPERASESECTOR?EEPROM
  +--> ?PR?_IAPREADBYTE?EEPROM
  +--> ?PR?_IAPPROGRAMBYTE?EEPROM

?PR?_IAPERASESECTOR?EEPROM                  -----    -----
  +--> ?PR?IAPIDLE?EEPROM

?PR?_IAPPROGRAMBYTE?EEPROM                  -----    -----
  +--> ?PR?IAPIDLE?EEPROM

?PR?SWITCHDISPLAY?MAIN                      -----    -----
  +--> ?PR?_SETTINGDISPLAY?RA8806
  +--> ?PR?_MAINDISPLAY?RA8806

?PR?MANIPULATORSTATUSDISPLAY?RA8806         -----    -----
  +--> ?PR?ACCESS_PAGE1?RA8806
  +--> ?PR?NORMAL_DATA?RA8806
  +--> ?PR?LCD_NOINV?RA8806
  +--> ?CO?RA8806
  +--> ?PR?_LCD_SHOWSTR?RA8806

*** NEW ROOT ***************************************************

?PR?TM0_ISR?TIMER                           -----    -----
  +--> ?PR?MANIPOSITION?POSITION

*** NEW ROOT ***************************************************

BL51 BANKED LINKER/LOCATER V5.12                                                      02/14/2014  13:40:53  PAGE 8


?PR?TM1_ISR?TIMER                           -----    -----
  +--> ?PR?CISTERNCOUNT?TIMER
  +--> ?PR?MANIDISPATCH?DISPATCH
  +--> ?PR?MANUALDISPATCH?DISPATCH
  +--> ?PR?KEY_SCAN?KEY

?PR?MANIDISPATCH?DISPATCH                   -----    -----
  +--> ?PR?A_MOVE_ENTRANCE?OPERATION
  +--> ?PR?_A_UP_DOWN?OPERATION

?PR?MANUALDISPATCH?DISPATCH                 -----    -----
  +--> ?PR?MANUALMODE_OPERATION?OPERATION



SYMBOL TABLE OF MODULE:  .\output\SoakControl (?C_STARTUP)

  VALUE           TYPE          NAME
  ----------------------------------

  -------         MODULE        ?C_STARTUP
  C:262DH         SEGMENT       ?C_C51STARTUP
  I:0010H         SEGMENT       ?STACK
  C:0000H         PUBLIC        ?C_STARTUP
  D:00E0H         SYMBOL        ACC
  D:00F0H         SYMBOL        B
  D:0083H         SYMBOL        DPH
  D:0082H         SYMBOL        DPL
  N:0000H         SYMBOL        IBPSTACK
  N:0100H         SYMBOL        IBPSTACKTOP
  N:0080H         SYMBOL        IDATALEN
  C:2630H         SYMBOL        IDATALOOP
  N:0000H         SYMBOL        PBPSTACK
  N:0000H         SYMBOL        PBPSTACKTOP
  N:0000H         SYMBOL        PDATALEN
  N:0000H         SYMBOL        PDATASTART
  N:0000H         SYMBOL        PPAGE
  N:0000H         SYMBOL        PPAGEENABLE
  D:00A0H         SYMBOL        PPAGE_SFR
  D:0081H         SYMBOL        SP
  C:262DH         SYMBOL        STARTUP1
  N:0000H         SYMBOL        XBPSTACK
  N:0000H         SYMBOL        XBPSTACKTOP
  N:0000H         SYMBOL        XDATALEN
  N:0000H         SYMBOL        XDATASTART
  C:0000H         LINE#         92
  C:262DH         LINE#         99
  C:262FH         LINE#         100
  C:2630H         LINE#         101
  C:2631H         LINE#         102
  C:2633H         LINE#         151
  C:2636H         LINE#         155
  -------         ENDMOD        ?C_STARTUP

  -------         MODULE        MAIN
  C:0000H         SYMBOL        _ICE_DUMMY_
  C:0A96H         PUBLIC        _checkTouchPad
BL51 BANKED LINKER/LOCATER V5.12                                                      02/14/2014  13:40:53  PAGE 9


  D:0090H         PUBLIC        P1
  D:00B0H         PUBLIC        P3
  D:00A8H         PUBLIC        IE
  C:2C44H         PUBLIC        _touchPadSetChooseCistern
  D:00B8H         PUBLIC        IP
  C:2AF2H         PUBLIC        initSettingPage
  C:2900H         PUBLIC        main
  C:1E5EH         PUBLIC        _settingOperationTime
  X:0085H         PUBLIC        currentTP
  D:0098H         PUBLIC        SCON
  D:0088H         PUBLIC        TCON
  B:00B0H.7       PUBLIC        OUT_PUT
  D:00C8H         PUBLIC        T2CON
  C:2C19H         PUBLIC        switchDisplay
  D:00D0H         PUBLIC        PSW
  -------         PROC          SWITCHDISPLAY
  C:2C19H         LINE#         31
  C:2C19H         LINE#         32
  C:2C19H         LINE#         33
  C:2C2DH         LINE#         34
  C:2C2DH         LINE#         35
  C:2C2DH         LINE#         36
  C:2C2FH         LINE#         37
  C:2C31H         LINE#         38
  C:2C31H         LINE#         39
  C:2C33H         LINE#         40
  C:2C35H         LINE#         41
  C:2C35H         LINE#         42
  C:2C3AH         LINE#         43
  C:2C3AH         LINE#         44
  C:2C3AH         LINE#         45
  C:2C3CH         LINE#         46
  C:2C3EH         LINE#         47
  C:2C3EH         LINE#         48
  C:2C43H         LINE#         49
  C:2C43H         LINE#         50
  C:2C43H         LINE#         51
  C:2C43H         LINE#         52
  C:2C43H         LINE#         53
  -------         ENDPROC       SWITCHDISPLAY
  -------         PROC          INITSETTINGPAGE
  -------         DO            
  D:0007H         SYMBOL        i
  -------         ENDDO         
  C:2AF2H         LINE#         60
  C:2AF2H         LINE#         61
  C:2AF2H         LINE#         63
  C:2AF4H         LINE#         64
  C:2AF4H         LINE#         65
  C:2B1AH         LINE#         66
  C:2B2AH         LINE#         67
  C:2B2FH         LINE#         68
  C:2B35H         LINE#         69
  -------         ENDPROC       INITSETTINGPAGE
  -------         PROC          _TOUCHPADSETCHOOSECISTERN
  D:0007H         SYMBOL        cisternNum
  -------         DO            
BL51 BANKED LINKER/LOCATER V5.12                                                      02/14/2014  13:40:53  PAGE 10


  D:0006H         SYMBOL        i
  -------         ENDDO         
  C:2C44H         LINE#         76
  C:2C44H         LINE#         77
  C:2C44H         LINE#         79
  C:2C46H         LINE#         80
  C:2C46H         LINE#         81
  C:2C56H         LINE#         82
  C:2C5BH         LINE#         83
  C:2C6CH         LINE#         84
  -------         ENDPROC       _TOUCHPADSETCHOOSECISTERN
  -------         PROC          _SETTINGOPERATIONTIME
  D:0007H         SYMBOL        opeartion
  -------         DO            
  D:0006H         SYMBOL        i
  D:0003H         SYMBOL        cisternNum
  -------         ENDDO         
  C:1E5EH         LINE#         91
  C:1E5EH         LINE#         92
  C:1E5EH         LINE#         94
  C:1E60H         LINE#         95
  C:1E60H         LINE#         96
  C:1E72H         LINE#         97
  C:1E72H         LINE#         98
  C:1E74H         LINE#         99
  C:1E74H         LINE#         100
  C:1E79H         LINE#         101
  C:1E7CH         LINE#         102
  C:1E7CH         LINE#         104
  C:1EB8H         LINE#         105
  C:1EDEH         LINE#         106
  C:1EDEH         LINE#         107
  C:1EF2H         LINE#         108
  C:1EF2H         LINE#         109
  C:1EF3H         LINE#         111
  C:1EF3H         LINE#         112
  C:1F2EH         LINE#         113
  C:1F48H         LINE#         114
  C:1F48H         LINE#         115
  C:1F5CH         LINE#         116
  C:1F5CH         LINE#         117
  C:1F5CH         LINE#         118
  -------         ENDPROC       _SETTINGOPERATIONTIME
  -------         PROC          _CHECKTOUCHPAD
  X:0048H         SYMBOL        tpValue
  C:0A96H         LINE#         125
  C:0A9BH         LINE#         126
  C:0A9BH         LINE#         127
  C:0ADAH         LINE#         128
  C:0ADAH         LINE#         129
  C:0ADAH         LINE#         130
  C:0ADAH         LINE#         131
  C:0ADDH         LINE#         132
  C:0ADDH         LINE#         133
  C:0AE8H         LINE#         134
  C:0AE8H         LINE#         135
  C:0AF0H         LINE#         136
BL51 BANKED LINKER/LOCATER V5.12                                                      02/14/2014  13:40:53  PAGE 11


  C:0AF7H         LINE#         137
  C:0AFDH         LINE#         138
  C:0B00H         LINE#         139
  C:0B00H         LINE#         140
  C:0B00H         LINE#         141
  C:0B03H         LINE#         142
  C:0B03H         LINE#         143
  C:0B0EH         LINE#         144
  C:0B0EH         LINE#         145
  C:0B16H         LINE#         146
  C:0B1DH         LINE#         147
  C:0B24H         LINE#         148
  C:0B28H         LINE#         150
  C:0B2EH         LINE#         151
  C:0B2FH         LINE#         152
  C:0B2FH         LINE#         153
  C:0B31H         LINE#         154
  C:0B31H         LINE#         155
  C:0B3CH         LINE#         156
  C:0B3CH         LINE#         157
  C:0B44H         LINE#         158
  C:0B4BH         LINE#         159
  C:0B51H         LINE#         160
  C:0B53H         LINE#         161
  C:0B53H         LINE#         162
  C:0B56H         LINE#         163
  C:0B56H         LINE#         164
  C:0B61H         LINE#         165
  C:0B61H         LINE#         166
  C:0B69H         LINE#         167
  C:0B70H         LINE#         168
  C:0B75H         LINE#         169
  C:0B76H         LINE#         170
  C:0B76H         LINE#         171
  C:0B79H         LINE#         172
  C:0B79H         LINE#         173
  C:0B84H         LINE#         174
  C:0B84H         LINE#         175
  C:0B8CH         LINE#         176
  C:0B93H         LINE#         177
  C:0B98H         LINE#         178
  C:0B9AH         LINE#         179
  C:0B9AH         LINE#         180
  C:0B9DH         LINE#         181
  C:0B9DH         LINE#         182
  C:0BA8H         LINE#         183
  C:0BA8H         LINE#         184
  C:0BB0H         LINE#         185
  C:0BB7H         LINE#         186
  C:0BBCH         LINE#         187
  C:0BBEH         LINE#         188
  C:0BBEH         LINE#         189
  C:0BC1H         LINE#         190
  C:0BC1H         LINE#         191
  C:0BCCH         LINE#         192
  C:0BCCH         LINE#         193
  C:0BD4H         LINE#         194
BL51 BANKED LINKER/LOCATER V5.12                                                      02/14/2014  13:40:53  PAGE 12


  C:0BDBH         LINE#         195
  C:0BE0H         LINE#         196
  C:0BE2H         LINE#         197
  C:0BE2H         LINE#         198
  C:0BE5H         LINE#         199
  C:0BE5H         LINE#         200
  C:0BF0H         LINE#         201
  C:0BF0H         LINE#         202
  C:0BF8H         LINE#         203
  C:0BFFH         LINE#         204
  C:0C04H         LINE#         205
  C:0C06H         LINE#         206
  C:0C06H         LINE#         207
  C:0C09H         LINE#         208
  C:0C09H         LINE#         209
  C:0C14H         LINE#         210
  C:0C14H         LINE#         211
  C:0C1CH         LINE#         212
  C:0C23H         LINE#         213
  C:0C28H         LINE#         214
  C:0C2AH         LINE#         215
  C:0C2AH         LINE#         216
  C:0C2CH         LINE#         217
  C:0C2CH         LINE#         218
  C:0C37H         LINE#         219
  C:0C37H         LINE#         220
  C:0C3FH         LINE#         221
  C:0C46H         LINE#         222
  C:0C4BH         LINE#         223
  C:0C4DH         LINE#         224
  C:0C4DH         LINE#         225
  C:0C4FH         LINE#         226
  C:0C4FH         LINE#         227
  C:0C5AH         LINE#         228
  C:0C5AH         LINE#         229
  C:0C62H         LINE#         230
  C:0C69H         LINE#         231
  C:0C6EH         LINE#         232
  C:0C70H         LINE#         233
  C:0C70H         LINE#         234
  C:0C72H         LINE#         235
  C:0C72H         LINE#         236
  C:0C7DH         LINE#         237
  C:0C7DH         LINE#         238
  C:0C85H         LINE#         239
  C:0C8CH         LINE#         240
  C:0C91H         LINE#         241
  C:0C96H         LINE#         242
  C:0C96H         LINE#         243
  C:0C99H         LINE#         244
  C:0C99H         LINE#         245
  C:0CA1H         LINE#         246
  C:0CA1H         LINE#         247
  C:0CA9H         LINE#         248
  C:0CB0H         LINE#         250
  C:0CB5H         LINE#         251
  C:0CBBH         LINE#         252
BL51 BANKED LINKER/LOCATER V5.12                                                      02/14/2014  13:40:53  PAGE 13


  C:0CBFH         LINE#         254
  C:0CC4H         LINE#         255
  C:0CCBH         LINE#         257
  C:0CD0H         LINE#         258
  C:0CD1H         LINE#         259
  C:0CD1H         LINE#         260
  C:0CD3H         LINE#         261
  C:0CD3H         LINE#         262
  C:0CDBH         LINE#         263
  C:0CDBH         LINE#         264
  C:0CE3H         LINE#         265
  C:0CEAH         LINE#         266
  C:0CEFH         LINE#         267
  C:0CF0H         LINE#         268
  C:0CF0H         LINE#         269
  C:0CF2H         LINE#         270
  C:0CF2H         LINE#         271
  C:0CF9H         LINE#         272
  C:0CF9H         LINE#         273
  C:0D01H         LINE#         274
  C:0D08H         LINE#         275
  C:0D0DH         LINE#         276
  C:0D11H         LINE#         277
  C:0D11H         LINE#         278
  C:0D13H         LINE#         279
  C:0D13H         LINE#         280
  C:0D18H         LINE#         281
  C:0D18H         LINE#         282
  C:0D18H         LINE#         284
  C:0D27H         LINE#         285
  C:0D27H         LINE#         286
  C:0D2DH         LINE#         287
  C:0D34H         LINE#         288
  C:0D34H         LINE#         290
  C:0D34H         LINE#         291
  C:0D39H         LINE#         292
  C:0D39H         LINE#         293
  -------         ENDPROC       _CHECKTOUCHPAD
  -------         PROC          MAIN
  C:2900H         LINE#         300
  C:2900H         LINE#         301
  C:2900H         LINE#         302
  C:2903H         LINE#         303
  C:2906H         LINE#         304
  C:290DH         LINE#         305
  C:2910H         LINE#         306
  C:2913H         LINE#         307
  C:2916H         LINE#         308
  C:2919H         LINE#         309
  C:291EH         LINE#         310
  C:291EH         LINE#         311
  C:291EH         LINE#         313
  C:2920H         LINE#         314
  C:2926H         LINE#         316
  C:292DH         LINE#         317
  C:292DH         LINE#         318
  C:2930H         LINE#         319
BL51 BANKED LINKER/LOCATER V5.12                                                      02/14/2014  13:40:53  PAGE 14


  C:2935H         LINE#         320
  C:2937H         LINE#         321
  C:293EH         LINE#         322
  C:293EH         LINE#         323
  C:294CH         LINE#         324
  C:294CH         LINE#         325
  C:294FH         LINE#         326
  C:2954H         LINE#         327
  C:295AH         LINE#         328
  C:295AH         LINE#         329
  C:295AH         LINE#         330
  -------         ENDPROC       MAIN
  -------         ENDMOD        MAIN

  -------         MODULE        RA8806
  C:0000H         SYMBOL        _ICE_DUMMY_
  C:275FH         PUBLIC        _drow_picture
  D:0080H         PUBLIC        P0
  D:0090H         PUBLIC        P1
  D:00A0H         PUBLIC        P2
  D:00B0H         PUBLIC        P3
  B:00A0H.2       PUBLIC        CD
  C:0A5EH         PUBLIC        HollowPrism
  C:2F41H         PUBLIC        normal_data
  C:2E0EH         PUBLIC        clear
  C:0A66H         PUBLIC        SolidPrism
  D:00A8H         PUBLIC        IE
  C:2FF8H         PUBLIC        Disable_interrput_TP
  C:2FD0H         PUBLIC        Enable_Maunal_TP
  C:2023H         PUBLIC        _display_rl_kuang
  C:2E25H         PUBLIC        display_all
  B:00A0H.5       PUBLIC        CS
  D:00B8H         PUBLIC        IP
  C:20DBH         PUBLIC        _display_rr_kuang
  C:2193H         PUBLIC        lcd_inital
  C:2831H         PUBLIC        _drow_column_line
  C:2F80H         PUBLIC        OR_Two_Layer
  C:0D3AH         PUBLIC        _SettingDisplay
  C:2DE4H         PUBLIC        _LCD_DataWrite
  C:2E68H         PUBLIC        Show_Two_Layer
  C:2D96H         PUBLIC        LCD_NoInv
  C:2FE4H         PUBLIC        Enable_interrput_TP
  C:0FC8H         PUBLIC        _getTP_Value
  C:1ADEH         PUBLIC        _display_r_kuang
  C:0A2EH         PUBLIC        RoundedBLB
  C:2D38H         PUBLIC        _LCD_CmdRead
  C:2BE5H         PUBLIC        PowerOnDisplay
  C:0A4EH         PUBLIC        RoundedBLF
  C:29B8H         PUBLIC        _drow_point
  C:0A36H         PUBLIC        RoundedBRB
  C:2F02H         PUBLIC        LCD_DataRead
  C:1C26H         PUBLIC        tp_ManualMode
  C:0A56H         PUBLIC        RoundedBRF
  D:0098H         PUBLIC        SCON
  D:0088H         PUBLIC        TCON
  C:3029H         PUBLIC        _LCD_ShowChar
  C:2D7CH         PUBLIC        _LCD_CmdWrite
BL51 BANKED LINKER/LOCATER V5.12                                                      02/14/2014  13:40:53  PAGE 15


  C:2E3CH         PUBLIC        Only_Show_Page1
  C:259EH         PUBLIC        _TP_Response
  C:0A1EH         PUBLIC        RoundedTLB
  C:2E52H         PUBLIC        Only_Show_Page2
  C:0A3EH         PUBLIC        RoundedTLF
  B:00A0H.7       PUBLIC        REST
  C:0A26H         PUBLIC        RoundedTRB
  C:2BB1H         PUBLIC        _enlarge
  C:001EH         PUBLIC        _MainDisplay
  C:0A46H         PUBLIC        RoundedTRF
  B:00A0H.6       PUBLIC        BUSY
  B:00A0H.4       PUBLIC        RD0
  C:2CBDH         PUBLIC        _trans_tpx
  C:2D09H         PUBLIC        _trans_tpy
  C:2FBCH         PUBLIC        Enable_TP
  C:2F94H         PUBLIC        AND_Two_Layer
  C:1F6FH         PUBLIC        _display_kuang
  B:00A0H.3       PUBLIC        WR0
  C:2F2CH         PUBLIC        LCD_Text
  C:2D5AH         PUBLIC        _LCD_GotoXY
  C:2FA8H         PUBLIC        LCD_Inv
  C:27C2H         PUBLIC        _drow_row_line
  C:2EAAH         PUBLIC        Access_Page1
  C:2EC0H         PUBLIC        Access_Page2
  D:00C8H         PUBLIC        T2CON
  C:08B5H         PUBLIC        tab1
  C:2E94H         PUBLIC        NOR_Two_Layer
  C:0A6EH         PUBLIC        Block
  C:2ABCH         PUBLIC        _LCD_ShowStr
  C:2E7EH         PUBLIC        XOR_Two_Layer
  C:2F17H         PUBLIC        LCD_Graphic
  C:2453H         PUBLIC        display_biao
  C:2A12H         PUBLIC        ManipulatorStatusDisplay
  C:0A76H         PUBLIC        RoundedTest
  C:2A65H         PUBLIC        _display_word
  C:2ED6H         PUBLIC        Switch_Latch_X_data
  D:00D0H         PUBLIC        PSW
  C:2EECH         PUBLIC        Switch_Latch_Y_data
  C:2F56H         PUBLIC        reverse_data
  C:2D77H         SYMBOL        L?0320
  -------         PROC          L?0319
  -------         ENDPROC       L?0319
  C:2D77H         SYMBOL        L?0320
  -------         PROC          _LCD_CMDWRITE
  D:0007H         SYMBOL        cmd
  C:2D7CH         LINE#         40
  C:2D7CH         LINE#         41
  C:2D7CH         LINE#         42
  C:2D7EH         LINE#         43
  C:2D80H         LINE#         44
  C:2D82H         LINE#         45
  C:2D84H         LINE#         46
  C:2D86H         LINE#         48
  C:2D88H         LINE#         49
  C:2D8AH         LINE#         50
  C:2D8CH         LINE#         51
  -------         ENDPROC       _LCD_CMDWRITE
BL51 BANKED LINKER/LOCATER V5.12                                                      02/14/2014  13:40:53  PAGE 16


  C:2DE0H         SYMBOL        L?0317
  -------         PROC          L?0316
  -------         ENDPROC       L?0316
  C:2DE0H         SYMBOL        L?0317
  -------         PROC          _LCD_DATAWRITE
  D:0007H         SYMBOL        wdata
  C:2DE4H         LINE#         58
  C:2DE4H         LINE#         59
  C:2DE4H         LINE#         60
  C:2DE7H         LINE#         61
  C:2DE9H         LINE#         62
  C:2DEBH         LINE#         63
  C:2DEDH         LINE#         64
  C:2DEFH         LINE#         65
  C:2DF1H         LINE#         67
  C:2DF3H         LINE#         68
  C:2DF5H         LINE#         69
  -------         ENDPROC       _LCD_DATAWRITE
  -------         PROC          L?0326
  -------         ENDPROC       L?0326
  -------         PROC          _LCD_CMDREAD
  D:0007H         SYMBOL        Addr
  -------         DO            
  D:0007H         SYMBOL        Data
  -------         ENDDO         
  C:2D38H         LINE#         76
  C:2D38H         LINE#         77
  C:2D38H         LINE#         79
  C:2D3AH         LINE#         80
  C:2D3CH         LINE#         81
  C:2D3EH         LINE#         82
  C:2D40H         LINE#         83
  C:2D42H         LINE#         84
  C:2D44H         LINE#         85
  C:2D47H         LINE#         86
  C:2D49H         LINE#         87
  C:2D4BH         LINE#         88
  C:2D4DH         LINE#         89
  C:2D4FH         LINE#         90
  C:2D51H         LINE#         91
  C:2D51H         LINE#         92
  -------         ENDPROC       _LCD_CMDREAD
  -------         PROC          LCD_DATAREAD
  -------         DO            
  D:0007H         SYMBOL        Data
  -------         ENDDO         
  C:2F02H         LINE#         99
  C:2F02H         LINE#         100
  C:2F02H         LINE#         102
  C:2F05H         LINE#         103
  C:2F07H         LINE#         104
  C:2F09H         LINE#         105
  C:2F0BH         LINE#         106
  C:2F0DH         LINE#         107
  C:2F0FH         LINE#         108
  C:2F11H         LINE#         109
  C:2F13H         LINE#         111
BL51 BANKED LINKER/LOCATER V5.12                                                      02/14/2014  13:40:53  PAGE 17


  C:2F16H         LINE#         112
  C:2F16H         LINE#         113
  -------         ENDPROC       LCD_DATAREAD
  -------         PROC          LCD_INITAL
  C:2193H         LINE#         120
  C:2193H         LINE#         121
  C:2193H         LINE#         122
  C:2195H         LINE#         123
  C:219CH         LINE#         124
  C:219EH         LINE#         125
  C:21A5H         LINE#         126
  C:21AAH         LINE#         127
  C:21AFH         LINE#         129
  C:21B4H         LINE#         130
  C:21B9H         LINE#         132
  C:21BBH         LINE#         133
  C:21BEH         LINE#         135
  C:21BEH         LINE#         136
  C:21C1H         LINE#         138
  C:21C3H         LINE#         139
  C:21C6H         LINE#         141
  C:21C8H         LINE#         142
  C:21CBH         LINE#         144
  C:21D0H         LINE#         145
  C:21D4H         LINE#         147
  C:21D9H         LINE#         148
  C:21DEH         LINE#         150
  C:21E3H         LINE#         151
  C:21E8H         LINE#         153
  C:21EDH         LINE#         154
  C:21F2H         LINE#         156
  C:21F7H         LINE#         157
  C:21FCH         LINE#         159
  C:21FEH         LINE#         160
  C:2201H         LINE#         162
  C:2203H         LINE#         163
  C:2206H         LINE#         165
  C:2208H         LINE#         166
  C:220BH         LINE#         168
  C:220DH         LINE#         169
  C:2210H         LINE#         171
  C:2212H         LINE#         172
  C:2215H         LINE#         174
  C:2217H         LINE#         175
  C:221AH         LINE#         177
  C:221CH         LINE#         178
  C:221FH         LINE#         180
  C:2221H         LINE#         181
  C:2224H         LINE#         183
  C:2226H         LINE#         184
  C:2229H         LINE#         186
  C:222EH         LINE#         187
  C:2233H         LINE#         189
  C:2235H         LINE#         190
  C:2238H         LINE#         192
  C:223AH         LINE#         193
  C:223DH         LINE#         195
BL51 BANKED LINKER/LOCATER V5.12                                                      02/14/2014  13:40:53  PAGE 18


  C:2242H         LINE#         196
  -------         ENDPROC       LCD_INITAL
  -------         PROC          L?0328
  -------         ENDPROC       L?0328
  -------         PROC          _LCD_GOTOXY
  D:0006H         SYMBOL        xx
  D:0005H         SYMBOL        yy
  C:2D5AH         LINE#         204
  C:2D5CH         LINE#         205
  C:2D5CH         LINE#         206
  C:2D61H         LINE#         207
  C:2D66H         LINE#         208
  C:2D6BH         LINE#         209
  -------         ENDPROC       _LCD_GOTOXY
  -------         PROC          LCD_GRAPHIC
  -------         DO            
  D:0006H         SYMBOL        temp
  -------         ENDDO         
  C:2F17H         LINE#         217
  C:2F17H         LINE#         218
  C:2F17H         LINE#         220
  C:2F1EH         LINE#         221
  C:2F22H         LINE#         222
  C:2F27H         LINE#         223
  -------         ENDPROC       LCD_GRAPHIC
  -------         PROC          LCD_TEXT
  -------         DO            
  D:0006H         SYMBOL        temp
  -------         ENDDO         
  C:2F2CH         LINE#         231
  C:2F2CH         LINE#         232
  C:2F2CH         LINE#         234
  C:2F33H         LINE#         235
  C:2F37H         LINE#         236
  C:2F3CH         LINE#         237
  -------         ENDPROC       LCD_TEXT
  -------         PROC          ONLY_SHOW_PAGE1
  -------         DO            
  D:0006H         SYMBOL        temp
  -------         ENDDO         
  C:2E3CH         LINE#         245
  C:2E3CH         LINE#         246
  C:2E3CH         LINE#         248
  C:2E43H         LINE#         249
  C:2E46H         LINE#         250
  C:2E49H         LINE#         251
  C:2E4EH         LINE#         252
  -------         ENDPROC       ONLY_SHOW_PAGE1
  -------         PROC          ONLY_SHOW_PAGE2
  -------         DO            
  D:0006H         SYMBOL        temp
  -------         ENDDO         
  C:2E52H         LINE#         260
  C:2E52H         LINE#         261
  C:2E52H         LINE#         263
  C:2E59H         LINE#         264
  C:2E5CH         LINE#         265
BL51 BANKED LINKER/LOCATER V5.12                                                      02/14/2014  13:40:53  PAGE 19


  C:2E5FH         LINE#         266
  C:2E64H         LINE#         267
  -------         ENDPROC       ONLY_SHOW_PAGE2
  -------         PROC          SHOW_TWO_LAYER
  -------         DO            
  D:0006H         SYMBOL        temp
  -------         ENDDO         
  C:2E68H         LINE#         275
  C:2E68H         LINE#         276
  C:2E68H         LINE#         278
  C:2E6FH         LINE#         279
  C:2E72H         LINE#         280
  C:2E75H         LINE#         281
  C:2E7AH         LINE#         282
  -------         ENDPROC       SHOW_TWO_LAYER
  -------         PROC          OR_TWO_LAYER
  -------         DO            
  D:0006H         SYMBOL        temp
  -------         ENDDO         
  C:2F80H         LINE#         290
  C:2F80H         LINE#         291
  C:2F80H         LINE#         293
  C:2F87H         LINE#         294
  C:2F8BH         LINE#         295
  C:2F90H         LINE#         296
  -------         ENDPROC       OR_TWO_LAYER
  -------         PROC          XOR_TWO_LAYER
  -------         DO            
  D:0006H         SYMBOL        temp
  -------         ENDDO         
  C:2E7EH         LINE#         304
  C:2E7EH         LINE#         305
  C:2E7EH         LINE#         307
  C:2E85H         LINE#         308
  C:2E88H         LINE#         309
  C:2E8BH         LINE#         310
  C:2E90H         LINE#         311
  -------         ENDPROC       XOR_TWO_LAYER
  -------         PROC          NOR_TWO_LAYER
  -------         DO            
  D:0006H         SYMBOL        temp
  -------         ENDDO         
  C:2E94H         LINE#         319
  C:2E94H         LINE#         320
  C:2E94H         LINE#         322
  C:2E9BH         LINE#         323
  C:2E9EH         LINE#         324
  C:2EA1H         LINE#         325
  C:2EA6H         LINE#         326
  -------         ENDPROC       NOR_TWO_LAYER
  -------         PROC          AND_TWO_LAYER
  -------         DO            
  D:0006H         SYMBOL        temp
  -------         ENDDO         
  C:2F94H         LINE#         334
  C:2F94H         LINE#         335
  C:2F94H         LINE#         337
BL51 BANKED LINKER/LOCATER V5.12                                                      02/14/2014  13:40:53  PAGE 20


  C:2F9BH         LINE#         338
  C:2F9FH         LINE#         339
  C:2FA4H         LINE#         340
  -------         ENDPROC       AND_TWO_LAYER
  -------         PROC          ACCESS_PAGE1
  -------         DO            
  D:0006H         SYMBOL        temp
  -------         ENDDO         
  C:2EAAH         LINE#         348
  C:2EAAH         LINE#         349
  C:2EAAH         LINE#         351
  C:2EB1H         LINE#         352
  C:2EB4H         LINE#         353
  C:2EB7H         LINE#         354
  C:2EBCH         LINE#         355
  -------         ENDPROC       ACCESS_PAGE1
  -------         PROC          ACCESS_PAGE2
  -------         DO            
  D:0006H         SYMBOL        temp
  -------         ENDDO         
  C:2EC0H         LINE#         363
  C:2EC0H         LINE#         364
  C:2EC0H         LINE#         366
  C:2EC7H         LINE#         367
  C:2ECAH         LINE#         368
  C:2ECDH         LINE#         369
  C:2ED2H         LINE#         370
  -------         ENDPROC       ACCESS_PAGE2
  -------         PROC          CLEAR
  C:2E0EH         LINE#         378
  C:2E0EH         LINE#         379
  C:2E0EH         LINE#         380
  C:2E11H         LINE#         381
  C:2E16H         LINE#         382
  C:2E1BH         LINE#         383
  C:2E20H         LINE#         384
  -------         ENDPROC       CLEAR
  -------         PROC          DISPLAY_ALL
  C:2E25H         LINE#         394
  C:2E25H         LINE#         395
  C:2E25H         LINE#         396
  C:2E28H         LINE#         397
  C:2E2DH         LINE#         398
  C:2E32H         LINE#         399
  C:2E37H         LINE#         400
  -------         ENDPROC       DISPLAY_ALL
  -------         PROC          NORMAL_DATA
  -------         DO            
  D:0006H         SYMBOL        temp
  -------         ENDDO         
  C:2F41H         LINE#         409
  C:2F41H         LINE#         410
  C:2F41H         LINE#         412
  C:2F48H         LINE#         413
  C:2F4CH         LINE#         414
  C:2F51H         LINE#         415
  -------         ENDPROC       NORMAL_DATA
BL51 BANKED LINKER/LOCATER V5.12                                                      02/14/2014  13:40:53  PAGE 21


  -------         PROC          REVERSE_DATA
  -------         DO            
  D:0006H         SYMBOL        temp
  -------         ENDDO         
  C:2F56H         LINE#         423
  C:2F56H         LINE#         424
  C:2F56H         LINE#         426
  C:2F5DH         LINE#         427
  C:2F61H         LINE#         428
  C:2F66H         LINE#         429
  -------         ENDPROC       REVERSE_DATA
  -------         PROC          LCD_INV
  -------         DO            
  D:0006H         SYMBOL        temp
  -------         ENDDO         
  C:2FA8H         LINE#         437
  C:2FA8H         LINE#         438
  C:2FA8H         LINE#         440
  C:2FAFH         LINE#         441
  C:2FB3H         LINE#         442
  C:2FB8H         LINE#         443
  -------         ENDPROC       LCD_INV
  -------         PROC          L?0325
  -------         ENDPROC       L?0325
  -------         PROC          LCD_NOINV
  -------         DO            
  D:0006H         SYMBOL        temp
  -------         ENDDO         
  C:2D96H         LINE#         451
  C:2D96H         LINE#         452
  C:2D96H         LINE#         454
  C:2D9DH         LINE#         455
  C:2DA1H         LINE#         456
  C:2DA6H         LINE#         457
  -------         ENDPROC       LCD_NOINV
  -------         PROC          _ENLARGE
  D:0007H         SYMBOL        i
  C:2BB1H         LINE#         465
  C:2BB1H         LINE#         466
  C:2BB1H         LINE#         467
  C:2BC0H         LINE#         468
  C:2BC0H         LINE#         469
  C:2BC0H         LINE#         470
  C:2BC5H         LINE#         471
  C:2BC7H         LINE#         472
  C:2BC9H         LINE#         473
  C:2BC9H         LINE#         474
  C:2BCEH         LINE#         475
  C:2BD0H         LINE#         476
  C:2BD2H         LINE#         477
  C:2BD2H         LINE#         478
  C:2BD7H         LINE#         479
  C:2BD9H         LINE#         480
  C:2BDBH         LINE#         481
  C:2BDBH         LINE#         482
  C:2BE0H         LINE#         483
  C:2BE4H         LINE#         484
BL51 BANKED LINKER/LOCATER V5.12                                                      02/14/2014  13:40:53  PAGE 22


  C:2BE4H         LINE#         485
  C:2BE4H         LINE#         486
  -------         ENDPROC       _ENLARGE
  -------         PROC          DISPLAY_BIAO
  -------         DO            
  D:0004H         SYMBOL        n0
  D:0002H         SYMBOL        n1
  -------         ENDDO         
  C:2453H         LINE#         493
  C:2453H         LINE#         494
  C:2453H         LINE#         496
  C:2456H         LINE#         497
  C:2459H         LINE#         498
  C:245CH         LINE#         499
  C:245DH         LINE#         500
  C:245DH         LINE#         501
  C:2462H         LINE#         502
  C:246DH         LINE#         503
  C:2470H         LINE#         504
  C:2470H         LINE#         505
  C:2473H         LINE#         506
  C:2473H         LINE#         507
  C:247BH         LINE#         508
  C:2485H         LINE#         509
  C:248AH         LINE#         510
  C:2495H         LINE#         511
  C:24A0H         LINE#         512
  C:24A3H         LINE#         513
  C:24A3H         LINE#         514
  C:24A8H         LINE#         515
  C:24B3H         LINE#         516
  C:24B6H         LINE#         517
  C:24B6H         LINE#         518
  C:24B9H         LINE#         519
  C:24B9H         LINE#         520
  C:24C1H         LINE#         521
  C:24CBH         LINE#         522
  C:24D0H         LINE#         523
  C:24DBH         LINE#         524
  C:24E6H         LINE#         525
  C:24E9H         LINE#         526
  C:24E9H         LINE#         527
  C:24EEH         LINE#         528
  C:24F9H         LINE#         529
  -------         ENDPROC       DISPLAY_BIAO
  -------         PROC          L?0318
  -------         ENDPROC       L?0318
  -------         PROC          _LCD_SHOWSTR
  D:0004H         SYMBOL        xxx
  D:0005H         SYMBOL        yyy
  X:004CH         SYMBOL        text
  C:2ABCH         LINE#         536
  C:2AC7H         LINE#         537
  C:2AC7H         LINE#         538
  C:2AC7H         LINE#         539
  C:2AC7H         LINE#         540
  C:2ACAH         LINE#         541
BL51 BANKED LINKER/LOCATER V5.12                                                      02/14/2014  13:40:53  PAGE 23


  C:2ADAH         LINE#         542
  C:2ADAH         LINE#         543
  C:2AEFH         LINE#         544
  C:2AF1H         LINE#         545
  -------         ENDPROC       _LCD_SHOWSTR
  -------         PROC          L?0327
  -------         ENDPROC       L?0327
  -------         PROC          _LCD_SHOWCHAR
  D:0004H         SYMBOL        xxx
  D:0005H         SYMBOL        yyy
  D:0003H         SYMBOL        text
  C:3029H         LINE#         552
  C:3029H         LINE#         553
  C:3029H         LINE#         554
  C:3029H         LINE#         555
  C:3029H         LINE#         556
  C:302CH         LINE#         557
  -------         ENDPROC       _LCD_SHOWCHAR
  -------         PROC          _DISPLAY_WORD
  X:006CH         SYMBOL        cha
  X:006FH         SYMBOL        count
  -------         DO            
  D:0004H         SYMBOL        iiii
  -------         ENDDO         
  C:2A65H         LINE#         565
  C:2A76H         LINE#         566
  C:2A76H         LINE#         567
  C:2A79H         LINE#         568
  C:2A7CH         LINE#         569
  C:2A7EH         LINE#         570
  C:2A81H         LINE#         571
  C:2A8EH         LINE#         572
  C:2A8EH         LINE#         573
  C:2AA5H         LINE#         574
  C:2AACH         LINE#         575
  -------         ENDPROC       _DISPLAY_WORD
  C:1F5DH         SYMBOL        L?0322
  -------         PROC          L?0321
  -------         ENDPROC       L?0321
  C:1F5DH         SYMBOL        L?0322
  -------         PROC          _DISPLAY_KUANG
  X:0051H         SYMBOL        x_star
  D:0001H         SYMBOL        y_star
  D:0003H         SYMBOL        w
  X:0054H         SYMBOL        h
  X:0055H         SYMBOL        color
  -------         DO            
  D:0004H         SYMBOL        width
  D:0002H         SYMBOL        heigh
  -------         ENDDO         
  C:1F6FH         LINE#         582
  C:1F76H         LINE#         583
  C:1F76H         LINE#         585
  C:1F79H         LINE#         586
  C:1F88H         LINE#         587
  C:1F88H         LINE#         588
  C:1F8BH         LINE#         589
BL51 BANKED LINKER/LOCATER V5.12                                                      02/14/2014  13:40:53  PAGE 24


  C:1F8BH         LINE#         590
  C:1F8EH         LINE#         591
  C:1F98H         LINE#         592
  C:1F98H         LINE#         593
  C:1F9DH         LINE#         594
  C:1FA2H         LINE#         595
  C:1FA5H         LINE#         596
  C:1FA5H         LINE#         597
  C:1FB5H         LINE#         598
  C:1FB5H         LINE#         599
  C:1FBDH         LINE#         600
  C:1FC0H         LINE#         601
  C:1FC6H         LINE#         602
  C:1FC6H         LINE#         603
  C:1FCBH         LINE#         604
  C:1FD5H         LINE#         605
  C:1FD5H         LINE#         606
  C:1FDAH         LINE#         607
  C:1FDDH         LINE#         608
  C:1FDFH         LINE#         609
  C:1FE1H         LINE#         611
  C:1FE1H         LINE#         612
  C:1FE6H         LINE#         613
  C:1FF0H         LINE#         614
  C:1FF0H         LINE#         615
  C:1FF5H         LINE#         616
  C:1FF8H         LINE#         617
  C:1FFDH         LINE#         618
  C:1FFDH         LINE#         619
  C:1FFFH         LINE#         620
  C:2007H         LINE#         621
  C:2007H         LINE#         622
  C:200AH         LINE#         623
  C:2011H         LINE#         624
  C:2011H         LINE#         625
  C:2016H         LINE#         626
  C:201BH         LINE#         627
  C:201EH         LINE#         628
  C:201EH         LINE#         629
  C:2022H         LINE#         630
  -------         ENDPROC       _DISPLAY_KUANG
  C:275BH         SYMBOL        L?0315
  -------         PROC          L?0314
  -------         ENDPROC       L?0314
  C:275BH         SYMBOL        L?0315
  -------         PROC          _DROW_PICTURE
  X:0051H         SYMBOL        x
  X:0052H         SYMBOL        y
  X:0053H         SYMBOL        w
  X:0054H         SYMBOL        h
  X:0055H         SYMBOL        pData
  -------         DO            
  X:0058H         SYMBOL        i
  D:0004H         SYMBOL        j
  -------         ENDDO         
  C:275FH         LINE#         637
  C:276AH         LINE#         638
BL51 BANKED LINKER/LOCATER V5.12                                                      02/14/2014  13:40:53  PAGE 25


  C:276AH         LINE#         640
  C:276DH         LINE#         641
  C:277FH         LINE#         642
  C:277FH         LINE#         643
  C:278BH         LINE#         644
  C:278BH         LINE#         645
  C:279CH         LINE#         646
  C:279FH         LINE#         647
  C:27B6H         LINE#         648
  C:27B9H         LINE#         649
  C:27C1H         LINE#         650
  -------         ENDPROC       _DROW_PICTURE
  -------         PROC          _DROW_POINT
  X:0080H         SYMBOL        x
  D:0002H         SYMBOL        y
  -------         DO            
  X:0082H         SYMBOL        temp
  D:0001H         SYMBOL        temp1
  -------         ENDDO         
  C:29B8H         LINE#         657
  C:29C4H         LINE#         658
  C:29C4H         LINE#         659
  C:29D5H         LINE#         660
  C:29D8H         LINE#         661
  C:29DFH         LINE#         662
  C:29E4H         LINE#         663
  C:29ECH         LINE#         664
  C:29EEH         LINE#         665
  C:29F1H         LINE#         666
  -------         ENDPROC       _DROW_POINT
  -------         PROC          _DROW_ROW_LINE
  X:0060H         SYMBOL        x0
  X:0062H         SYMBOL        y0
  X:0064H         SYMBOL        x1
  -------         DO            
  D:0006H         SYMBOL        temp
  -------         ENDDO         
  C:27C2H         LINE#         674
  C:27DAH         LINE#         675
  C:27DAH         LINE#         677
  C:27E1H         LINE#         678
  C:27E1H         LINE#         679
  C:27E9H         LINE#         680
  C:27F8H         LINE#         681
  C:2800H         LINE#         682
  C:2800H         LINE#         683
  C:2815H         LINE#         684
  C:2815H         LINE#         685
  C:2820H         LINE#         686
  C:282EH         LINE#         687
  C:2830H         LINE#         688
  -------         ENDPROC       _DROW_ROW_LINE
  -------         PROC          _DROW_COLUMN_LINE
  X:0066H         SYMBOL        x0
  X:0068H         SYMBOL        y0
  X:006AH         SYMBOL        y1
  -------         DO            
BL51 BANKED LINKER/LOCATER V5.12                                                      02/14/2014  13:40:53  PAGE 26


  D:0006H         SYMBOL        temp
  -------         ENDDO         
  C:2831H         LINE#         695
  C:2845H         LINE#         696
  C:2845H         LINE#         698
  C:284CH         LINE#         699
  C:284CH         LINE#         700
  C:2854H         LINE#         701
  C:2861H         LINE#         702
  C:2869H         LINE#         703
  C:2869H         LINE#         705
  C:2869H         LINE#         706
  C:287AH         LINE#         707
  C:2888H         LINE#         708
  C:2888H         LINE#         709
  C:289DH         LINE#         710
  -------         ENDPROC       _DROW_COLUMN_LINE
  C:1AD7H         SYMBOL        L?0324
  -------         PROC          L?0323
  -------         ENDPROC       L?0323
  C:1AD7H         SYMBOL        L?0324
  -------         PROC          _DISPLAY_R_KUANG
  X:004CH         SYMBOL        x_star
  X:004DH         SYMBOL        y_star
  X:004EH         SYMBOL        w
  X:004FH         SYMBOL        h
  X:0050H         SYMBOL        color
  C:1ADEH         LINE#         717
  C:1AE9H         LINE#         718
  C:1AE9H         LINE#         719
  C:1AF5H         LINE#         720
  C:1AF5H         LINE#         721
  C:1AF8H         LINE#         722
  C:1B13H         LINE#         723
  C:1B3CH         LINE#         724
  C:1B46H         LINE#         725
  C:1B70H         LINE#         726
  C:1B73H         LINE#         728
  C:1B73H         LINE#         729
  C:1B87H         LINE#         730
  C:1BA6H         LINE#         731
  C:1BCFH         LINE#         732
  C:1BF5H         LINE#         733
  C:1C25H         LINE#         734
  C:1C25H         LINE#         735
  -------         ENDPROC       _DISPLAY_R_KUANG
  -------         PROC          _DISPLAY_RL_KUANG
  X:0071H         SYMBOL        x_star
  X:0072H         SYMBOL        y_star
  X:0073H         SYMBOL        w
  X:0074H         SYMBOL        h
  X:0075H         SYMBOL        color
  C:2023H         LINE#         742
  C:202EH         LINE#         743
  C:202EH         LINE#         744
  C:2037H         LINE#         745
  C:2037H         LINE#         746
BL51 BANKED LINKER/LOCATER V5.12                                                      02/14/2014  13:40:53  PAGE 27


  C:203AH         LINE#         747
  C:2059H         LINE#         748
  C:207CH         LINE#         749
  C:207EH         LINE#         751
  C:207EH         LINE#         752
  C:2092H         LINE#         753
  C:20B1H         LINE#         754
  C:20DAH         LINE#         755
  C:20DAH         LINE#         756
  -------         ENDPROC       _DISPLAY_RL_KUANG
  -------         PROC          _DISPLAY_RR_KUANG
  X:0076H         SYMBOL        x_star
  X:0077H         SYMBOL        y_star
  X:0078H         SYMBOL        w
  X:0079H         SYMBOL        h
  X:007AH         SYMBOL        color
  C:20DBH         LINE#         763
  C:20E6H         LINE#         764
  C:20E6H         LINE#         765
  C:20EFH         LINE#         766
  C:20EFH         LINE#         767
  C:20F2H         LINE#         768
  C:20FCH         LINE#         769
  C:2126H         LINE#         770
  C:2128H         LINE#         772
  C:2128H         LINE#         773
  C:213CH         LINE#         774
  C:2162H         LINE#         775
  C:2192H         LINE#         776
  C:2192H         LINE#         777
  -------         ENDPROC       _DISPLAY_RR_KUANG
  -------         PROC          ENABLE_TP
  -------         DO            
  D:0006H         SYMBOL        temp
  -------         ENDDO         
  C:2FBCH         LINE#         784
  C:2FBCH         LINE#         785
  C:2FBCH         LINE#         787
  C:2FC3H         LINE#         788
  C:2FC7H         LINE#         789
  C:2FCCH         LINE#         790
  -------         ENDPROC       ENABLE_TP
  -------         PROC          ENABLE_MAUNAL_TP
  -------         DO            
  D:0006H         SYMBOL        temp
  -------         ENDDO         
  C:2FD0H         LINE#         798
  C:2FD0H         LINE#         799
  C:2FD0H         LINE#         801
  C:2FD7H         LINE#         802
  C:2FDBH         LINE#         803
  C:2FE0H         LINE#         804
  -------         ENDPROC       ENABLE_MAUNAL_TP
  -------         PROC          ENABLE_INTERRPUT_TP
  -------         DO            
  D:0006H         SYMBOL        temp
  -------         ENDDO         
BL51 BANKED LINKER/LOCATER V5.12                                                      02/14/2014  13:40:53  PAGE 28


  C:2FE4H         LINE#         812
  C:2FE4H         LINE#         813
  C:2FE4H         LINE#         815
  C:2FEBH         LINE#         816
  C:2FEFH         LINE#         817
  C:2FF4H         LINE#         818
  -------         ENDPROC       ENABLE_INTERRPUT_TP
  -------         PROC          DISABLE_INTERRPUT_TP
  -------         DO            
  D:0006H         SYMBOL        temp
  -------         ENDDO         
  C:2FF8H         LINE#         826
  C:2FF8H         LINE#         827
  C:2FF8H         LINE#         829
  C:2FFFH         LINE#         830
  C:3003H         LINE#         831
  C:3008H         LINE#         832
  -------         ENDPROC       DISABLE_INTERRPUT_TP
  -------         PROC          SWITCH_LATCH_X_DATA
  -------         DO            
  D:0006H         SYMBOL        temp
  -------         ENDDO         
  C:2ED6H         LINE#         840
  C:2ED6H         LINE#         841
  C:2ED6H         LINE#         843
  C:2EDDH         LINE#         844
  C:2EE0H         LINE#         845
  C:2EE3H         LINE#         846
  C:2EE8H         LINE#         847
  -------         ENDPROC       SWITCH_LATCH_X_DATA
  -------         PROC          SWITCH_LATCH_Y_DATA
  -------         DO            
  D:0006H         SYMBOL        temp
  -------         ENDDO         
  C:2EECH         LINE#         855
  C:2EECH         LINE#         856
  C:2EECH         LINE#         858
  C:2EF3H         LINE#         859
  C:2EF6H         LINE#         860
  C:2EF9H         LINE#         861
  C:2EFEH         LINE#         862
  -------         ENDPROC       SWITCH_LATCH_Y_DATA
  -------         PROC          _TRANS_TPX
  D:0006H         SYMBOL        x
  -------         DO            
  D:0004H         SYMBOL        tp_x
  D:0004H         SYMBOL        temp
  -------         ENDDO         
  C:2CBDH         LINE#         870
  C:2CBDH         LINE#         871
  C:2CBDH         LINE#         874
  C:2CD7H         LINE#         875
  C:2CE2H         LINE#         876
  C:2CE2H         LINE#         877
  -------         ENDPROC       _TRANS_TPX
  -------         PROC          _TRANS_TPY
  D:0006H         SYMBOL        y
BL51 BANKED LINKER/LOCATER V5.12                                                      02/14/2014  13:40:53  PAGE 29


  -------         DO            
  D:0004H         SYMBOL        tp_y
  D:0004H         SYMBOL        temp
  -------         ENDDO         
  C:2D09H         LINE#         884
  C:2D09H         LINE#         885
  C:2D09H         LINE#         888
  C:2D22H         LINE#         889
  C:2D2DH         LINE#         890
  C:2D2DH         LINE#         891
  -------         ENDPROC       _TRANS_TPY
  -------         PROC          _GETTP_VALUE
  D:0006H         SYMBOL        x_temp
  D:0004H         SYMBOL        y_temp
  -------         DO            
  D:0001H         SYMBOL        result_data
  -------         ENDDO         
  C:0FC8H         LINE#         914
  C:0FC8H         LINE#         915
  C:0FC8H         LINE#         916
  C:0FCAH         LINE#         917
  C:0FD3H         LINE#         918
  C:0FD3H         LINE#         919
  C:0FF4H         LINE#         920
  C:0FF4H         LINE#         921
  C:0FFFH         LINE#         922
  C:0FFFH         LINE#         923
  C:1000H         LINE#         924
  C:1000H         LINE#         925
  C:1003H         LINE#         926
  C:1024H         LINE#         927
  C:1024H         LINE#         928
  C:1026H         LINE#         929
  C:1029H         LINE#         930
  C:1056H         LINE#         931
  C:1056H         LINE#         932
  C:105FH         LINE#         933
  C:105FH         LINE#         934
  C:1061H         LINE#         935
  C:1061H         LINE#         936
  C:1061H         LINE#         937
  C:1064H         LINE#         938
  C:106CH         LINE#         939
  C:106CH         LINE#         940
  C:1099H         LINE#         941
  C:1099H         LINE#         942
  C:109BH         LINE#         943
  C:109BH         LINE#         944
  C:109EH         LINE#         945
  C:10A9H         LINE#         946
  C:10A9H         LINE#         947
  C:10CAH         LINE#         948
  C:10CAH         LINE#         949
  C:10CCH         LINE#         950
  C:10CFH         LINE#         951
  C:10F0H         LINE#         952
  C:10F0H         LINE#         953
BL51 BANKED LINKER/LOCATER V5.12                                                      02/14/2014  13:40:53  PAGE 30


  C:10F2H         LINE#         954
  C:10F5H         LINE#         955
  C:1116H         LINE#         956
  C:1116H         LINE#         957
  C:1118H         LINE#         958
  C:111BH         LINE#         959
  C:113CH         LINE#         960
  C:113CH         LINE#         961
  C:113EH         LINE#         962
  C:1141H         LINE#         963
  C:1162H         LINE#         964
  C:1162H         LINE#         965
  C:1164H         LINE#         966
  C:1167H         LINE#         967
  C:1188H         LINE#         968
  C:1188H         LINE#         969
  C:118AH         LINE#         970
  C:118DH         LINE#         971
  C:11AEH         LINE#         972
  C:11AEH         LINE#         973
  C:11B0H         LINE#         974
  C:11B3H         LINE#         975
  C:11D4H         LINE#         976
  C:11D4H         LINE#         977
  C:11D6H         LINE#         978
  C:11D8H         LINE#         979
  C:11F9H         LINE#         980
  C:11F9H         LINE#         981
  C:11FBH         LINE#         982
  C:11FDH         LINE#         983
  C:121EH         LINE#         984
  C:121EH         LINE#         985
  C:1220H         LINE#         986
  C:1220H         LINE#         987
  C:1222H         LINE#         988
  C:1229H         LINE#         989
  C:1229H         LINE#         990
  C:124AH         LINE#         991
  C:124AH         LINE#         992
  C:124CH         LINE#         993
  C:124CH         LINE#         994
  C:124CH         LINE#         995
  C:124EH         LINE#         996
  -------         ENDPROC       _GETTP_VALUE
  -------         PROC          TP_MANUALMODE
  -------         DO            
  D:0006H         SYMBOL        Touch_Sta_Valid
  D:0007H         SYMBOL        INT_Sta
  D:0005H         SYMBOL        count
  D:0006H         SYMBOL        X1
  X:0048H         SYMBOL        Y1
  D:0005H         SYMBOL        X2
  D:0001H         SYMBOL        Y2
  D:0006H         SYMBOL        temp
  X:0049H         SYMBOL        result_data
  D:0004H         SYMBOL        X
  X:004AH         SYMBOL        Y
BL51 BANKED LINKER/LOCATER V5.12                                                      02/14/2014  13:40:53  PAGE 31


  X:004CH         SYMBOL        x_temp
  D:0004H         SYMBOL        y_temp
  -------         ENDDO         
  C:1C26H         LINE#         1003
  C:1C26H         LINE#         1004
  C:1C26H         LINE#         1005
  C:1C2BH         LINE#         1007
  C:1C2CH         LINE#         1008
  C:1C31H         LINE#         1009
  C:1C36H         LINE#         1010
  C:1C3BH         LINE#         1011
  C:1C3EH         LINE#         1012
  C:1C43H         LINE#         1013
  C:1C4AH         LINE#         1014
  C:1C4AH         LINE#         1015
  C:1C4CH         LINE#         1016
  C:1C4CH         LINE#         1017
  C:1C51H         LINE#         1018
  C:1C54H         LINE#         1019
  C:1C54H         LINE#         1020
  C:1C55H         LINE#         1021
  C:1C57H         LINE#         1022
  C:1C57H         LINE#         1023
  C:1C5BH         LINE#         1024
  C:1C5BH         LINE#         1025
  C:1C5DH         LINE#         1026
  C:1C5DH         LINE#         1027
  C:1C62H         LINE#         1028
  C:1C68H         LINE#         1029
  C:1C68H         LINE#         1030
  C:1C6BH         LINE#         1031
  C:1C72H         LINE#         1032
  C:1C75H         LINE#         1033
  C:1C7CH         LINE#         1034
  C:1C83H         LINE#         1035
  C:1C88H         LINE#         1036
  C:1C8BH         LINE#         1037
  C:1C95H         LINE#         1038
  C:1C95H         LINE#         1039
  C:1C95H         LINE#         1040
  C:1C9CH         LINE#         1041
  C:1C9CH         LINE#         1042
  C:1C9CH         LINE#         1043
  C:1CA3H         LINE#         1044
  C:1CA8H         LINE#         1045
  C:1CABH         LINE#         1046
  C:1CC3H         LINE#         1047
  C:1CF2H         LINE#         1048
  C:1D1AH         LINE#         1049
  C:1D1AH         LINE#         1050
  C:1D29H         LINE#         1051
  C:1D38H         LINE#         1052
  C:1D48H         LINE#         1053
  C:1D48H         LINE#         1054
  C:1D48H         LINE#         1055
  C:1D51H         LINE#         1056
  C:1D51H         LINE#         1057
BL51 BANKED LINKER/LOCATER V5.12                                                      02/14/2014  13:40:53  PAGE 32


  C:1D54H         LINE#         1058
  C:1D54H         LINE#         1059
  C:1D59H         LINE#         1060
  -------         ENDPROC       TP_MANUALMODE
  -------         PROC          _SETTINGDISPLAY
  X:0049H         SYMBOL        settingStatus
  -------         DO            
  X:004AH         SYMBOL        i
  X:004BH         SYMBOL        currentTimeCount
  -------         ENDDO         
  C:0D3AH         LINE#         1067
  C:0D3FH         LINE#         1068
  C:0D3FH         LINE#         1070
  C:0D42H         LINE#         1071
  C:0D45H         LINE#         1073
  C:0D58H         LINE#         1074
  C:0D6BH         LINE#         1076
  C:0D7AH         LINE#         1077
  C:0D7AH         LINE#         1078
  C:0D8EH         LINE#         1079
  C:0D8EH         LINE#         1080
  C:0D9CH         LINE#         1081
  C:0D9EH         LINE#         1083
  C:0D9EH         LINE#         1084
  C:0DB5H         LINE#         1085
  C:0DB5H         LINE#         1086
  C:0DBDH         LINE#         1088
  C:0DC4H         LINE#         1089
  C:0DC4H         LINE#         1090
  C:0DD7H         LINE#         1091
  C:0DD7H         LINE#         1092
  C:0DEAH         LINE#         1094
  C:0DF0H         LINE#         1095
  C:0DF0H         LINE#         1096
  C:0DF3H         LINE#         1097
  C:0DF3H         LINE#         1099
  C:0DF3H         LINE#         1100
  C:0DF3H         LINE#         1101
  C:0DF3H         LINE#         1102
  C:0DF6H         LINE#         1104
  C:0E03H         LINE#         1106
  C:0E10H         LINE#         1107
  C:0E1DH         LINE#         1108
  C:0E2AH         LINE#         1109
  C:0E37H         LINE#         1111
  C:0E44H         LINE#         1112
  C:0E51H         LINE#         1113
  C:0E5EH         LINE#         1115
  C:0E64H         LINE#         1116
  C:0E64H         LINE#         1117
  C:0E88H         LINE#         1118
  C:0E93H         LINE#         1119
  C:0EACH         LINE#         1120
  C:0EB2H         LINE#         1121
  C:0EC7H         LINE#         1122
  C:0ED3H         LINE#         1123
  C:0EE0H         LINE#         1124
BL51 BANKED LINKER/LOCATER V5.12                                                      02/14/2014  13:40:53  PAGE 33


  C:0EEDH         LINE#         1125
  C:0EFAH         LINE#         1127
  C:0F07H         LINE#         1128
  C:0F12H         LINE#         1129
  C:0F1DH         LINE#         1130
  C:0F28H         LINE#         1131
  C:0F33H         LINE#         1132
  C:0F3EH         LINE#         1133
  C:0F49H         LINE#         1134
  C:0F54H         LINE#         1136
  C:0F5BH         LINE#         1137
  C:0F5BH         LINE#         1138
  C:0F68H         LINE#         1139
  C:0F68H         LINE#         1140
  C:0F75H         LINE#         1142
  C:0F7BH         LINE#         1143
  C:0F7BH         LINE#         1144
  C:0F86H         LINE#         1145
  C:0F99H         LINE#         1146
  C:0FA0H         LINE#         1147
  C:0FA8H         LINE#         1148
  C:0FB1H         LINE#         1149
  C:0FB7H         LINE#         1151
  C:0FC2H         LINE#         1152
  C:0FC2H         LINE#         1154
  C:0FC5H         LINE#         1155
  -------         ENDPROC       _SETTINGDISPLAY
  -------         PROC          POWERONDISPLAY
  C:2BE5H         LINE#         1163
  C:2BE5H         LINE#         1164
  C:2BE5H         LINE#         1165
  C:2BE8H         LINE#         1166
  C:2BEBH         LINE#         1167
  C:2BEEH         LINE#         1168
  C:2BF1H         LINE#         1169
  C:2BF4H         LINE#         1170
  C:2BF7H         LINE#         1171
  C:2BFAH         LINE#         1174
  C:2BFFH         LINE#         1175
  C:2C0CH         LINE#         1176
  -------         ENDPROC       POWERONDISPLAY
  -------         PROC          _MAINDISPLAY
  X:0049H         SYMBOL        displayStatus
  -------         DO            
  X:004AH         SYMBOL        i
  D:0002H         SYMBOL        currentTimeCount
  -------         ENDDO         
  C:001EH         LINE#         1184
  C:0023H         LINE#         1185
  C:0023H         LINE#         1187
  C:0026H         LINE#         1188
  C:0029H         LINE#         1190
  C:003BH         LINE#         1191
  C:004CH         LINE#         1193
  C:005BH         LINE#         1194
  C:005BH         LINE#         1195
  C:007CH         LINE#         1196
BL51 BANKED LINKER/LOCATER V5.12                                                      02/14/2014  13:40:53  PAGE 34


  C:00A0H         LINE#         1197
  C:00A8H         LINE#         1198
  C:00B0H         LINE#         1199
  C:00B0H         LINE#         1200
  C:00B6H         LINE#         1201
  C:00B6H         LINE#         1202
  C:00BFH         LINE#         1203
  C:00C1H         LINE#         1204
  C:00C9H         LINE#         1205
  C:00C9H         LINE#         1206
  C:00D3H         LINE#         1207
  C:00D3H         LINE#         1208
  C:00D5H         LINE#         1210
  C:00D5H         LINE#         1211
  C:00DBH         LINE#         1212
  C:00DBH         LINE#         1213
  C:00FCH         LINE#         1214
  C:00FEH         LINE#         1215
  C:0105H         LINE#         1216
  C:0105H         LINE#         1217
  C:0129H         LINE#         1218
  C:0129H         LINE#         1219
  C:0129H         LINE#         1221
  C:0138H         LINE#         1222
  C:0138H         LINE#         1223
  C:014CH         LINE#         1224
  C:014CH         LINE#         1225
  C:015AH         LINE#         1226
  C:015CH         LINE#         1228
  C:015CH         LINE#         1229
  C:0173H         LINE#         1230
  C:0173H         LINE#         1231
  C:017BH         LINE#         1233
  C:0181H         LINE#         1234
  C:0181H         LINE#         1235
  C:0188H         LINE#         1236
  C:0188H         LINE#         1237
  C:019BH         LINE#         1238
  C:019BH         LINE#         1239
  C:01AEH         LINE#         1240
  C:01AEH         LINE#         1241
  C:01BCH         LINE#         1242
  C:01BCH         LINE#         1243
  C:01CFH         LINE#         1244
[...]
  C:05FCH         LINE#         570
  C:060EH         LINE#         571
  C:0613H         LINE#         572
  C:0613H         LINE#         573
  C:0613H         LINE#         574
  C:0615H         LINE#         575
  C:061CH         LINE#         577
  C:061DH         LINE#         578
  C:0620H         LINE#         579
  C:0620H         LINE#         580
  C:0632H         LINE#         581
  C:0632H         LINE#         582
  C:063BH         LINE#         583
  C:063BH         LINE#         584
  C:063DH         LINE#         585
  C:063FH         LINE#         586
BL51 BANKED LINKER/LOCATER V5.12                                                      02/14/2014  13:40:53  PAGE 54


  C:0646H         LINE#         587
  C:0646H         LINE#         588
  C:0648H         LINE#         589
  C:064AH         LINE#         591
  C:064AH         LINE#         592
  C:064CH         LINE#         593
  C:064CH         LINE#         594
  C:0652H         LINE#         595
  C:0656H         LINE#         596
  C:065FH         LINE#         597
  C:065FH         LINE#         598
  C:065FH         LINE#         599
  C:065FH         LINE#         600
  C:0661H         LINE#         601
  C:0666H         LINE#         602
  C:0666H         LINE#         603
  C:0668H         LINE#         604
  C:066AH         LINE#         605
  C:0671H         LINE#         606
  C:0671H         LINE#         607
  C:0673H         LINE#         608
  C:0675H         LINE#         610
  C:0675H         LINE#         611
  C:0677H         LINE#         612
  C:0677H         LINE#         613
  C:067DH         LINE#         614
  C:0681H         LINE#         615
  C:068AH         LINE#         616
  C:068AH         LINE#         617
  C:068DH         LINE#         618
  C:068DH         LINE#         619
  C:068EH         LINE#         621
  C:068EH         LINE#         622
  C:0690H         LINE#         623
  C:0693H         LINE#         624
  C:0693H         LINE#         625
  C:0693H         LINE#         626
  C:0696H         LINE#         627
  C:0696H         LINE#         628
  C:06A0H         LINE#         629
  C:06A0H         LINE#         630
  C:06A6H         LINE#         631
  C:06A8H         LINE#         632
  C:06AAH         LINE#         634
  C:06AEH         LINE#         635
  C:06B4H         LINE#         636
  C:06B4H         LINE#         637
  C:06B7H         LINE#         638
  C:06B7H         LINE#         639
  C:06BAH         LINE#         640
  C:06BAH         LINE#         641
  C:06BDH         LINE#         642
  C:06BDH         LINE#         643
  C:06CFH         LINE#         644
  C:06CFH         LINE#         645
  C:06D8H         LINE#         646
  C:06D8H         LINE#         647
BL51 BANKED LINKER/LOCATER V5.12                                                      02/14/2014  13:40:53  PAGE 55


  C:06DAH         LINE#         648
  C:06DCH         LINE#         649
  C:06E3H         LINE#         650
  C:06E3H         LINE#         651
  C:06E5H         LINE#         652
  C:06E7H         LINE#         654
  C:06E7H         LINE#         655
  C:06E9H         LINE#         656
  C:06E9H         LINE#         657
  C:06EFH         LINE#         658
  C:06F3H         LINE#         659
  C:06F9H         LINE#         660
  C:06F9H         LINE#         661
  C:06FCH         LINE#         662
  C:06FCH         LINE#         663
  C:06FCH         LINE#         664
  C:06FEH         LINE#         665
  C:0703H         LINE#         666
  C:0703H         LINE#         667
  C:0705H         LINE#         668
  C:0707H         LINE#         669
  C:070EH         LINE#         670
  C:070EH         LINE#         671
  C:0710H         LINE#         672
  C:0712H         LINE#         674
  C:0712H         LINE#         675
  C:0714H         LINE#         676
  C:0714H         LINE#         677
  C:071AH         LINE#         678
  C:071EH         LINE#         679
  C:0724H         LINE#         680
  C:0724H         LINE#         681
  C:0727H         LINE#         682
  C:0727H         LINE#         683
  C:072DH         LINE#         684
  C:072EH         LINE#         686
  C:072EH         LINE#         687
  C:0730H         LINE#         688
  C:0736H         LINE#         689
  C:0736H         LINE#         690
  C:0739H         LINE#         691
  C:0739H         LINE#         692
  C:073CH         LINE#         693
  C:073CH         LINE#         694
  C:073CH         LINE#         695
  C:073EH         LINE#         696
  C:073EH         LINE#         697
  C:0740H         LINE#         698
  C:0746H         LINE#         699
  C:074CH         LINE#         700
  C:074CH         LINE#         701
  C:074FH         LINE#         702
  C:074FH         LINE#         703
  C:0755H         LINE#         704
  C:0756H         LINE#         705
  C:0756H         LINE#         706
  C:0759H         LINE#         707
BL51 BANKED LINKER/LOCATER V5.12                                                      02/14/2014  13:40:53  PAGE 56


  C:0759H         LINE#         708
  C:075BH         LINE#         709
  C:0761H         LINE#         710
  C:0766H         LINE#         711
  C:077AH         LINE#         712
  C:078CH         LINE#         713
  C:0791H         LINE#         714
  C:0797H         LINE#         715
  C:0797H         LINE#         716
  C:0798H         LINE#         717
  C:0798H         LINE#         718
  C:0799H         LINE#         719
  C:0799H         LINE#         720
  -------         ENDPROC       _A_UP_DOWN
  -------         PROC          A_MOVE_ENTRANCE
  C:26B9H         LINE#         722
  C:26B9H         LINE#         723
  C:26B9H         LINE#         724
  C:26CAH         LINE#         725
  C:26CAH         LINE#         726
  C:26CAH         LINE#         727
  C:26D0H         LINE#         728
  C:26D0H         LINE#         729
  C:26D2H         LINE#         730
  C:26D2H         LINE#         731
  C:26E1H         LINE#         732
  C:26E1H         LINE#         733
  C:26E3H         LINE#         734
  C:26E9H         LINE#         735
  C:26EDH         LINE#         736
  C:26F3H         LINE#         737
  C:26F3H         LINE#         738
  C:26F6H         LINE#         739
  C:26F6H         LINE#         740
  C:26F6H         LINE#         741
  C:26F6H         LINE#         742
  C:26F8H         LINE#         743
  C:26F8H         LINE#         744
  C:26FBH         LINE#         745
  C:26FBH         LINE#         746
  C:2702H         LINE#         747
  C:2704H         LINE#         748
  C:2706H         LINE#         749
  C:270AH         LINE#         750
  C:270EH         LINE#         751
  C:2714H         LINE#         752
  C:2714H         LINE#         753
  C:2717H         LINE#         754
  C:2717H         LINE#         755
  C:271CH         LINE#         756
  C:2722H         LINE#         757
  C:2722H         LINE#         758
  C:2723H         LINE#         759
  C:2723H         LINE#         760
  C:2732H         LINE#         761
  C:2732H         LINE#         762
  C:2736H         LINE#         763
BL51 BANKED LINKER/LOCATER V5.12                                                      02/14/2014  13:40:53  PAGE 57


  C:273AH         LINE#         764
  C:2740H         LINE#         765
  C:2740H         LINE#         766
  C:2741H         LINE#         767
  C:2741H         LINE#         768
  C:2742H         LINE#         769
  C:2742H         LINE#         770
  -------         ENDPROC       A_MOVE_ENTRANCE
  -------         PROC          MANUALMODE_OPERATION
  C:3031H         LINE#         772
  C:3031H         LINE#         773
  C:3031H         LINE#         774
  C:3033H         LINE#         775
  C:3035H         LINE#         776
  C:3037H         LINE#         777
  C:3039H         LINE#         778
  C:303BH         LINE#         779
  -------         ENDPROC       MANUALMODE_OPERATION
  -------         ENDMOD        OPERATION

  -------         MODULE        DISPATCH
  C:0000H         SYMBOL        _ICE_DUMMY_
  D:0090H         PUBLIC        P1
  D:00B0H         PUBLIC        P3
  D:00A8H         PUBLIC        IE
  C:303CH         PUBLIC        ManualDispatch
  D:00B8H         PUBLIC        IP
  X:007BH         PUBLIC        ManiDispatchCurrent
  X:007CH         PUBLIC        ManualDispatchSteps
  D:0098H         PUBLIC        SCON
  D:0088H         PUBLIC        TCON
  C:124FH         PUBLIC        ManiDispatch
  X:007DH         PUBLIC        ManiDispatchTimer
  X:007FH         PUBLIC        ManiDispatchSteps
  D:00C8H         PUBLIC        T2CON
  D:00D0H         PUBLIC        PSW
  -------         PROC          MANIDISPATCH
  C:124FH         LINE#         30
  C:124FH         LINE#         31
  C:124FH         LINE#         32
  C:127EH         LINE#         33
  C:127EH         LINE#         34
  C:127EH         LINE#         35
  C:1283H         LINE#         36
  C:1288H         LINE#         37
  C:1289H         LINE#         38
  C:1289H         LINE#         39
  C:128CH         LINE#         40
  C:1297H         LINE#         41
  C:1297H         LINE#         42
  C:1297H         LINE#         43
  C:1297H         LINE#         44
  C:129AH         LINE#         45
  C:129AH         LINE#         46
  C:12A1H         LINE#         47
  C:12ACH         LINE#         48
  C:12ACH         LINE#         49
BL51 BANKED LINKER/LOCATER V5.12                                                      02/14/2014  13:40:53  PAGE 58


  C:12ACH         LINE#         50
  C:12ACH         LINE#         51
  C:12AFH         LINE#         52
  C:12AFH         LINE#         53
  C:12B6H         LINE#         54
  C:12C1H         LINE#         55
  C:12C1H         LINE#         56
  C:12C1H         LINE#         57
  C:12C1H         LINE#         58
  C:12C4H         LINE#         59
  C:12C4H         LINE#         60
  C:12CBH         LINE#         61
  C:12D6H         LINE#         62
  C:12D6H         LINE#         63
  C:12D6H         LINE#         64
  C:12D6H         LINE#         65
  C:12D9H         LINE#         66
  C:12D9H         LINE#         67
  C:12E0H         LINE#         68
  C:12EBH         LINE#         69
  C:12EBH         LINE#         70
  C:12EBH         LINE#         71
  C:12EBH         LINE#         72
  C:12EDH         LINE#         73
  C:12EDH         LINE#         74
  C:12F4H         LINE#         75
  C:12FFH         LINE#         76
  C:12FFH         LINE#         77
  C:12FFH         LINE#         78
  C:12FFH         LINE#         79
  C:1301H         LINE#         80
  C:1301H         LINE#         81
  C:1308H         LINE#         82
  C:1313H         LINE#         83
  C:1313H         LINE#         84
  C:1319H         LINE#         86
  C:1324H         LINE#         87
  C:1324H         LINE#         88
  C:1324H         LINE#         89
  C:1324H         LINE#         90
  C:1324H         LINE#         91
  C:1327H         LINE#         92
  C:1327H         LINE#         93
  C:132EH         LINE#         94
  C:1339H         LINE#         95
  C:1339H         LINE#         96
  C:1339H         LINE#         97
  C:1339H         LINE#         98
  C:133BH         LINE#         99
  C:133BH         LINE#         100
  C:1342H         LINE#         101
  C:134DH         LINE#         102
  C:134DH         LINE#         103
  C:134DH         LINE#         104
  C:134DH         LINE#         105
  C:134FH         LINE#         106
  C:134FH         LINE#         107
BL51 BANKED LINKER/LOCATER V5.12                                                      02/14/2014  13:40:53  PAGE 59


  C:1355H         LINE#         108
  C:135CH         LINE#         109
  C:1367H         LINE#         110
  C:1367H         LINE#         111
  C:136BH         LINE#         112
  C:1371H         LINE#         113
  C:1371H         LINE#         114
  C:1372H         LINE#         115
  C:1372H         LINE#         116
  C:1380H         LINE#         117
  C:1380H         LINE#         118
  C:1385H         LINE#         119
  C:138BH         LINE#         120
  C:138CH         LINE#         121
  C:1399H         LINE#         122
  C:1399H         LINE#         123
  C:139EH         LINE#         124
  C:13A4H         LINE#         125
  C:13A5H         LINE#         126
  C:13B2H         LINE#         127
  C:13B2H         LINE#         128
  C:13B7H         LINE#         129
  C:13BDH         LINE#         130
  C:13BEH         LINE#         131
  C:13CBH         LINE#         132
  C:13CBH         LINE#         133
  C:13D0H         LINE#         134
  C:13D6H         LINE#         135
  C:13D7H         LINE#         136
  C:13E5H         LINE#         137
  C:13E5H         LINE#         138
  C:13EAH         LINE#         139
  C:13F0H         LINE#         140
  C:13F1H         LINE#         141
  C:13FBH         LINE#         142
  C:13FBH         LINE#         143
  C:1400H         LINE#         144
  C:1406H         LINE#         145
  C:1407H         LINE#         146
  C:1414H         LINE#         147
  C:1414H         LINE#         148
  C:1419H         LINE#         149
  C:141FH         LINE#         150
  C:1420H         LINE#         151
  C:142DH         LINE#         152
  C:142DH         LINE#         153
  C:1432H         LINE#         154
  C:1438H         LINE#         155
  C:1439H         LINE#         156
  C:1443H         LINE#         157
  C:1443H         LINE#         158
  C:1448H         LINE#         159
  C:144EH         LINE#         160
  C:144EH         LINE#         161
  C:144FH         LINE#         162
  C:144FH         LINE#         163
  C:1450H         LINE#         164
BL51 BANKED LINKER/LOCATER V5.12                                                      02/14/2014  13:40:53  PAGE 60


  C:1450H         LINE#         165
  -------         ENDPROC       MANIDISPATCH
  -------         PROC          MANUALDISPATCH
  C:303CH         LINE#         167
  C:303CH         LINE#         168
  C:303CH         LINE#         169
  C:3042H         LINE#         170
  -------         ENDPROC       MANUALDISPATCH
  -------         ENDMOD        DISPATCH

  -------         MODULE        KEY
  C:0000H         SYMBOL        _ICE_DUMMY_
  D:0090H         PUBLIC        P1
  D:00B0H         PUBLIC        P3
  X:0087H         PUBLIC        Key_Scan_Steps
  D:00A8H         PUBLIC        IE
  C:295CH         PUBLIC        Key_Scan
  D:00B8H         PUBLIC        IP
  D:0098H         PUBLIC        SCON
  D:0088H         PUBLIC        TCON
  B:0090H.6       PUBLIC        Key_In
  B:0090H.5       PUBLIC        Key_Out
  D:00C8H         PUBLIC        T2CON
  D:00D0H         PUBLIC        PSW
  -------         PROC          KEY_SCAN
  C:295CH         LINE#         18
  C:295CH         LINE#         19
  C:295CH         LINE#         20
  C:296DH         LINE#         21
  C:296DH         LINE#         22
  C:296DH         LINE#         23
  C:2973H         LINE#         24
  C:2973H         LINE#         25
  C:2979H         LINE#         26
  C:2979H         LINE#         27
  C:297AH         LINE#         28
  C:297AH         LINE#         29
  C:2980H         LINE#         30
  C:2980H         LINE#         31
  C:2986H         LINE#         32
  C:2987H         LINE#         38
  C:2987H         LINE#         39
  C:298AH         LINE#         40
  C:298AH         LINE#         41
  C:2990H         LINE#         42
  C:2995H         LINE#         43
  C:2995H         LINE#         44
  C:2998H         LINE#         45
  C:2998H         LINE#         46
  C:299EH         LINE#         47
  C:29A3H         LINE#         48
  C:29A3H         LINE#         49
  C:29A9H         LINE#         50
  C:29AAH         LINE#         51
  C:29AAH         LINE#         52
  C:29B0H         LINE#         53
  C:29B0H         LINE#         54
BL51 BANKED LINKER/LOCATER V5.12                                                      02/14/2014  13:40:53  PAGE 61


  C:29B5H         LINE#         55
  C:29B5H         LINE#         56
  C:29B6H         LINE#         57
  C:29B6H         LINE#         58
  C:29B7H         LINE#         59
  C:29B7H         LINE#         60
  -------         ENDPROC       KEY_SCAN
  -------         ENDMOD        KEY

  -------         MODULE        ?C?CLDPTR
  C:1451H         PUBLIC        ?C?CLDPTR
  -------         ENDMOD        ?C?CLDPTR

  -------         MODULE        ?C?IMUL
  C:146AH         PUBLIC        ?C?IMUL
  -------         ENDMOD        ?C?IMUL

  -------         MODULE        ?C?UIDIV
  C:147CH         PUBLIC        ?C?UIDIV
  -------         ENDMOD        ?C?UIDIV

  -------         MODULE        ?C?IILDX
  C:14D1H         PUBLIC        ?C?IILDX
  -------         ENDMOD        ?C?IILDX

  -------         MODULE        ?C?ILDIX
  C:14E7H         PUBLIC        ?C?ILDIX
  -------         ENDMOD        ?C?ILDIX

  -------         MODULE        ?C?LMUL
  C:14FDH         PUBLIC        ?C?LMUL
  -------         ENDMOD        ?C?LMUL

  -------         MODULE        ?C?SLDIV
  C:2B36H         PUBLIC        ?C?SLDIV
  -------         ENDMOD        ?C?SLDIV

  -------         MODULE        ?C?CCASE
  C:154CH         PUBLIC        ?C?CCASE
  -------         ENDMOD        ?C?CCASE

  -------         MODULE        ?C?ULDIV
  C:15AEH         PUBLIC        ?C?ULDIV
  -------         ENDMOD        ?C?ULDIV

*** WARNING L16: UNCALLED SEGMENT, IGNORED FOR OVERLAY PROCESS
    SEGMENT: ?PR?ONLY_SHOW_PAGE2?RA8806

*** WARNING L16: UNCALLED SEGMENT, IGNORED FOR OVERLAY PROCESS
    SEGMENT: ?PR?OR_TWO_LAYER?RA8806

*** WARNING L16: UNCALLED SEGMENT, IGNORED FOR OVERLAY PROCESS
    SEGMENT: ?PR?NOR_TWO_LAYER?RA8806

*** WARNING L16: UNCALLED SEGMENT, IGNORED FOR OVERLAY PROCESS
    SEGMENT: ?PR?AND_TWO_LAYER?RA8806

BL51 BANKED LINKER/LOCATER V5.12                                                      02/14/2014  13:40:53  PAGE 62


*** WARNING L16: UNCALLED SEGMENT, IGNORED FOR OVERLAY PROCESS
    SEGMENT: ?PR?DISPLAY_ALL?RA8806

*** WARNING L16: UNCALLED SEGMENT, IGNORED FOR OVERLAY PROCESS
    SEGMENT: ?PR?REVERSE_DATA?RA8806

*** WARNING L16: UNCALLED SEGMENT, IGNORED FOR OVERLAY PROCESS
    SEGMENT: ?PR?LCD_INV?RA8806

*** WARNING L16: UNCALLED SEGMENT, IGNORED FOR OVERLAY PROCESS
    SEGMENT: ?PR?DISPLAY_BIAO?RA8806

*** WARNING L16: UNCALLED SEGMENT, IGNORED FOR OVERLAY PROCESS
    SEGMENT: ?PR?_DISPLAY_WORD?RA8806

*** WARNING L16: UNCALLED SEGMENT, IGNORED FOR OVERLAY PROCESS
    SEGMENT: ?PR?_DROW_ROW_LINE?RA8806

*** WARNING L16: UNCALLED SEGMENT, IGNORED FOR OVERLAY PROCESS
    SEGMENT: ?PR?_DROW_COLUMN_LINE?RA8806

*** WARNING L16: UNCALLED SEGMENT, IGNORED FOR OVERLAY PROCESS
    SEGMENT: ?PR?_DISPLAY_RL_KUANG?RA8806

*** WARNING L16: UNCALLED SEGMENT, IGNORED FOR OVERLAY PROCESS
    SEGMENT: ?PR?_DISPLAY_RR_KUANG?RA8806

*** WARNING L16: UNCALLED SEGMENT, IGNORED FOR OVERLAY PROCESS
    SEGMENT: ?PR?ENABLE_INTERRPUT_TP?RA8806

*** WARNING L16: UNCALLED SEGMENT, IGNORED FOR OVERLAY PROCESS
    SEGMENT: ?PR?DISABLE_INTERRPUT_TP?RA8806

*** WARNING L16: UNCALLED SEGMENT, IGNORED FOR OVERLAY PROCESS
    SEGMENT: ?PR?_A_MOVE?OPERATION

*** WARNING L16: UNCALLED SEGMENT, IGNORED FOR OVERLAY PROCESS
    SEGMENT: ?PR?_A_DOWN?OPERATION

*** WARNING L16: UNCALLED SEGMENT, IGNORED FOR OVERLAY PROCESS
    SEGMENT: ?PR?_A_UP?OPERATION

Program Size: data=17.0 xdata=136 code=12349
LINK/LOCATE RUN COMPLETE.  18 WARNING(S),  0 ERROR(S)
