C51 COMPILER V7.50   DISPATCH                                                              04/12/2014 22:05:25 PAGE 1   


C51 COMPILER V7.50, COMPILATION OF MODULE DISPATCH
OBJECT MODULE PLACED IN .\output\dispatch.obj
COMPILER INVOKED BY: C:\Keil\C51\BIN\C51.EXE source\dispatch.c LARGE BROWSE INCDIR(.\include\) DEBUG OBJECTEXTEND PRINT(
                    -.\listing\dispatch.lst) OBJECT(.\output\dispatch.obj)

line level    source

   1          #include <reg52.h>
   2          #include <position.h>
   3          #include <parameter.h>
   4          #include <basefunc.h>
   5          #include <operation.h>
   6          #include <intrins.h>
   7          #include <dispatch.h>
   8          
   9          void ManiDispatch(void); //械臂调度操作
  10          void ManualDispatch(void); //手动状态下机械臂检测
  11          
  12          uchar ManiDispatchSteps = 0;    //0：开机状态（机械臂在最下面，槽1为空）
  13                                                                          //1：机械臂移动到进口位置
  14                                                                          //2：出口空，并且6号槽就绪
  15                                                                          //3：6号槽空，并且5号就绪
  16                                                                          //4：5号槽空，并且4号就绪
  17                                                                          //5：4号槽空，并且3号就绪
  18                                                                          //6：3号槽空，并且2号就绪
  19                                                                          //7：3号槽空，并且1号就绪
  20                                                                          //8：2号槽空，并且入口就绪
  21                                                                          //9：1号槽空，并且入口就绪
  22                                                                          //10：10：入口空，并且出口就绪
  23                                                                          //20：检测空槽
  24                                                                          //100：空操作
  25          
  26          uchar ManualDispatchSteps = 0;
  27          
  28          uint ManiDispatchTimer = 0; //机械臂调度定时器                                                  
  29          uchar ManiDispatchCurrent = 0; //当前操作的框
  30          
  31          
  32          void ManiDispatch(void)
  33          {
  34   1              switch(ManiDispatchSteps)
  35   1              {
  36   2                      case 0: //0：开机状态（机械臂在最下面，槽1为空）
  37   2                              A_Move_Entrance_Steps = 0;
  38   2                              ManiDispatchSteps = 1;
  39   2                      break;
  40   2                      case 1: //1：机械臂移动到进口位置
  41   2                              A_Move_Entrance();
  42   2                              if(A_Move_Entrance_Steps == 100)
  43   2                              {
  44   3                                      ManiDispatchSteps = 20;
  45   3                              }
  46   2                      break;
  47   2                      case 2:  //2：出口空，并且6号槽就绪
  48   2                              A_Up_Down(12,14);
  49   2                              if(A_Up_Down_Steps == 100)
  50   2                              {
  51   3                                      ManiDispatchSteps = 20;
  52   3                              } 
  53   2                      break;
  54   2                      case 3:  //3：6号槽空，并且5号就绪
C51 COMPILER V7.50   DISPATCH                                                              04/12/2014 22:05:25 PAGE 2   

  55   2                              A_Up_Down(10,12);
  56   2                              if(A_Up_Down_Steps == 100)
  57   2                              {
  58   3                                      ManiDispatchSteps = 20;
  59   3                              }
  60   2                      break;
  61   2                      case 4:  //4：5号槽空，并且4号就绪
  62   2                              A_Up_Down(8,10);
  63   2                              if(A_Up_Down_Steps == 100)
  64   2                              {
  65   3                                      ManiDispatchSteps = 20;
  66   3                              }
  67   2                      break;
  68   2                      case 5:  //5：4号槽空，并且3号就绪
  69   2                              A_Up_Down(6,8);
  70   2                              if(A_Up_Down_Steps == 100)
  71   2                              {
  72   3                                      ManiDispatchSteps = 20;
  73   3                              }
  74   2                      break;
  75   2                      case 6:  //6：3号槽空，并且2号就绪
  76   2                              A_Up_Down(4,6);
  77   2                              if(A_Up_Down_Steps == 100)
  78   2                              {
  79   3                                      ManiDispatchSteps = 20;
  80   3                              }
  81   2                      break;
  82   2                      case 7:  //7：3号槽空，并且1号就绪
  83   2                              A_Up_Down(2,6);
  84   2                              if(A_Up_Down_Steps == 100)
  85   2                              {
  86   3                                      ManiDispatchSteps = 20;
  87   3                                      //下班检测
  88   3                                      if(displayMode == PowerOffing)
  89   3                                      {
  90   4                                              displayMode = PowerOffed;
  91   4                                      }
  92   3                              }
  93   2                      break;
  94   2                      case 8:  //8：2号槽空，并且入口就绪
  95   2                              A_Up_Down(0,4);
  96   2                              if(A_Up_Down_Steps == 100)
  97   2                              {
  98   3                                      ManiDispatchSteps = 20;
  99   3                              }
 100   2                      break;
 101   2                      case 9:  //9：1号槽空，并且入口就绪
 102   2                              A_Up_Down(0,2);
 103   2                              if(A_Up_Down_Steps == 100)
 104   2                              {
 105   3                                      ManiDispatchSteps = 20;
 106   3                              }
 107   2                      break;
 108   2                      case 10: //10：入口空，并且出口就绪
 109   2                              speedUpFlag = 1; //开启加速模式
 110   2                              A_Up_Down(14,0);
 111   2                              if(A_Up_Down_Steps == 100)
 112   2                              {
 113   3                                      speedUpFlag = 0;   //关闭加速模式
 114   3                                      ManiDispatchSteps = 20;
 115   3                              }
 116   2                      break;
C51 COMPILER V7.50   DISPATCH                                                              04/12/2014 22:05:25 PAGE 3   

 117   2                      case 20:
 118   2                              if(cistern[7].cisternStatus == Empty && cistern[6].cisternStatus == Ready)
 119   2                              {
 120   3                                      A_Up_Down_Steps = 0;
 121   3                                      timeBetweenOpeartionDry = timeBetweenOpeartion;
 122   3                                      ManiDispatchSteps = 2;   
 123   3                              }
 124   2                              else if(cistern[6].cisternStatus == Empty && cistern[5].cisternStatus == Ready)
 125   2                              {
 126   3                                      A_Up_Down_Steps = 0;
 127   3                                      timeBetweenOpeartionDry = timeBetweenOpeartion;
 128   3                                      ManiDispatchSteps = 3;
 129   3                              }
 130   2                              else if(cistern[5].cisternStatus == Empty && cistern[4].cisternStatus == Ready)
 131   2                              {
 132   3                                      A_Up_Down_Steps = 0;
 133   3                                      timeBetweenOpeartionDry = 90;
 134   3                                      ManiDispatchSteps = 4;
 135   3                              }
 136   2                              else if(cistern[4].cisternStatus == Empty && cistern[3].cisternStatus == Ready)
 137   2                              {
 138   3                                      A_Up_Down_Steps = 0;
 139   3                                      timeBetweenOpeartionDry = timeBetweenOpeartion;
 140   3                                      ManiDispatchSteps = 5;
 141   3                              }
 142   2                              else if(cistern[3].cisternStatus == Empty)
 143   2                              {
 144   3                                      if(cistern[2].cisternStatus == Ready && cistern[1].cisternStatus == InCounting) //二号槽就绪
 145   3                                      {
 146   4                                              A_Up_Down_Steps = 0;
 147   4                                              timeBetweenOpeartionDry = 90;
 148   4                                              ManiDispatchSteps = 6;
 149   4                                      }
 150   3                                      else if(cistern[1].cisternStatus == Ready && cistern[2].cisternStatus == InCounting) //一号槽就绪
 151   3                                      {
 152   4                                              A_Up_Down_Steps = 0;
 153   4                                              timeBetweenOpeartionDry = 90;
 154   4                                              ManiDispatchSteps = 7;
 155   4                                      }
 156   3                                      else if(cistern[1].cisternStatus == Ready && cistern[2].cisternStatus == Ready) //一号二号都就绪
 157   3                                      {
 158   4                                              if(cistern[1].currentTime > cistern[2].currentTime)
 159   4                                              {
 160   5                                                      A_Up_Down_Steps = 0;
 161   5                                                      timeBetweenOpeartionDry = 90;
 162   5                                                      ManiDispatchSteps = 7;  
 163   5                                              }
 164   4                                              else
 165   4                                              {
 166   5                                                      A_Up_Down_Steps = 0;
 167   5                                                      timeBetweenOpeartionDry = 90;
 168   5                                                      ManiDispatchSteps = 6;  
 169   5                                              }
 170   4                                      }
 171   3                              }
 172   2                              else if(cistern[2].cisternStatus == Empty && cistern[0].cisternStatus == Ready)
 173   2                              {
 174   3                                      A_Up_Down_Steps = 0;
 175   3                                      timeBetweenOpeartionDry = timeBetweenOpeartion;
 176   3                                      ManiDispatchSteps = 8;
 177   3                              }
 178   2                              else if(cistern[1].cisternStatus == Empty && cistern[0].cisternStatus == Ready)
C51 COMPILER V7.50   DISPATCH                                                              04/12/2014 22:05:25 PAGE 4   

 179   2                              {
 180   3                                      A_Up_Down_Steps = 0;
 181   3                                      timeBetweenOpeartionDry = timeBetweenOpeartion;
 182   3                                      ManiDispatchSteps = 9;
 183   3                              }
 184   2                              else if(cistern[0].cisternStatus == Empty && cistern[7].cisternStatus == Ready)
 185   2                              {
 186   3                                      A_Up_Down_Steps = 0;
 187   3                                      timeBetweenOpeartionDry = timeBetweenOpeartion;
 188   3                                      ManiDispatchSteps = 10;
 189   3                              }
 190   2                      break;
 191   2                      default:
 192   2                               _nop_();
 193   2              }
 194   1      }
 195          
 196          void ManualDispatch(void)
 197          {
 198   1              ManiDispatchSteps = 20;
 199   1              ManualMode_Operation();
 200   1      }


MODULE INFORMATION:   STATIC OVERLAYABLE
   CODE SIZE        =    649    ----
   CONSTANT SIZE    =   ----    ----
   XDATA SIZE       =      5    ----
   PDATA SIZE       =   ----    ----
   DATA SIZE        =   ----    ----
   IDATA SIZE       =   ----    ----
   BIT SIZE         =   ----    ----
END OF MODULE INFORMATION.


C51 COMPILATION COMPLETE.  0 WARNING(S),  0 ERROR(S)
