C51 COMPILER V7.50   OPERATION                                                             04/07/2014 23:41:37 PAGE 1   


C51 COMPILER V7.50, COMPILATION OF MODULE OPERATION
OBJECT MODULE PLACED IN .\output\operation.obj
COMPILER INVOKED BY: C:\Keil\C51\BIN\C51.EXE source\operation.c LARGE BROWSE INCDIR(.\include\) DEBUG OBJECTEXTEND PRINT
                    -(.\listing\operation.lst) OBJECT(.\output\operation.obj)

line level    source

   1          #include <reg52.h>
   2          #include <position.h>
   3          #include <parameter.h>
   4          #include <basefunc.h>
   5          #include <operation.h>
   6          #include <intrins.h>
   7          
   8          sbit MotorLeft = P2^0; //机械臂向进口移动电机
   9          sbit MotorRight = P2^1; //机械臂向出口移动电机
  10          sbit ManiUp =  P1^0; //机械臂向上移动电机
  11          sbit ManiDown =  P1^1; //机械臂向下移动电机
  12          sbit MotorSpeedUp =  P1^2; //出口到进口空槽机械臂加速
  13          
  14          sbit sensorInput = P3^0; //进口位置感应
  15          sbit sensorManiTop = P3^1; //机械臂在顶端位置感应
  16          sbit sensorManiBut = P3^2; //机械臂在低端位置感应
  17          sbit sensorOutput = P3^3; //出位置感应
  18          
  19          /*
  20          void A_Move(uchar move_cisternNumber);          //机械臂A移动到cisternNumber号槽位置
  21          uchar A_Move_Steps = 100;                               //0：机械臂初始状态
  22                                                                                          //1：机械臂A定位前等待
  23                                                                                          //2：机械臂A定位
  24                                                                                          //100：机械臂空操作             
  25                                  
  26                                                                  
  27          void A_Down(uchar down_cisternNumber);          //机械臂A放产品框到cisternNumber号槽
  28          uchar A_Down_Steps = 100;                               //0：机械臂初始状态
  29                                                                                          //1：机械臂A定位前等待
  30                                                                                          //2：机械臂A定位
  31                                                                                          //3：机械臂A向下前等待
  32                                                                                          //4：机械臂A向下
  33                                                                                          //100：机械臂空操作
  34                                                                                          
  35          void A_Up(uchar up_cisternNumber);              //机械臂A提起cisternNumber号槽里面的产品框
  36          uchar A_Up_Steps = 100;                                 //0：机械臂初始状态
  37                                                                                          //1：机械臂A定位前等待
  38                                                                                          //2：机械臂A定位
  39                                                                                          //3：机械臂A向上前等待
  40                                                                                          //4：机械臂A向上
  41                                                                                          //100：机械臂空操作
  42          */
  43          void A_Up_Down(uchar upCisternNumber, uchar downCisternNumber); //机械臂提起upCisternNumber槽里面框放到dow
             -nCisternNumber槽
  44          uchar A_Up_Down_Steps = 100;                    //0：机械臂初始状态
  45                                                                                          //1：机械臂提起upCisternNumber槽中的框
  46                                                                                          //2：机械臂放框到downCisternNumber槽中
  47                                                                                          //100：机械臂空操作
  48          
  49          unsigned int timeBetweenOpeartionDry = timeBetweenOpeartion;            //机械臂调起后悬挂晾干时间
  50          
  51          
  52          void A_Move_Entrance(void);             //机械臂A移动到进口槽位置
  53          uchar A_Move_Entrance_Steps = 100;              //0：机械臂初始状态
C51 COMPILER V7.50   OPERATION                                                             04/07/2014 23:41:37 PAGE 2   

  54                                                                                          //1：机械臂A定位前等待
  55                                                                                          //2：机械臂A定位
  56                                                                                          //3：机械臂定位后等待
  57                                                                                          //100：机械臂空操作     
  58                                                                                          
  59          void ManualMode_Operation(void);  //手动模式                                                                                                                                                            
  60                                                                                          
  61          uint ManiOperationTimer = 0; //机械臂操作定时器
  62          
  63          void A_Up_Down(uchar upCisternNumber, uchar downCisternNumber)
  64          {
  65   1              switch(A_Up_Down_Steps)
  66   1              {
  67   2                      case 0:         //0：机械臂初始状态
  68   2                              ManiOperationTimer = 0;
  69   2                              A_Up_Down_Steps ++;
  70   2                      break;
  71   2                      case 1:         //1：机械臂A定位前等待
  72   2                              if(ManiOperationTimer > timeBetweenOpeartion) //定时时间到
  73   2                              {
  74   3                                      if(manipulator.currentPosition > upCisternNumber) //当前机械臂在cisternNumber号槽右边
  75   3                                      {
  76   4                                              MotorLeft = 0; //行车向左
  77   4                                              MotorRight = 1;
  78   4                                              drivingDirect = DGoEntrance;
  79   4                                              manipulator.manipulaterStatus = GoEntrance;
  80   4                                              if(displayFlag == 0)
  81   4                                              {
  82   5                                                      displayFlag = 2;
  83   5                                              }
  84   4                                      }
  85   3                                      else if(manipulator.currentPosition < upCisternNumber)
  86   3                                      {
  87   4                                              MotorLeft = 1;  
  88   4                                              MotorRight = 0; //行车向右      
  89   4                                              drivingDirect = GoOutfall;
  90   4                                              manipulator.manipulaterStatus = DGoOutfall;
  91   4                                              if(displayFlag == 0)
  92   4                                              {
  93   5                                                      displayFlag = 2;
  94   5                                              }
  95   4                                      }
  96   3                                      else
  97   3                                      {
  98   4                                              MotorSpeedUp = 1;
  99   4                                              A_Up_Down_Steps++;      
 100   4                                      }       
 101   3                              }
 102   2                      break;
 103   2                      case 2:         //2：机械臂A定位
 104   2                              if(manipulator.currentPosition == upCisternNumber)
 105   2                              {
 106   3                                      ManiOperationTimer = 0;
 107   3                                      MotorLeft = 1;
 108   3                                      MotorRight = 1;
 109   3                                      //drivingDirect = DStop;
 110   3                                      manipulator.manipulaterStatus = Stop;
 111   3                                      if(displayFlag == 0)
 112   3                                      {
 113   4                                              displayFlag = 2;
 114   4                                      }
 115   3                                      A_Up_Down_Steps ++;
C51 COMPILER V7.50   OPERATION                                                             04/07/2014 23:41:37 PAGE 3   

 116   3                              }
 117   2                      break;
 118   2                      case 3:         //1：机械臂A定位前等待
 119   2                              if(ManiOperationTimer > timeBetweenOpeartion) //定时时间到
 120   2                              {
 121   3                                              MotorSpeedUp = 1;
 122   3                                              if(displayFlag == 0)
 123   3                                              {
 124   4                                                      displayFlag = 2;
 125   4                                              }
 126   3                                              A_Up_Down_Steps ++;     
 127   3                              }
 128   2                      break;
 129   2                      case 4:
 130   2                              ManiUp = 0;
 131   2                              manipulator.manipulaterStatus = GoUp;
 132   2                              if(displayFlag == 0)
 133   2                              {
 134   3                                      displayFlag = 2;
 135   3                              }
 136   2                              A_Up_Down_Steps++;
 137   2                      break;
 138   2                      case 5:         //4：机械臂A向上 
 139   2                              if(sensorManiTop == 0) //机械臂A顶端感应器感应到
 140   2                              {
 141   3                                      ManiUp = 1;
 142   3                                      manipulator.manipulatorPosition = Top;
 143   3                                      manipulator.manipulaterStatus = Stop;   
 144   3                                      cistern[upCisternNumber/2].cisternStatus = Empty;//标记当前槽为满
 145   3                                      cistern[upCisternNumber/2].currentTime = 0;//清除当前槽计时时间
 146   3                                      displayFlag = 1;
 147   3                                      A_Up_Down_Steps ++;
 148   3                              }
 149   2                      break;
 150   2                      case 6:         //0：机械臂初始状态
 151   2                              ManiOperationTimer = 0;
 152   2                              A_Up_Down_Steps ++;
 153   2                      break;
 154   2                      case 7:         //1：机械臂A定位前等待
 155   2                              if(ManiOperationTimer > timeBetweenOpeartionDry) //定时时间到
 156   2                              {
 157   3                                      if(manipulator.currentPosition > downCisternNumber) //当前机械臂在cisternNumber号槽右边
 158   3                                      {
 159   4                                              MotorLeft = 0; //行车向左
 160   4                                              MotorRight = 1;
 161   4                                              drivingDirect = DGoEntrance;
 162   4                                              manipulator.manipulaterStatus = GoEntrance;
 163   4                                              if(displayFlag == 0)
 164   4                                              {
 165   5                                                      displayFlag = 2;
 166   5                                              }
 167   4                                      }
 168   3                                      else if(manipulator.currentPosition < downCisternNumber)
 169   3                                      {
 170   4                                              MotorLeft = 1;
 171   4                                              MotorRight = 0; //行车向右
 172   4      
 173   4                                              drivingDirect = GoOutfall;
 174   4                                              manipulator.manipulaterStatus = DGoOutfall;
 175   4                                              if(displayFlag == 0)
 176   4                                              {
 177   5                                                      displayFlag = 2;
C51 COMPILER V7.50   OPERATION                                                             04/07/2014 23:41:37 PAGE 4   

 178   5                                              }
 179   4                                      }
 180   3                                      else
 181   3                                      {
 182   4                                              MotorSpeedUp = 1;
 183   4                                              A_Up_Down_Steps++;      
 184   4                                      }       
 185   3                              }
 186   2                      break;
 187   2                      case 8:         //2：机械臂A定位
 188   2                              if(manipulator.currentPosition == downCisternNumber)
 189   2                              {
 190   3                                      ManiOperationTimer = 0;
 191   3                                      MotorLeft = 1;
 192   3                                      MotorRight = 1;
 193   3                                      //drivingDirect = DStop;
 194   3                                      manipulator.manipulaterStatus = Stop;
 195   3                                      if(displayFlag == 0)
 196   3                                      {
 197   4                                              displayFlag = 2;
 198   4                                      }
 199   3                                      A_Up_Down_Steps ++;
 200   3                              }
 201   2                      break;
 202   2                      case 9:         //1：机械臂A定位前等待
 203   2                              if(ManiOperationTimer > timeBetweenOpeartion) //定时时间到
 204   2                              {
 205   3                                              MotorSpeedUp = 1;
 206   3                                              if(displayFlag == 0)
 207   3                                              {
 208   4                                                      displayFlag = 2;
 209   4                                              }
 210   3                                              A_Up_Down_Steps ++;     
 211   3                              }
 212   2                      break;
 213   2                      case 10:
 214   2                              ManiDown = 0;
 215   2                              manipulator.manipulaterStatus = GoDown;
 216   2                              if(displayFlag == 0)
 217   2                              {
 218   3                                      displayFlag = 2;
 219   3                              }
 220   2                              A_Up_Down_Steps++;
 221   2                      break;
 222   2                      case 11:                //4：机械臂A向下 
 223   2                              if(sensorManiBut == 0) //机械臂A底端感应器感应到
 224   2                              {
 225   3                                      ManiDown = 1;
 226   3                                      manipulator.manipulatorPosition = Bottom;
 227   3                                      manipulator.manipulaterStatus = Stop;   
 228   3                                      cistern[downCisternNumber/2].cisternStatus = InCounting;//标记当前槽为满
 229   3                                      cistern[downCisternNumber/2].currentTime = 0;//清除当前槽计时时间
 230   3                                      displayFlag = 1;
 231   3                                      A_Up_Down_Steps = 100;
 232   3                              }
 233   2                      break;
 234   2                      default:
 235   2                                _nop_();
 236   2              }       
 237   1      }
 238          
 239          void A_Move_Entrance(void)
C51 COMPILER V7.50   OPERATION                                                             04/07/2014 23:41:37 PAGE 5   

 240          {
 241   1              switch(A_Move_Entrance_Steps)
 242   1              {
 243   2                      case 0:         //0：机械臂初始状态
 244   2                              ManiOperationTimer = 0;
 245   2                              A_Move_Entrance_Steps ++;
 246   2                      break;
 247   2                      case 1:         //1：机械臂A定位前等待
 248   2                              if(ManiOperationTimer > timeBetweenOpeartion) //定时时间到
 249   2                              {
 250   3                                      MotorLeft = 0; //行车向左
 251   3                                      drivingDirect = DGoEntrance;
 252   3                                      manipulator.manipulaterStatus = GoEntrance;
 253   3                                      if(displayFlag == 0)
 254   3                                      {
 255   4                                              displayFlag = 2;
 256   4                                      }
 257   3                                      A_Move_Entrance_Steps++;
 258   3                              }
 259   2                      break;
 260   2                      case 2:         //2：机械臂A定位
 261   2                              if(sensorInput == 0)
 262   2                              {
 263   3                                      ManiOperationTimer = 0;
 264   3                                      MotorLeft = 1;
 265   3                                      MotorRight = 1;
 266   3                                      drivingDirect = DStop;
 267   3                                      manipulator.manipulaterStatus = Stop;
 268   3                                      if(displayFlag == 0)
 269   3                                      {
 270   4                                              displayFlag = 2;
 271   4                                      }
 272   3                                      manipulator.currentPosition = 0;
 273   3                                      A_Move_Entrance_Steps ++;
 274   3                              }
 275   2                      break;
 276   2                      case 3:         //2：机械臂A定位
 277   2                              if(ManiOperationTimer > timeBetweenOpeartion) //定时时间到
 278   2                              {
 279   3                                      ManiOperationTimer = 0;
 280   3                                      manipulator.currentPosition = 0;
 281   3                                      A_Move_Entrance_Steps = 100;
 282   3                              }
 283   2                      break;
 284   2                      default:
 285   2                                _nop_();
 286   2              }
 287   1      }
 288          
 289          void ManualMode_Operation(void)
 290          {
 291   1              MotorLeft = 1;
 292   1              MotorRight = 1;
 293   1              ManiUp =  1;
 294   1              ManiDown =  1;
 295   1              MotorSpeedUp =  1;      
 296   1      }


MODULE INFORMATION:   STATIC OVERLAYABLE
   CODE SIZE        =    712    ----
   CONSTANT SIZE    =   ----    ----
C51 COMPILER V7.50   OPERATION                                                             04/07/2014 23:41:37 PAGE 6   

   XDATA SIZE       =      6    ----
   PDATA SIZE       =   ----    ----
   DATA SIZE        =   ----    ----
   IDATA SIZE       =   ----    ----
   BIT SIZE         =   ----    ----
END OF MODULE INFORMATION.


C51 COMPILATION COMPLETE.  0 WARNING(S),  0 ERROR(S)
