C51 COMPILER V7.50   OPERATION                                                             04/06/2014 20:12:02 PAGE 1   


C51 COMPILER V7.50, COMPILATION OF MODULE OPERATION
OBJECT MODULE PLACED IN .\output\operation.obj
COMPILER INVOKED BY: C:\Keil\C51\BIN\C51.EXE source\operation.c LARGE BROWSE INCDIR(.\include\) DEBUG OBJECTEXTEND PRINT
                    -(.\listing\operation.lst) OBJECT(.\output\operation.obj)

line level    source

   1          #include <reg52.h>
   2          #include <position.h>
   3          #include <parameter.h>
   4          #include <basefunc.h>
   5          #include <operation.h>
   6          #include <intrins.h>
   7          
   8          sbit MotorLeft = P2^0; //机械臂向进口移动电机
   9          sbit MotorRight = P2^1; //机械臂向出口移动电机
  10          sbit ManiUp =  P1^0; //机械臂向上移动电机
  11          sbit ManiDown =  P1^1; //机械臂向下移动电机
  12          sbit MotorSpeedUp =  P1^2; //出口到进口空槽机械臂加速
  13          
  14          sbit sensorInput = P3^0; //进口位置感应
  15          sbit sensorManiTop = P3^1; //机械臂在顶端位置感应
  16          sbit sensorManiBut = P3^2; //机械臂在低端位置感应
  17          sbit sensorOutput = P3^3; //出位置感应
  18          
  19          /*
  20          void A_Move(uchar move_cisternNumber);          //机械臂A移动到cisternNumber号槽位置
  21          uchar A_Move_Steps = 100;                               //0：机械臂初始状态
  22                                                                                          //1：机械臂A定位前等待
  23                                                                                          //2：机械臂A定位
  24                                                                                          //100：机械臂空操作             
  25                                  
  26                                                                  
  27          void A_Down(uchar down_cisternNumber);          //机械臂A放产品框到cisternNumber号槽
  28          uchar A_Down_Steps = 100;                               //0：机械臂初始状态
  29                                                                                          //1：机械臂A定位前等待
  30                                                                                          //2：机械臂A定位
  31                                                                                          //3：机械臂A向下前等待
  32                                                                                          //4：机械臂A向下
  33                                                                                          //100：机械臂空操作
  34                                                                                          
  35          void A_Up(uchar up_cisternNumber);              //机械臂A提起cisternNumber号槽里面的产品框
  36          uchar A_Up_Steps = 100;                                 //0：机械臂初始状态
  37                                                                                          //1：机械臂A定位前等待
  38                                                                                          //2：机械臂A定位
  39                                                                                          //3：机械臂A向上前等待
  40                                                                                          //4：机械臂A向上
  41                                                                                          //100：机械臂空操作
  42          */
  43          void A_Up_Down(uchar upCisternNumber, uchar downCisternNumber); //机械臂提起upCisternNumber槽里面框放到dow
             -nCisternNumber槽
  44          uchar A_Up_Down_Steps = 100;                    //0：机械臂初始状态
  45                                                                                          //1：机械臂提起upCisternNumber槽中的框
  46                                                                                          //2：机械臂放框到downCisternNumber槽中
  47                                                                                          //100：机械臂空操作
  48          
  49          unsigned int timeBetweenOpeartionDry = timeBetweenOpeartion;            //机械臂调起后悬挂晾干时间
  50          
  51          
  52          void A_Move_Entrance(void);             //机械臂A移动到进口槽位置
  53          uchar A_Move_Entrance_Steps = 100;              //0：机械臂初始状态
C51 COMPILER V7.50   OPERATION                                                             04/06/2014 20:12:02 PAGE 2   

  54                                                                                          //1：机械臂A定位前等待
  55                                                                                          //2：机械臂A定位
  56                                                                                          //3：机械臂定位后等待
  57                                                                                          //100：机械臂空操作     
  58                                                                                          
  59          void ManualMode_Operation(void);  //手动模式                                                                                                                                                            
  60                                                                                          
  61          uint ManiOperationTimer = 0; //机械臂操作定时器
  62          
  63          void A_Up_Down(uchar upCisternNumber, uchar downCisternNumber)
  64          {
  65   1              switch(A_Up_Down_Steps)
  66   1              {
  67   2                      case 0:         //0：机械臂初始状态
  68   2                              ManiOperationTimer = 0;
  69   2                              A_Up_Down_Steps ++;
  70   2                      break;
  71   2                      case 1:         //1：机械臂A定位前等待
  72   2                              if(ManiOperationTimer > timeBetweenOpeartion) //定时时间到
  73   2                              {
  74   3                                      if(manipulator.currentPosition > upCisternNumber) //当前机械臂在cisternNumber号槽右边
  75   3                                      {
  76   4                                              MotorRight = 1;
  77   4                                              if(speedUpFlag == 1)//开启加速模式
  78   4                                              {
  79   5                                                      MotorLeft = 1; //行车向左
  80   5                                                      MotorSpeedUp = 0;       
  81   5                                              }
  82   4                                              else
  83   4                                              {
  84   5                                                      MotorLeft = 0; //行车向左
  85   5                                                      MotorSpeedUp = 1;
  86   5                                              }
  87   4                                              drivingDirect = DGoEntrance;
  88   4                                              manipulator.manipulaterStatus = GoEntrance;
  89   4                                              if(displayFlag == 0)
  90   4                                              {
  91   5                                                      displayFlag = 2;
  92   5                                              }
  93   4                                      }
  94   3                                      else if(manipulator.currentPosition < upCisternNumber)
  95   3                                      {
  96   4                                              MotorLeft = 1;  
  97   4                                              MotorRight = 0; //行车向右      
  98   4                                              drivingDirect = GoOutfall;
  99   4                                              manipulator.manipulaterStatus = DGoOutfall;
 100   4                                              if(displayFlag == 0)
 101   4                                              {
 102   5                                                      displayFlag = 2;
 103   5                                              }
 104   4                                      }
 105   3                                      else
 106   3                                      {
 107   4                                              MotorSpeedUp = 1;
 108   4                                              A_Up_Down_Steps++;      
 109   4                                      }       
 110   3                              }
 111   2                      break;
 112   2                      case 2:         //2：机械臂A定位
 113   2                              if(manipulator.currentPosition == upCisternNumber)
 114   2                              {
 115   3                                      ManiOperationTimer = 0;
C51 COMPILER V7.50   OPERATION                                                             04/06/2014 20:12:02 PAGE 3   

 116   3                                      MotorLeft = 1;
 117   3                                      MotorRight = 1;
 118   3                                      //drivingDirect = DStop;
 119   3                                      manipulator.manipulaterStatus = Stop;
 120   3                                      if(displayFlag == 0)
 121   3                                      {
 122   4                                              displayFlag = 2;
 123   4                                      }
 124   3                                      A_Up_Down_Steps ++;
 125   3                              }
 126   2                      break;
 127   2                      case 3:         //1：机械臂A定位前等待
 128   2                              if(ManiOperationTimer > timeBetweenOpeartion) //定时时间到
 129   2                              {
 130   3                                      if(manipulator.currentPosition > upCisternNumber) //当前机械臂在cisternNumber号槽右边
 131   3                                      {                                       
 132   4                                              MotorRight = 1;
 133   4                                              if(speedUpFlag == 1)
 134   4                                              {
 135   5                                                      MotorLeft = 1; //行车向左
 136   5                                                      MotorSpeedUp = 0;       
 137   5                                              }
 138   4                                              else
 139   4                                              {
 140   5                                                      MotorLeft = 0; //行车向左
 141   5                                                      MotorSpeedUp = 1;
 142   5                                              }
 143   4                                              drivingDirect = DGoEntrance;
 144   4                                              manipulator.manipulaterStatus = GoEntrance;
 145   4                                              if(displayFlag == 0)
 146   4                                              {
 147   5                                                      displayFlag = 2;
 148   5                                              }
 149   4                                              A_Up_Down_Steps = 2;
 150   4                                      }
 151   3                                      else if(manipulator.currentPosition < upCisternNumber)
 152   3                                      {
 153   4                                              MotorLeft = 1;
 154   4                                              MotorRight = 0; //行车向右
 155   4      
 156   4                                              drivingDirect = GoOutfall;
 157   4                                              manipulator.manipulaterStatus = DGoOutfall;
 158   4                                              if(displayFlag == 0)
 159   4                                              {
 160   5                                                      displayFlag = 2;
 161   5                                              }
 162   4                                              A_Up_Down_Steps = 2;
 163   4                                      }
 164   3                                      else
 165   3                                      {
 166   4                                              MotorSpeedUp = 1;
 167   4                                              if(displayFlag == 0)
 168   4                                              {
 169   5                                                      displayFlag = 2;
 170   5                                              }
 171   4                                              A_Up_Down_Steps ++;     
 172   4                                      }       
 173   3                              }
 174   2                      break;
 175   2                      case 4:
 176   2                              ManiUp = 0;
 177   2                              manipulator.manipulaterStatus = GoUp;
C51 COMPILER V7.50   OPERATION                                                             04/06/2014 20:12:02 PAGE 4   

 178   2                              if(displayFlag == 0)
 179   2                              {
 180   3                                      displayFlag = 2;
 181   3                              }
 182   2                              A_Up_Down_Steps++;
 183   2                      break;
 184   2                      case 5:         //4：机械臂A向上 
 185   2                              if(sensorManiTop == 0) //机械臂A顶端感应器感应到
 186   2                              {
 187   3                                      ManiUp = 1;
 188   3                                      manipulator.manipulatorPosition = Top;
 189   3                                      manipulator.manipulaterStatus = Stop;   
 190   3                                      cistern[upCisternNumber/2].cisternStatus = Empty;//标记当前槽为满
 191   3                                      cistern[upCisternNumber/2].currentTime = 0;//清除当前槽计时时间
 192   3                                      displayFlag = 1;
 193   3                                      A_Up_Down_Steps ++;
 194   3                              }
 195   2                      break;
 196   2                      case 6:         //0：机械臂初始状态
 197   2                              ManiOperationTimer = 0;
 198   2                              A_Up_Down_Steps ++;
 199   2                      break;
 200   2                      case 7:         //1：机械臂A定位前等待
 201   2                              if(ManiOperationTimer > timeBetweenOpeartionDry) //定时时间到
 202   2                              {
 203   3                                      if(manipulator.currentPosition > downCisternNumber) //当前机械臂在cisternNumber号槽右边
 204   3                                      {
 205   4                                              MotorRight = 1;
 206   4                                              if(speedUpFlag == 1)
 207   4                                              {
 208   5                                                      MotorSpeedUp = 0;
 209   5                                                      MotorLeft = 1; //行车向左       
 210   5                                              }
 211   4                                              else
 212   4                                              {
 213   5                                                      MotorSpeedUp = 1;
 214   5                                                      MotorLeft = 0; //行车向左
 215   5                                              }
 216   4                                              drivingDirect = DGoEntrance;
 217   4                                              manipulator.manipulaterStatus = GoEntrance;
 218   4                                              if(displayFlag == 0)
 219   4                                              {
 220   5                                                      displayFlag = 2;
 221   5                                              }
 222   4                                      }
 223   3                                      else if(manipulator.currentPosition < downCisternNumber)
 224   3                                      {
 225   4                                              MotorLeft = 1;
 226   4                                              MotorRight = 0; //行车向右
 227   4      
 228   4                                              drivingDirect = GoOutfall;
 229   4                                              manipulator.manipulaterStatus = DGoOutfall;
 230   4                                              if(displayFlag == 0)
 231   4                                              {
 232   5                                                      displayFlag = 2;
 233   5                                              }
 234   4                                      }
 235   3                                      else
 236   3                                      {
 237   4                                              MotorSpeedUp = 1;
 238   4                                              A_Up_Down_Steps++;      
 239   4                                      }       
C51 COMPILER V7.50   OPERATION                                                             04/06/2014 20:12:02 PAGE 5   

 240   3                              }
 241   2                      break;
 242   2                      case 8:         //2：机械臂A定位
 243   2                              if(manipulator.currentPosition == downCisternNumber)
 244   2                              {
 245   3                                      ManiOperationTimer = 0;
 246   3                                      MotorLeft = 1;
 247   3                                      MotorRight = 1;
 248   3                                      //drivingDirect = DStop;
 249   3                                      manipulator.manipulaterStatus = Stop;
 250   3                                      if(displayFlag == 0)
 251   3                                      {
 252   4                                              displayFlag = 2;
 253   4                                      }
 254   3                                      A_Up_Down_Steps ++;
 255   3                              }
 256   2                      break;
 257   2                      case 9:         //1：机械臂A定位前等待
 258   2                              if(ManiOperationTimer > timeBetweenOpeartion) //定时时间到
 259   2                              {
 260   3                                      if(manipulator.currentPosition > downCisternNumber) //当前机械臂在cisternNumber号槽右边
 261   3                                      {
 262   4                                              MotorRight = 1;
 263   4                                              if(speedUpFlag == 1)
 264   4                                              {
 265   5                                                      MotorSpeedUp = 0;
 266   5                                                      MotorLeft = 1; //行车向左       
 267   5                                              }
 268   4                                              else
 269   4                                              {
 270   5                                                      MotorSpeedUp = 1;
 271   5                                                      MotorLeft = 0; //行车向左
 272   5                                              }
 273   4                                              drivingDirect = DGoEntrance;
 274   4                                              manipulator.manipulaterStatus = GoEntrance;
 275   4                                              if(displayFlag == 0)
 276   4                                              {
 277   5                                                      displayFlag = 2;
 278   5                                              }
 279   4                                              A_Up_Down_Steps = 8;
 280   4                                      }
 281   3                                      else if(manipulator.currentPosition < downCisternNumber)
 282   3                                      {
 283   4                                              MotorLeft = 1;
 284   4                                              MotorRight = 0; //行车向右
 285   4      
 286   4                                              drivingDirect = GoOutfall;
 287   4                                              manipulator.manipulaterStatus = DGoOutfall;
 288   4                                              if(displayFlag == 0)
 289   4                                              {
 290   5                                                      displayFlag = 2;
 291   5                                              }
 292   4                                              A_Up_Down_Steps = 8;
 293   4                                      }
 294   3                                      else
 295   3                                      {
 296   4                                              MotorSpeedUp = 1;
 297   4                                              if(displayFlag == 0)
 298   4                                              {
 299   5                                                      displayFlag = 2;
 300   5                                              }
 301   4                                              A_Up_Down_Steps ++;     
C51 COMPILER V7.50   OPERATION                                                             04/06/2014 20:12:02 PAGE 6   

 302   4                                      }       
 303   3                              }
 304   2                      break;
 305   2                      case 10:
 306   2                              ManiDown = 0;
 307   2                              manipulator.manipulaterStatus = GoDown;
 308   2                              if(displayFlag == 0)
 309   2                              {
 310   3                                      displayFlag = 2;
 311   3                              }
 312   2                              A_Up_Down_Steps++;
 313   2                      break;
 314   2                      case 11:                //4：机械臂A向下 
 315   2                              if(sensorManiBut == 0) //机械臂A底端感应器感应到
 316   2                              {
 317   3                                      ManiDown = 1;
 318   3                                      manipulator.manipulatorPosition = Bottom;
 319   3                                      manipulator.manipulaterStatus = Stop;   
 320   3                                      cistern[downCisternNumber/2].cisternStatus = InCounting;//标记当前槽为满
 321   3                                      cistern[downCisternNumber/2].currentTime = 0;//清除当前槽计时时间
 322   3                                      displayFlag = 1;
 323   3                                      A_Up_Down_Steps = 100;
 324   3                              }
 325   2                      break;
 326   2                      default:
 327   2                                _nop_();
 328   2              }       
 329   1      }
 330          
 331          void A_Move_Entrance(void)
 332          {
 333   1              switch(A_Move_Entrance_Steps)
 334   1              {
 335   2                      case 0:         //0：机械臂初始状态
 336   2                              ManiOperationTimer = 0;
 337   2                              A_Move_Entrance_Steps ++;
 338   2                      break;
 339   2                      case 1:         //1：机械臂A定位前等待
 340   2                              if(ManiOperationTimer > timeBetweenOpeartion) //定时时间到
 341   2                              {
 342   3                                      MotorLeft = 0; //行车向左
 343   3                                      drivingDirect = DGoEntrance;
 344   3                                      manipulator.manipulaterStatus = GoEntrance;
 345   3                                      if(displayFlag == 0)
 346   3                                      {
 347   4                                              displayFlag = 2;
 348   4                                      }
 349   3                                      A_Move_Entrance_Steps++;
 350   3                              }
 351   2                      break;
 352   2                      case 2:         //2：机械臂A定位
 353   2                              if(sensorInput == 0)
 354   2                              {
 355   3                                      ManiOperationTimer = 0;
 356   3                                      MotorLeft = 1;
 357   3                                      MotorRight = 1;
 358   3                                      drivingDirect = DStop;
 359   3                                      manipulator.manipulaterStatus = Stop;
 360   3                                      if(displayFlag == 0)
 361   3                                      {
 362   4                                              displayFlag = 2;
 363   4                                      }
C51 COMPILER V7.50   OPERATION                                                             04/06/2014 20:12:02 PAGE 7   

 364   3                                      manipulator.currentPosition = 0;
 365   3                                      A_Move_Entrance_Steps ++;
 366   3                              }
 367   2                      break;
 368   2                      case 3:         //2：机械臂A定位
 369   2                              if(ManiOperationTimer > timeBetweenOpeartion) //定时时间到
 370   2                              {
 371   3                                      ManiOperationTimer = 0;
 372   3                                      manipulator.currentPosition = 0;
 373   3                                      A_Move_Entrance_Steps = 100;
 374   3                              }
 375   2                      break;
 376   2                      default:
 377   2                                _nop_();
 378   2              }
 379   1      }
 380          
 381          void ManualMode_Operation(void)
 382          {
 383   1              MotorLeft = 1;
 384   1              MotorRight = 1;
 385   1              ManiUp =  1;
 386   1              ManiDown =  1;
 387   1              MotorSpeedUp =  1;      
 388   1      }


MODULE INFORMATION:   STATIC OVERLAYABLE
   CODE SIZE        =    914    ----
   CONSTANT SIZE    =   ----    ----
   XDATA SIZE       =      6    ----
   PDATA SIZE       =   ----    ----
   DATA SIZE        =   ----    ----
   IDATA SIZE       =   ----    ----
   BIT SIZE         =   ----    ----
END OF MODULE INFORMATION.


C51 COMPILATION COMPLETE.  0 WARNING(S),  0 ERROR(S)
