BL51 BANKED LINKER/LOCATER V5.12                                                        04/07/2014  12:45:21  PAGE 1


BL51 BANKED LINKER/LOCATER V5.12, INVOKED BY:
C:\KEIL\C51\BIN\BL51.EXE .\output\STARTUP.obj, .\output\main.obj, .\output\ra8806.obj, .\output\basefunc.obj, .\output\p
>> arameter.obj, .\output\eeprom.obj, .\output\timer.obj, .\output\position.obj, .\output\operation.obj, .\output\dispat
>> ch.obj, .\output\key.obj TO .\output\SoakControl PRINT (.\listing\SoakControl.m51) RAMSIZE (256) XDATA (0X0000-0X03FE
>> )


MEMORY MODEL: LARGE


INPUT MODULES INCLUDED:
  .\output\STARTUP.obj (?C_STARTUP)
  .\output\main.obj (MAIN)
  .\output\ra8806.obj (RA8806)
  .\output\basefunc.obj (BASEFUNC)
  .\output\parameter.obj (PARAMETER)
  .\output\eeprom.obj (EEPROM)
  .\output\timer.obj (TIMER)
  .\output\position.obj (POSITION)
  .\output\operation.obj (OPERATION)
  .\output\dispatch.obj (DISPATCH)
  .\output\key.obj (KEY)
  C:\KEIL\C51\LIB\C51L.LIB (?C_INIT)
  C:\KEIL\C51\LIB\C51L.LIB (?C?CLDPTR)
  C:\KEIL\C51\LIB\C51L.LIB (?C?IMUL)
  C:\KEIL\C51\LIB\C51L.LIB (?C?UIDIV)
  C:\KEIL\C51\LIB\C51L.LIB (?C?IILDX)
  C:\KEIL\C51\LIB\C51L.LIB (?C?ILDIX)
  C:\KEIL\C51\LIB\C51L.LIB (?C?LMUL)
  C:\KEIL\C51\LIB\C51L.LIB (?C?SLDIV)
  C:\KEIL\C51\LIB\C51L.LIB (?C?CCASE)
  C:\KEIL\C51\LIB\C51L.LIB (?C?ULDIV)


LINK MAP OF MODULE:  .\output\SoakControl (?C_STARTUP)


            TYPE    BASE      LENGTH    RELOCATION   SEGMENT NAME
            -----------------------------------------------------

            * * * * * * *   D A T A   M E M O R Y   * * * * * * *
            REG     0000H     0008H     ABSOLUTE     "REG BANK 0"
            REG     0008H     0008H     ABSOLUTE     "REG BANK 1"
            IDATA   0010H     0001H     UNIT         ?STACK

            * * * * * * *  X D A T A   M E M O R Y  * * * * * * *
            XDATA   0000H     0048H     UNIT         ?XD?PARAMETER
            XDATA   0048H     0011H     UNIT         _XDATA_GROUP_
            XDATA   0059H     0006H     UNIT         ?XD?OPERATION
            XDATA   005FH     0005H     UNIT         ?XD?DISPATCH
            XDATA   0064H     0003H     UNIT         ?XD?TIMER
            XDATA   0067H     0001H     UNIT         ?XD?MAIN
            XDATA   0068H     0001H     UNIT         ?XD?POSITION
            XDATA   0069H     0001H     UNIT         ?XD?KEY

            * * * * * * *   C O D E   M E M O R Y   * * * * * * *
            CODE    0000H     0003H     ABSOLUTE     
                    0003H     0008H                  *** GAP ***
BL51 BANKED LINKER/LOCATER V5.12                                                      04/07/2014  12:45:21  PAGE 2


            CODE    000BH     0003H     ABSOLUTE     
            CODE    000EH     000DH     UNIT         ?PR?IAPIDLE?EEPROM
            CODE    001BH     0003H     ABSOLUTE     
            CODE    001EH     0449H     UNIT         ?PR?_MAINDISPLAY?RA8806
            CODE    0467H     02FCH     UNIT         ?CO?RA8806
            CODE    0763H     02C0H     UNIT         ?PR?_A_UP_DOWN?OPERATION
            CODE    0A23H     02A4H     UNIT         ?PR?_CHECKTOUCHPAD?MAIN
            CODE    0CC7H     0287H     UNIT         ?PR?_GETTP_VALUE?RA8806
            CODE    0F4EH     027EH     UNIT         ?PR?_SETTINGDISPLAY?RA8806
            CODE    11CCH     0247H     UNIT         ?PR?MANIDISPATCH?DISPATCH
            CODE    1413H     01EFH     UNIT         ?C?LIB_CODE
            CODE    1602H     01D1H     UNIT         ?PR?PARAMETER_SAVE?PARAMETER
            CODE    17D3H     0182H     UNIT         ?PR?_DISPLAY_R_KUANG?RA8806
            CODE    1955H     0134H     UNIT         ?PR?TP_MANUALMODE?RA8806
            CODE    1A89H     00FFH     UNIT         ?PR?_SETTINGOPERATIONTIME?MAIN
            CODE    1B88H     00C4H     UNIT         ?PR?_DISPLAY_KUANG?RA8806
            CODE    1C4CH     00B3H     UNIT         ?PR?LCD_INITAL?RA8806
            CODE    1CFFH     00B2H     UNIT         ?PR?MANIPOSITION?POSITION
            CODE    1DB1H     00B1H     UNIT         ?PR?CISTERNCOUNT?TIMER
            CODE    1E62H     00AAH     UNIT         ?PR?PARAMETER_READ?PARAMETER
            CODE    1F0CH     00A4H     UNIT         ?PR?PARAMETER_INIT?PARAMETER
            CODE    1FB0H     008FH     UNIT         ?PR?_TP_RESPONSE?RA8806
            CODE    203FH     008CH     UNIT         ?C_C51STARTUP
            CODE    20CBH     008AH     UNIT         ?PR?A_MOVE_ENTRANCE?OPERATION
            CODE    2155H     0073H     UNIT         ?PR?TM1_ISR?TIMER
            CODE    21C8H     006EH     UNIT         ?PR?MAIN?MAIN
            CODE    2236H     0067H     UNIT         ?PR?_DROW_PICTURE?RA8806
            CODE    229DH     0064H     UNIT         ?PR?KEY_SCAN?KEY
            CODE    2301H     0053H     UNIT         ?PR?MANIPULATORSTATUSDISPLAY?RA8806
            CODE    2354H     0045H     UNIT         ?PR?_LCD_SHOWSTR?RA8806
            CODE    2399H     0044H     UNIT         ?PR?INITSETTINGPAGE?MAIN
            CODE    23DDH     0044H     UNIT         ?C?LDIV
            CODE    2421H     0034H     UNIT         ?PR?_ENLARGE?RA8806
            CODE    2455H     0034H     UNIT         ?PR?POWERONDISPLAY?RA8806
            CODE    2489H     0032H     UNIT         ?PR?TM0_ISR?TIMER
            CODE    24BBH     0030H     UNIT         ?C_INITSEG
            CODE    24EBH     002BH     UNIT         ?PR?SWITCHDISPLAY?MAIN
            CODE    2516H     0029H     UNIT         ?PR?_TOUCHPADSETCHOOSECISTERN?MAIN
            CODE    253FH     0028H     UNIT         ?PR?TIMER_INIT?TIMER
            CODE    2567H     0027H     UNIT         ?PR?_DELAY_MS?BASEFUNC
            CODE    258EH     0026H     UNIT         ?PR?_TRANS_TPX?RA8806
            CODE    25B4H     0025H     UNIT         ?PR?_TRANS_TPY?RA8806
            CODE    25D9H     0024H     UNIT         ?PR?_LCD_CMDREAD?RA8806
            CODE    25FDH     001EH     UNIT         ?PR?_LCD_GOTOXY?RA8806
            CODE    261BH     001DH     UNIT         ?PR?_LCD_CMDWRITE?RA8806
            CODE    2638H     001DH     UNIT         ?PR?LCD_NOINV?RA8806
            CODE    2655H     001BH     UNIT         ?PR?_DELAY_US?BASEFUNC
            CODE    2670H     0019H     UNIT         ?PR?_IAPPROGRAMBYTE?EEPROM
            CODE    2689H     0018H     UNIT         ?PR?_LCD_DATAWRITE?RA8806
            CODE    26A1H     0018H     UNIT         ?PR?_IAPREADBYTE?EEPROM
            CODE    26B9H     0017H     UNIT         ?PR?CLEAR?RA8806
            CODE    26D0H     0016H     UNIT         ?PR?ONLY_SHOW_PAGE1?RA8806
            CODE    26E6H     0016H     UNIT         ?PR?SHOW_TWO_LAYER?RA8806
            CODE    26FCH     0016H     UNIT         ?PR?XOR_TWO_LAYER?RA8806
            CODE    2712H     0016H     UNIT         ?PR?ACCESS_PAGE1?RA8806
            CODE    2728H     0016H     UNIT         ?PR?ACCESS_PAGE2?RA8806
            CODE    273EH     0016H     UNIT         ?PR?SWITCH_LATCH_X_DATA?RA8806
BL51 BANKED LINKER/LOCATER V5.12                                                      04/07/2014  12:45:21  PAGE 3


            CODE    2754H     0016H     UNIT         ?PR?SWITCH_LATCH_Y_DATA?RA8806
            CODE    276AH     0015H     UNIT         ?PR?LCD_GRAPHIC?RA8806
            CODE    277FH     0015H     UNIT         ?PR?LCD_TEXT?RA8806
            CODE    2794H     0015H     UNIT         ?PR?NORMAL_DATA?RA8806
            CODE    27A9H     0015H     UNIT         ?PR?_IAPERASESECTOR?EEPROM
            CODE    27BEH     0014H     UNIT         ?PR?ENABLE_TP?RA8806
            CODE    27D2H     0014H     UNIT         ?PR?ENABLE_MAUNAL_TP?RA8806
            CODE    27E6H     0014H     UNIT         ?PR?_DELAY?EEPROM
            CODE    27FAH     0011H     UNIT         ?PR?_LCD_SHOWCHAR?RA8806
            CODE    280BH     000BH     UNIT         ?PR?MANUALMODE_OPERATION?OPERATION
            CODE    2816H     0009H     UNIT         ?PR?MANUALDISPATCH?DISPATCH



OVERLAY MAP OF MODULE:   .\output\SoakControl (?C_STARTUP)


SEGMENT                                       XDATA_GROUP
  +--> CALLED SEGMENT                       START    LENGTH
-----------------------------------------------------------
?C_C51STARTUP                               -----    -----
  +--> ?PR?MAIN?MAIN
  +--> ?C_INITSEG

?PR?MAIN?MAIN                               -----    -----
  +--> ?PR?LCD_INITAL?RA8806
  +--> ?PR?POWERONDISPLAY?RA8806
  +--> ?PR?_DELAY_MS?BASEFUNC
  +--> ?PR?PARAMETER_INIT?PARAMETER
  +--> ?PR?TIMER_INIT?TIMER
  +--> ?PR?ENABLE_TP?RA8806
  +--> ?PR?ENABLE_MAUNAL_TP?RA8806
  +--> ?PR?_MAINDISPLAY?RA8806
  +--> ?PR?TP_MANUALMODE?RA8806
  +--> ?PR?_CHECKTOUCHPAD?MAIN
  +--> ?PR?SWITCHDISPLAY?MAIN
  +--> ?PR?MANIPULATORSTATUSDISPLAY?RA8806

?PR?LCD_INITAL?RA8806                       -----    -----
  +--> ?PR?_DELAY_MS?BASEFUNC
  +--> ?PR?_LCD_CMDWRITE?RA8806
  +--> ?PR?_LCD_DATAWRITE?RA8806

?PR?_DELAY_MS?BASEFUNC                      0049H    0002H
  +--> ?PR?_DELAY_US?BASEFUNC

?PR?_DELAY_US?BASEFUNC                      004EH    0002H

?PR?_LCD_CMDWRITE?RA8806                    -----    -----
  +--> ?PR?LCD_TEXT?RA8806
  +--> ?PR?_LCD_GOTOXY?RA8806

?PR?LCD_TEXT?RA8806                         -----    -----
  +--> ?PR?_LCD_CMDREAD?RA8806
  +--> ?PR?_LCD_DATAWRITE?RA8806

?PR?_LCD_CMDREAD?RA8806                     -----    -----
BL51 BANKED LINKER/LOCATER V5.12                                                      04/07/2014  12:45:21  PAGE 4


  +--> ?PR?_LCD_DATAWRITE?RA8806

?PR?_LCD_GOTOXY?RA8806                      -----    -----
  +--> ?PR?_LCD_DATAWRITE?RA8806

?PR?POWERONDISPLAY?RA8806                   -----    -----
  +--> ?PR?ACCESS_PAGE2?RA8806
  +--> ?PR?LCD_NOINV?RA8806
  +--> ?PR?CLEAR?RA8806
  +--> ?PR?ACCESS_PAGE1?RA8806
  +--> ?PR?ONLY_SHOW_PAGE1?RA8806
  +--> ?PR?_ENLARGE?RA8806
  +--> ?CO?RA8806
  +--> ?PR?_LCD_SHOWSTR?RA8806

?PR?ACCESS_PAGE2?RA8806                     -----    -----
  +--> ?PR?_LCD_CMDREAD?RA8806
  +--> ?PR?_LCD_CMDWRITE?RA8806
  +--> ?PR?_LCD_DATAWRITE?RA8806

?PR?LCD_NOINV?RA8806                        -----    -----
  +--> ?PR?ACCESS_PAGE1?RA8806
  +--> ?PR?CLEAR?RA8806
  +--> ?PR?NORMAL_DATA?RA8806
  +--> ?PR?_LCD_CMDREAD?RA8806
  +--> ?PR?_LCD_CMDWRITE?RA8806
  +--> ?PR?_LCD_DATAWRITE?RA8806

?PR?ACCESS_PAGE1?RA8806                     -----    -----
  +--> ?PR?_LCD_CMDREAD?RA8806
  +--> ?PR?_LCD_CMDWRITE?RA8806
  +--> ?PR?_LCD_DATAWRITE?RA8806

?PR?CLEAR?RA8806                            -----    -----
  +--> ?PR?LCD_GRAPHIC?RA8806
  +--> ?PR?_LCD_CMDWRITE?RA8806
  +--> ?PR?_LCD_DATAWRITE?RA8806

?PR?LCD_GRAPHIC?RA8806                      -----    -----
  +--> ?PR?_LCD_CMDREAD?RA8806
  +--> ?PR?_LCD_CMDWRITE?RA8806
  +--> ?PR?_LCD_DATAWRITE?RA8806

?PR?NORMAL_DATA?RA8806                      -----    -----
  +--> ?PR?_LCD_CMDREAD?RA8806
  +--> ?PR?_LCD_CMDWRITE?RA8806
  +--> ?PR?_LCD_DATAWRITE?RA8806

?PR?ONLY_SHOW_PAGE1?RA8806                  -----    -----
  +--> ?PR?_LCD_CMDREAD?RA8806
  +--> ?PR?_LCD_CMDWRITE?RA8806
  +--> ?PR?_LCD_DATAWRITE?RA8806

?PR?_ENLARGE?RA8806                         -----    -----
  +--> ?PR?_LCD_CMDWRITE?RA8806
  +--> ?PR?_LCD_DATAWRITE?RA8806

BL51 BANKED LINKER/LOCATER V5.12                                                      04/07/2014  12:45:21  PAGE 5


?PR?_LCD_SHOWSTR?RA8806                     004CH    0003H
  +--> ?CO?RA8806
  +--> ?PR?_LCD_CMDWRITE?RA8806
  +--> ?PR?_LCD_DATAWRITE?RA8806

?PR?PARAMETER_INIT?PARAMETER                -----    -----
  +--> ?PR?PARAMETER_READ?PARAMETER

?PR?PARAMETER_READ?PARAMETER                0048H    0004H
  +--> ?PR?_DELAY?EEPROM
  +--> ?PR?_IAPREADBYTE?EEPROM

?PR?_IAPREADBYTE?EEPROM                     -----    -----
  +--> ?PR?IAPIDLE?EEPROM

?PR?ENABLE_TP?RA8806                        -----    -----
  +--> ?PR?_LCD_CMDREAD?RA8806
  +--> ?PR?_LCD_CMDWRITE?RA8806
  +--> ?PR?_LCD_DATAWRITE?RA8806

?PR?ENABLE_MAUNAL_TP?RA8806                 -----    -----
  +--> ?PR?_LCD_CMDREAD?RA8806
  +--> ?PR?_LCD_CMDWRITE?RA8806
  +--> ?PR?_LCD_DATAWRITE?RA8806

?PR?_MAINDISPLAY?RA8806                     0049H    0002H
  +--> ?PR?ACCESS_PAGE2?RA8806
  +--> ?PR?CLEAR?RA8806
  +--> ?PR?_DISPLAY_KUANG?RA8806
  +--> ?CO?RA8806
  +--> ?PR?_DROW_PICTURE?RA8806
  +--> ?PR?_DISPLAY_R_KUANG?RA8806
  +--> ?PR?LCD_NOINV?RA8806
  +--> ?PR?_LCD_SHOWSTR?RA8806
  +--> ?PR?_LCD_SHOWCHAR?RA8806
  +--> ?PR?XOR_TWO_LAYER?RA8806
  +--> ?PR?SHOW_TWO_LAYER?RA8806

?PR?_DISPLAY_KUANG?RA8806                   0051H    0005H
  +--> ?PR?LCD_GRAPHIC?RA8806
  +--> ?PR?_LCD_GOTOXY?RA8806
  +--> ?PR?_LCD_CMDWRITE?RA8806
  +--> ?PR?_LCD_DATAWRITE?RA8806

?PR?_DROW_PICTURE?RA8806                    0051H    0008H
  +--> ?PR?LCD_GRAPHIC?RA8806
  +--> ?PR?_LCD_CMDWRITE?RA8806
  +--> ?PR?_LCD_DATAWRITE?RA8806

?PR?_DISPLAY_R_KUANG?RA8806                 004CH    0005H
  +--> ?PR?_DISPLAY_KUANG?RA8806
  +--> ?CO?RA8806
  +--> ?PR?_DROW_PICTURE?RA8806

?PR?_LCD_SHOWCHAR?RA8806                    -----    -----
  +--> ?PR?_LCD_CMDWRITE?RA8806
  +--> ?PR?_LCD_DATAWRITE?RA8806
BL51 BANKED LINKER/LOCATER V5.12                                                      04/07/2014  12:45:21  PAGE 6



?PR?XOR_TWO_LAYER?RA8806                    -----    -----
  +--> ?PR?_LCD_CMDREAD?RA8806
  +--> ?PR?_LCD_CMDWRITE?RA8806
  +--> ?PR?_LCD_DATAWRITE?RA8806

?PR?SHOW_TWO_LAYER?RA8806                   -----    -----
  +--> ?PR?_LCD_CMDREAD?RA8806
  +--> ?PR?_LCD_CMDWRITE?RA8806
  +--> ?PR?_LCD_DATAWRITE?RA8806

?PR?TP_MANUALMODE?RA8806                    0048H    0006H
  +--> ?PR?_LCD_CMDWRITE?RA8806
  +--> ?PR?_LCD_DATAWRITE?RA8806
  +--> ?PR?_LCD_CMDREAD?RA8806
  +--> ?PR?SWITCH_LATCH_X_DATA?RA8806
  +--> ?PR?_DELAY_US?BASEFUNC
  +--> ?PR?SWITCH_LATCH_Y_DATA?RA8806
  +--> ?PR?_TRANS_TPX?RA8806
  +--> ?PR?_TRANS_TPY?RA8806
  +--> ?PR?_GETTP_VALUE?RA8806

?PR?SWITCH_LATCH_X_DATA?RA8806              -----    -----
  +--> ?PR?_LCD_CMDREAD?RA8806
  +--> ?PR?_LCD_CMDWRITE?RA8806
  +--> ?PR?_LCD_DATAWRITE?RA8806

?PR?SWITCH_LATCH_Y_DATA?RA8806              -----    -----
  +--> ?PR?_LCD_CMDREAD?RA8806
  +--> ?PR?_LCD_CMDWRITE?RA8806
  +--> ?PR?_LCD_DATAWRITE?RA8806

?PR?_CHECKTOUCHPAD?MAIN                     0048H    0001H
  +--> ?PR?_TP_RESPONSE?RA8806
  +--> ?PR?_DELAY_MS?BASEFUNC
  +--> ?PR?INITSETTINGPAGE?MAIN
  +--> ?PR?_TOUCHPADSETCHOOSECISTERN?MAIN
  +--> ?PR?_SETTINGOPERATIONTIME?MAIN
  +--> ?PR?_SETTINGDISPLAY?RA8806
  +--> ?PR?PARAMETER_SAVE?PARAMETER
  +--> ?PR?_MAINDISPLAY?RA8806

?PR?_TP_RESPONSE?RA8806                     -----    -----
  +--> ?PR?ACCESS_PAGE2?RA8806
  +--> ?PR?_DISPLAY_R_KUANG?RA8806

?PR?_SETTINGDISPLAY?RA8806                  0049H    0003H
  +--> ?PR?ACCESS_PAGE2?RA8806
  +--> ?PR?CLEAR?RA8806
  +--> ?PR?_DISPLAY_R_KUANG?RA8806
  +--> ?PR?_DISPLAY_KUANG?RA8806
  +--> ?PR?LCD_NOINV?RA8806
  +--> ?CO?RA8806
  +--> ?PR?_LCD_SHOWSTR?RA8806
  +--> ?PR?_LCD_SHOWCHAR?RA8806
  +--> ?PR?XOR_TWO_LAYER?RA8806
  +--> ?PR?SHOW_TWO_LAYER?RA8806
BL51 BANKED LINKER/LOCATER V5.12                                                      04/07/2014  12:45:21  PAGE 7



?PR?PARAMETER_SAVE?PARAMETER                0049H    0004H
  +--> ?PR?_DELAY?EEPROM
  +--> ?PR?_IAPERASESECTOR?EEPROM
  +--> ?PR?_IAPREADBYTE?EEPROM
  +--> ?PR?_IAPPROGRAMBYTE?EEPROM

?PR?_IAPERASESECTOR?EEPROM                  -----    -----
  +--> ?PR?IAPIDLE?EEPROM

?PR?_IAPPROGRAMBYTE?EEPROM                  -----    -----
  +--> ?PR?IAPIDLE?EEPROM

?PR?SWITCHDISPLAY?MAIN                      -----    -----
  +--> ?PR?_SETTINGDISPLAY?RA8806
  +--> ?PR?_MAINDISPLAY?RA8806

?PR?MANIPULATORSTATUSDISPLAY?RA8806         -----    -----
  +--> ?PR?ACCESS_PAGE1?RA8806
  +--> ?PR?NORMAL_DATA?RA8806
  +--> ?PR?LCD_NOINV?RA8806
  +--> ?CO?RA8806
  +--> ?PR?_LCD_SHOWSTR?RA8806

*** NEW ROOT ***************************************************

?PR?TM0_ISR?TIMER                           -----    -----
  +--> ?PR?MANIPOSITION?POSITION

*** NEW ROOT ***************************************************

?PR?TM1_ISR?TIMER                           -----    -----
  +--> ?PR?CISTERNCOUNT?TIMER
  +--> ?PR?MANIDISPATCH?DISPATCH
  +--> ?PR?MANUALDISPATCH?DISPATCH
  +--> ?PR?KEY_SCAN?KEY

?PR?MANIDISPATCH?DISPATCH                   -----    -----
  +--> ?PR?A_MOVE_ENTRANCE?OPERATION
  +--> ?PR?_A_UP_DOWN?OPERATION

?PR?MANUALDISPATCH?DISPATCH                 -----    -----
  +--> ?PR?MANUALMODE_OPERATION?OPERATION



SYMBOL TABLE OF MODULE:  .\output\SoakControl (?C_STARTUP)

  VALUE           TYPE          NAME
  ----------------------------------

  -------         MODULE        ?C_STARTUP
  C:203FH         SEGMENT       ?C_C51STARTUP
  I:0010H         SEGMENT       ?STACK
  C:0000H         PUBLIC        ?C_STARTUP
  D:00E0H         SYMBOL        ACC
  D:00F0H         SYMBOL        B
BL51 BANKED LINKER/LOCATER V5.12                                                      04/07/2014  12:45:21  PAGE 8


  D:0083H         SYMBOL        DPH
  D:0082H         SYMBOL        DPL
  N:0000H         SYMBOL        IBPSTACK
  N:0100H         SYMBOL        IBPSTACKTOP
  N:0080H         SYMBOL        IDATALEN
  C:2042H         SYMBOL        IDATALOOP
  N:0000H         SYMBOL        PBPSTACK
  N:0000H         SYMBOL        PBPSTACKTOP
  N:0000H         SYMBOL        PDATALEN
  N:0000H         SYMBOL        PDATASTART
  N:0000H         SYMBOL        PPAGE
  N:0000H         SYMBOL        PPAGEENABLE
  D:00A0H         SYMBOL        PPAGE_SFR
  D:0081H         SYMBOL        SP
  C:203FH         SYMBOL        STARTUP1
  N:0000H         SYMBOL        XBPSTACK
  N:0000H         SYMBOL        XBPSTACKTOP
  N:0000H         SYMBOL        XDATALEN
  N:0000H         SYMBOL        XDATASTART
  C:0000H         LINE#         92
  C:203FH         LINE#         99
  C:2041H         LINE#         100
  C:2042H         LINE#         101
  C:2043H         LINE#         102
  C:2045H         LINE#         151
  C:2048H         LINE#         155
  -------         ENDMOD        ?C_STARTUP

  -------         MODULE        MAIN
  C:0000H         SYMBOL        _ICE_DUMMY_
  C:0A23H         PUBLIC        _checkTouchPad
  D:0090H         PUBLIC        P1
  D:00B0H         PUBLIC        P3
  D:00A8H         PUBLIC        IE
  C:2516H         PUBLIC        _touchPadSetChooseCistern
  D:00B8H         PUBLIC        IP
  C:2399H         PUBLIC        initSettingPage
  C:21C8H         PUBLIC        main
  C:1A89H         PUBLIC        _settingOperationTime
  X:0067H         PUBLIC        currentTP
  D:0098H         PUBLIC        SCON
  D:0088H         PUBLIC        TCON
  D:00C8H         PUBLIC        T2CON
  C:24EBH         PUBLIC        switchDisplay
  D:00D0H         PUBLIC        PSW
  -------         PROC          SWITCHDISPLAY
  C:24EBH         LINE#         31
  C:24EBH         LINE#         32
  C:24EBH         LINE#         33
  C:24FFH         LINE#         34
  C:24FFH         LINE#         35
  C:24FFH         LINE#         36
  C:2501H         LINE#         37
  C:2503H         LINE#         38
  C:2503H         LINE#         39
  C:2505H         LINE#         40
  C:2507H         LINE#         41
BL51 BANKED LINKER/LOCATER V5.12                                                      04/07/2014  12:45:21  PAGE 9


  C:2507H         LINE#         42
  C:250CH         LINE#         43
  C:250CH         LINE#         44
  C:250CH         LINE#         45
  C:250EH         LINE#         46
  C:2510H         LINE#         47
  C:2510H         LINE#         48
  C:2515H         LINE#         49
  C:2515H         LINE#         50
  C:2515H         LINE#         51
  C:2515H         LINE#         52
  C:2515H         LINE#         53
  -------         ENDPROC       SWITCHDISPLAY
  -------         PROC          INITSETTINGPAGE
  -------         DO            
  D:0007H         SYMBOL        i
  -------         ENDDO         
  C:2399H         LINE#         60
  C:2399H         LINE#         61
  C:2399H         LINE#         63
  C:239BH         LINE#         64
  C:239BH         LINE#         65
  C:23C1H         LINE#         66
  C:23D1H         LINE#         67
  C:23D6H         LINE#         68
  C:23DCH         LINE#         69
  -------         ENDPROC       INITSETTINGPAGE
  -------         PROC          _TOUCHPADSETCHOOSECISTERN
  D:0007H         SYMBOL        cisternNum
  -------         DO            
  D:0006H         SYMBOL        i
  -------         ENDDO         
  C:2516H         LINE#         76
  C:2516H         LINE#         77
  C:2516H         LINE#         79
  C:2518H         LINE#         80
  C:2518H         LINE#         81
  C:2528H         LINE#         82
  C:252DH         LINE#         83
  C:253EH         LINE#         84
  -------         ENDPROC       _TOUCHPADSETCHOOSECISTERN
  -------         PROC          _SETTINGOPERATIONTIME
  D:0007H         SYMBOL        opeartion
  -------         DO            
  D:0006H         SYMBOL        i
  D:0003H         SYMBOL        cisternNum
  -------         ENDDO         
  C:1A89H         LINE#         91
  C:1A89H         LINE#         92
  C:1A89H         LINE#         94
  C:1A8BH         LINE#         95
  C:1A8BH         LINE#         96
  C:1A9DH         LINE#         97
  C:1A9DH         LINE#         98
  C:1A9FH         LINE#         99
  C:1A9FH         LINE#         100
  C:1AA4H         LINE#         101
BL51 BANKED LINKER/LOCATER V5.12                                                      04/07/2014  12:45:21  PAGE 10


  C:1AA7H         LINE#         102
  C:1AA7H         LINE#         104
  C:1AE3H         LINE#         105
  C:1B09H         LINE#         106
  C:1B09H         LINE#         107
  C:1B1DH         LINE#         108
  C:1B1DH         LINE#         109
  C:1B1EH         LINE#         111
  C:1B1EH         LINE#         112
  C:1B59H         LINE#         113
  C:1B73H         LINE#         114
  C:1B73H         LINE#         115
  C:1B87H         LINE#         116
  C:1B87H         LINE#         117
  C:1B87H         LINE#         118
  -------         ENDPROC       _SETTINGOPERATIONTIME
  -------         PROC          _CHECKTOUCHPAD
  X:0048H         SYMBOL        tpValue
  C:0A23H         LINE#         125
  C:0A28H         LINE#         126
  C:0A28H         LINE#         127
  C:0A67H         LINE#         128
  C:0A67H         LINE#         129
  C:0A67H         LINE#         130
  C:0A67H         LINE#         131
  C:0A6AH         LINE#         132
  C:0A6AH         LINE#         133
  C:0A75H         LINE#         134
  C:0A75H         LINE#         135
  C:0A7DH         LINE#         136
  C:0A84H         LINE#         137
  C:0A8AH         LINE#         138
  C:0A8DH         LINE#         139
  C:0A8DH         LINE#         140
  C:0A8DH         LINE#         141
  C:0A90H         LINE#         142
  C:0A90H         LINE#         143
  C:0A9BH         LINE#         144
  C:0A9BH         LINE#         145
  C:0AA3H         LINE#         146
  C:0AAAH         LINE#         147
  C:0AB1H         LINE#         148
  C:0AB5H         LINE#         150
  C:0ABBH         LINE#         151
  C:0ABCH         LINE#         152
  C:0ABCH         LINE#         153
  C:0ABEH         LINE#         154
  C:0ABEH         LINE#         155
  C:0AC9H         LINE#         156
  C:0AC9H         LINE#         157
  C:0AD1H         LINE#         158
  C:0AD8H         LINE#         159
  C:0ADEH         LINE#         160
  C:0AE0H         LINE#         161
  C:0AE0H         LINE#         162
  C:0AE3H         LINE#         163
  C:0AE3H         LINE#         164
BL51 BANKED LINKER/LOCATER V5.12                                                      04/07/2014  12:45:21  PAGE 11


  C:0AEEH         LINE#         165
  C:0AEEH         LINE#         166
  C:0AF6H         LINE#         167
  C:0AFDH         LINE#         168
  C:0B02H         LINE#         169
  C:0B03H         LINE#         170
  C:0B03H         LINE#         171
  C:0B06H         LINE#         172
  C:0B06H         LINE#         173
  C:0B11H         LINE#         174
  C:0B11H         LINE#         175
  C:0B19H         LINE#         176
  C:0B20H         LINE#         177
  C:0B25H         LINE#         178
  C:0B27H         LINE#         179
  C:0B27H         LINE#         180
  C:0B2AH         LINE#         181
  C:0B2AH         LINE#         182
  C:0B35H         LINE#         183
  C:0B35H         LINE#         184
  C:0B3DH         LINE#         185
  C:0B44H         LINE#         186
  C:0B49H         LINE#         187
  C:0B4BH         LINE#         188
  C:0B4BH         LINE#         189
  C:0B4EH         LINE#         190
  C:0B4EH         LINE#         191
  C:0B59H         LINE#         192
  C:0B59H         LINE#         193
  C:0B61H         LINE#         194
  C:0B68H         LINE#         195
  C:0B6DH         LINE#         196
  C:0B6FH         LINE#         197
  C:0B6FH         LINE#         198
  C:0B72H         LINE#         199
  C:0B72H         LINE#         200
  C:0B7DH         LINE#         201
  C:0B7DH         LINE#         202
  C:0B85H         LINE#         203
  C:0B8CH         LINE#         204
  C:0B91H         LINE#         205
  C:0B93H         LINE#         206
  C:0B93H         LINE#         207
  C:0B96H         LINE#         208
  C:0B96H         LINE#         209
  C:0BA1H         LINE#         210
  C:0BA1H         LINE#         211
  C:0BA9H         LINE#         212
  C:0BB0H         LINE#         213
  C:0BB5H         LINE#         214
  C:0BB7H         LINE#         215
  C:0BB7H         LINE#         216
  C:0BB9H         LINE#         217
  C:0BB9H         LINE#         218
  C:0BC4H         LINE#         219
  C:0BC4H         LINE#         220
  C:0BCCH         LINE#         221
BL51 BANKED LINKER/LOCATER V5.12                                                      04/07/2014  12:45:21  PAGE 12


  C:0BD3H         LINE#         222
  C:0BD8H         LINE#         223
  C:0BDAH         LINE#         224
  C:0BDAH         LINE#         225
  C:0BDCH         LINE#         226
  C:0BDCH         LINE#         227
  C:0BE7H         LINE#         228
  C:0BE7H         LINE#         229
  C:0BEFH         LINE#         230
  C:0BF6H         LINE#         231
  C:0BFBH         LINE#         232
  C:0BFDH         LINE#         233
  C:0BFDH         LINE#         234
  C:0BFFH         LINE#         235
  C:0BFFH         LINE#         236
  C:0C0AH         LINE#         237
  C:0C0AH         LINE#         238
  C:0C12H         LINE#         239
  C:0C19H         LINE#         240
  C:0C1EH         LINE#         241
  C:0C23H         LINE#         242
  C:0C23H         LINE#         243
  C:0C26H         LINE#         244
  C:0C26H         LINE#         245
  C:0C2EH         LINE#         246
  C:0C2EH         LINE#         247
  C:0C36H         LINE#         248
  C:0C3DH         LINE#         250
  C:0C42H         LINE#         251
  C:0C48H         LINE#         252
  C:0C4CH         LINE#         254
  C:0C51H         LINE#         255
  C:0C58H         LINE#         257
  C:0C5DH         LINE#         258
  C:0C5EH         LINE#         259
  C:0C5EH         LINE#         260
  C:0C60H         LINE#         261
  C:0C60H         LINE#         262
  C:0C68H         LINE#         263
  C:0C68H         LINE#         264
  C:0C70H         LINE#         265
  C:0C77H         LINE#         266
  C:0C7CH         LINE#         267
  C:0C7DH         LINE#         268
  C:0C7DH         LINE#         269
  C:0C7FH         LINE#         270
  C:0C7FH         LINE#         271
  C:0C86H         LINE#         272
  C:0C86H         LINE#         273
  C:0C8EH         LINE#         274
  C:0C95H         LINE#         275
  C:0C9AH         LINE#         276
  C:0C9EH         LINE#         277
  C:0C9EH         LINE#         278
  C:0CA0H         LINE#         279
  C:0CA0H         LINE#         280
  C:0CA5H         LINE#         281
BL51 BANKED LINKER/LOCATER V5.12                                                      04/07/2014  12:45:21  PAGE 13


  C:0CA5H         LINE#         282
  C:0CA5H         LINE#         284
  C:0CB4H         LINE#         285
  C:0CB4H         LINE#         286
  C:0CBAH         LINE#         287
  C:0CC1H         LINE#         288
  C:0CC1H         LINE#         290
  C:0CC1H         LINE#         291
  C:0CC6H         LINE#         292
  C:0CC6H         LINE#         293
  -------         ENDPROC       _CHECKTOUCHPAD
  -------         PROC          MAIN
  C:21C8H         LINE#         300
  C:21C8H         LINE#         301
  C:21C8H         LINE#         302
  C:21CBH         LINE#         303
  C:21CEH         LINE#         304
  C:21D5H         LINE#         305
  C:21D8H         LINE#         306
  C:21DBH         LINE#         307
  C:21DEH         LINE#         308
  C:21E1H         LINE#         309
  C:21E6H         LINE#         310
  C:21E6H         LINE#         311
  C:21E6H         LINE#         314
  C:21ECH         LINE#         316
  C:21F3H         LINE#         317
  C:21F3H         LINE#         318
  C:21F6H         LINE#         319
  C:21FBH         LINE#         320
  C:21FDH         LINE#         321
  C:2204H         LINE#         322
  C:2204H         LINE#         323
  C:2212H         LINE#         324
  C:2212H         LINE#         325
  C:2215H         LINE#         326
  C:221AH         LINE#         327
  C:2220H         LINE#         328
  C:2220H         LINE#         329
  C:2222H         LINE#         330
  C:2229H         LINE#         331
  C:2229H         LINE#         332
  C:222CH         LINE#         333
  C:222FH         LINE#         334
  C:2234H         LINE#         335
  C:2234H         LINE#         336
  -------         ENDPROC       MAIN
  -------         ENDMOD        MAIN

  -------         MODULE        RA8806
  C:0000H         SYMBOL        _ICE_DUMMY_
  C:223AH         PUBLIC        _drow_picture
  D:0080H         PUBLIC        P0
  D:0090H         PUBLIC        P1
  D:00A0H         PUBLIC        P2
  D:00B0H         PUBLIC        P3
  B:00A0H.2       PUBLIC        CD
BL51 BANKED LINKER/LOCATER V5.12                                                      04/07/2014  12:45:21  PAGE 14


  C:072BH         PUBLIC        HollowPrism
  C:2794H         PUBLIC        normal_data
  C:26B9H         PUBLIC        clear
  C:0733H         PUBLIC        SolidPrism
  D:00A8H         PUBLIC        IE
  C:27D2H         PUBLIC        Enable_Maunal_TP
  B:00A0H.5       PUBLIC        CS
  D:00B8H         PUBLIC        IP
  C:1C4CH         PUBLIC        lcd_inital
  C:0F4EH         PUBLIC        _SettingDisplay
  C:268FH         PUBLIC        _LCD_DataWrite
  C:26E6H         PUBLIC        Show_Two_Layer
  C:2641H         PUBLIC        LCD_NoInv
  C:0CC7H         PUBLIC        _getTP_Value
  C:17E3H         PUBLIC        _display_r_kuang
  C:06FBH         PUBLIC        RoundedBLB
  C:25E3H         PUBLIC        _LCD_CmdRead
  C:2455H         PUBLIC        PowerOnDisplay
  C:071BH         PUBLIC        RoundedBLF
  C:0703H         PUBLIC        RoundedBRB
  C:1955H         PUBLIC        tp_ManualMode
  C:0723H         PUBLIC        RoundedBRF
  D:0098H         PUBLIC        SCON
  D:0088H         PUBLIC        TCON
  C:2803H         PUBLIC        _LCD_ShowChar
  C:2627H         PUBLIC        _LCD_CmdWrite
  C:26D0H         PUBLIC        Only_Show_Page1
  C:1FB0H         PUBLIC        _TP_Response
  C:06EBH         PUBLIC        RoundedTLB
  C:070BH         PUBLIC        RoundedTLF
  B:00A0H.7       PUBLIC        REST
  C:06F3H         PUBLIC        RoundedTRB
  C:2421H         PUBLIC        _enlarge
  C:001EH         PUBLIC        _MainDisplay
  C:0713H         PUBLIC        RoundedTRF
  B:00A0H.6       PUBLIC        BUSY
  B:00A0H.4       PUBLIC        RD0
  C:258EH         PUBLIC        _trans_tpx
  C:25B4H         PUBLIC        _trans_tpy
  C:27BEH         PUBLIC        Enable_TP
  C:1B98H         PUBLIC        _display_kuang
  B:00A0H.3       PUBLIC        WR0
  C:277FH         PUBLIC        LCD_Text
  C:2605H         PUBLIC        _LCD_GotoXY
  C:2712H         PUBLIC        Access_Page1
  C:2728H         PUBLIC        Access_Page2
  D:00C8H         PUBLIC        T2CON
  C:0582H         PUBLIC        tab1
  C:073BH         PUBLIC        Block
  C:2363H         PUBLIC        _LCD_ShowStr
  C:26FCH         PUBLIC        XOR_Two_Layer
  C:276AH         PUBLIC        LCD_Graphic
  C:2301H         PUBLIC        ManipulatorStatusDisplay
  C:0743H         PUBLIC        RoundedTest
  C:273EH         PUBLIC        Switch_Latch_X_data
  D:00D0H         PUBLIC        PSW
  C:2754H         PUBLIC        Switch_Latch_Y_data
BL51 BANKED LINKER/LOCATER V5.12                                                      04/07/2014  12:45:21  PAGE 15


  C:2622H         SYMBOL        L?0242
  -------         PROC          L?0241
  -------         ENDPROC       L?0241
  C:2622H         SYMBOL        L?0242
  -------         PROC          _LCD_CMDWRITE
  D:0007H         SYMBOL        cmd
  C:2627H         LINE#         40
  C:2627H         LINE#         41
  C:2627H         LINE#         42
  C:2629H         LINE#         43
  C:262BH         LINE#         44
  C:262DH         LINE#         45
  C:262FH         LINE#         46
  C:2631H         LINE#         48
  C:2633H         LINE#         49
  C:2635H         LINE#         50
  C:2637H         LINE#         51
  -------         ENDPROC       _LCD_CMDWRITE
  C:268BH         SYMBOL        L?0236
  -------         PROC          L?0235
  -------         ENDPROC       L?0235
  C:268BH         SYMBOL        L?0236
  -------         PROC          _LCD_DATAWRITE
  D:0007H         SYMBOL        wdata
  C:268FH         LINE#         58
  C:268FH         LINE#         59
  C:268FH         LINE#         60
  C:2692H         LINE#         61
  C:2694H         LINE#         62
  C:2696H         LINE#         63
  C:2698H         LINE#         64
  C:269AH         LINE#         65
  C:269CH         LINE#         67
  C:269EH         LINE#         68
  C:26A0H         LINE#         69
  -------         ENDPROC       _LCD_DATAWRITE
  -------         PROC          L?0245
  -------         ENDPROC       L?0245
  -------         PROC          _LCD_CMDREAD
  D:0007H         SYMBOL        Addr
  -------         DO            
  D:0007H         SYMBOL        Data
  -------         ENDDO         
  C:25E3H         LINE#         76
  C:25E3H         LINE#         77
  C:25E3H         LINE#         79
  C:25E5H         LINE#         80
  C:25E7H         LINE#         81
  C:25E9H         LINE#         82
  C:25EBH         LINE#         83
  C:25EDH         LINE#         84
  C:25EFH         LINE#         85
  C:25F2H         LINE#         86
  C:25F4H         LINE#         87
  C:25F6H         LINE#         88
  C:25F8H         LINE#         89
  C:25FAH         LINE#         90
BL51 BANKED LINKER/LOCATER V5.12                                                      04/07/2014  12:45:21  PAGE 16


  C:25FCH         LINE#         91
  C:25FCH         LINE#         92
  -------         ENDPROC       _LCD_CMDREAD
  -------         PROC          LCD_INITAL
  C:1C4CH         LINE#         122
  C:1C4CH         LINE#         123
  C:1C4CH         LINE#         124
  C:1C4EH         LINE#         125
  C:1C55H         LINE#         126
  C:1C57H         LINE#         127
  C:1C5EH         LINE#         128
  C:1C63H         LINE#         129
  C:1C68H         LINE#         131
  C:1C6DH         LINE#         132
  C:1C72H         LINE#         134
  C:1C74H         LINE#         135
  C:1C77H         LINE#         137
  C:1C77H         LINE#         138
  C:1C7AH         LINE#         140
  C:1C7CH         LINE#         141
  C:1C7FH         LINE#         143
  C:1C81H         LINE#         144
  C:1C84H         LINE#         146
  C:1C89H         LINE#         147
  C:1C8DH         LINE#         149
  C:1C92H         LINE#         150
  C:1C97H         LINE#         152
  C:1C9CH         LINE#         153
  C:1CA1H         LINE#         155
  C:1CA6H         LINE#         156
  C:1CABH         LINE#         158
  C:1CB0H         LINE#         159
  C:1CB5H         LINE#         161
  C:1CB7H         LINE#         162
  C:1CBAH         LINE#         164
  C:1CBCH         LINE#         165
  C:1CBFH         LINE#         167
  C:1CC1H         LINE#         168
  C:1CC4H         LINE#         170
  C:1CC6H         LINE#         171
  C:1CC9H         LINE#         173
  C:1CCBH         LINE#         174
  C:1CCEH         LINE#         176
  C:1CD0H         LINE#         177
  C:1CD3H         LINE#         179
  C:1CD5H         LINE#         180
  C:1CD8H         LINE#         182
  C:1CDAH         LINE#         183
  C:1CDDH         LINE#         185
  C:1CDFH         LINE#         186
  C:1CE2H         LINE#         188
  C:1CE7H         LINE#         189
  C:1CECH         LINE#         191
  C:1CEEH         LINE#         192
  C:1CF1H         LINE#         194
  C:1CF3H         LINE#         195
  C:1CF6H         LINE#         197
BL51 BANKED LINKER/LOCATER V5.12                                                      04/07/2014  12:45:21  PAGE 17


  C:1CFBH         LINE#         198
  -------         ENDPROC       LCD_INITAL
  -------         PROC          L?0247
  -------         ENDPROC       L?0247
  -------         PROC          _LCD_GOTOXY
  D:0006H         SYMBOL        xx
  D:0005H         SYMBOL        yy
  C:2605H         LINE#         206
  C:2607H         LINE#         207
  C:2607H         LINE#         208
  C:260CH         LINE#         209
  C:2611H         LINE#         210
  C:2616H         LINE#         211
  -------         ENDPROC       _LCD_GOTOXY
  -------         PROC          LCD_GRAPHIC
  -------         DO            
  D:0006H         SYMBOL        temp
  -------         ENDDO         
  C:276AH         LINE#         219
  C:276AH         LINE#         220
  C:276AH         LINE#         222
  C:2771H         LINE#         223
  C:2775H         LINE#         224
  C:277AH         LINE#         225
  -------         ENDPROC       LCD_GRAPHIC
  -------         PROC          LCD_TEXT
  -------         DO            
  D:0006H         SYMBOL        temp
  -------         ENDDO         
  C:277FH         LINE#         233
  C:277FH         LINE#         234
  C:277FH         LINE#         236
  C:2786H         LINE#         237
  C:278AH         LINE#         238
  C:278FH         LINE#         239
  -------         ENDPROC       LCD_TEXT
  -------         PROC          ONLY_SHOW_PAGE1
  -------         DO            
  D:0006H         SYMBOL        temp
  -------         ENDDO         
  C:26D0H         LINE#         247
  C:26D0H         LINE#         248
  C:26D0H         LINE#         250
  C:26D7H         LINE#         251
  C:26DAH         LINE#         252
  C:26DDH         LINE#         253
  C:26E2H         LINE#         254
  -------         ENDPROC       ONLY_SHOW_PAGE1
  -------         PROC          SHOW_TWO_LAYER
  -------         DO            
  D:0006H         SYMBOL        temp
  -------         ENDDO         
  C:26E6H         LINE#         279
  C:26E6H         LINE#         280
  C:26E6H         LINE#         282
  C:26EDH         LINE#         283
  C:26F0H         LINE#         284
BL51 BANKED LINKER/LOCATER V5.12                                                      04/07/2014  12:45:21  PAGE 18


  C:26F3H         LINE#         285
  C:26F8H         LINE#         286
  -------         ENDPROC       SHOW_TWO_LAYER
  -------         PROC          XOR_TWO_LAYER
  -------         DO            
  D:0006H         SYMBOL        temp
  -------         ENDDO         
  C:26FCH         LINE#         310
  C:26FCH         LINE#         311
  C:26FCH         LINE#         313
  C:2703H         LINE#         314
  C:2706H         LINE#         315
  C:2709H         LINE#         316
  C:270EH         LINE#         317
  -------         ENDPROC       XOR_TWO_LAYER
  -------         PROC          ACCESS_PAGE1
  -------         DO            
  D:0006H         SYMBOL        temp
  -------         ENDDO         
  C:2712H         LINE#         358
  C:2712H         LINE#         359
  C:2712H         LINE#         361
  C:2719H         LINE#         362
  C:271CH         LINE#         363
  C:271FH         LINE#         364
  C:2724H         LINE#         365
  -------         ENDPROC       ACCESS_PAGE1
  -------         PROC          ACCESS_PAGE2
  -------         DO            
  D:0006H         SYMBOL        temp
  -------         ENDDO         
  C:2728H         LINE#         373
  C:2728H         LINE#         374
  C:2728H         LINE#         376
  C:272FH         LINE#         377
  C:2732H         LINE#         378
  C:2735H         LINE#         379
  C:273AH         LINE#         380
  -------         ENDPROC       ACCESS_PAGE2
  -------         PROC          CLEAR
  C:26B9H         LINE#         388
  C:26B9H         LINE#         389
  C:26B9H         LINE#         390
  C:26BCH         LINE#         391
  C:26C1H         LINE#         392
  C:26C6H         LINE#         393
  C:26CBH         LINE#         394
  -------         ENDPROC       CLEAR
  -------         PROC          NORMAL_DATA
  -------         DO            
  D:0006H         SYMBOL        temp
  -------         ENDDO         
  C:2794H         LINE#         421
  C:2794H         LINE#         422
  C:2794H         LINE#         424
  C:279BH         LINE#         425
  C:279FH         LINE#         426
BL51 BANKED LINKER/LOCATER V5.12                                                      04/07/2014  12:45:21  PAGE 19


  C:27A4H         LINE#         427
  -------         ENDPROC       NORMAL_DATA
  -------         PROC          L?0244
  -------         ENDPROC       L?0244
  -------         PROC          LCD_NOINV
  -------         DO            
  D:0006H         SYMBOL        temp
  -------         ENDDO         
  C:2641H         LINE#         467
  C:2641H         LINE#         468
  C:2641H         LINE#         470
  C:2648H         LINE#         471
  C:264CH         LINE#         472
  C:2651H         LINE#         473
  -------         ENDPROC       LCD_NOINV
  -------         PROC          _ENLARGE
  D:0007H         SYMBOL        i
  C:2421H         LINE#         481
  C:2421H         LINE#         482
  C:2421H         LINE#         483
  C:2430H         LINE#         484
  C:2430H         LINE#         485
  C:2430H         LINE#         486
  C:2435H         LINE#         487
  C:2437H         LINE#         488
  C:2439H         LINE#         489
  C:2439H         LINE#         490
  C:243EH         LINE#         491
  C:2440H         LINE#         492
  C:2442H         LINE#         493
  C:2442H         LINE#         494
  C:2447H         LINE#         495
  C:2449H         LINE#         496
  C:244BH         LINE#         497
  C:244BH         LINE#         498
  C:2450H         LINE#         499
  C:2454H         LINE#         500
  C:2454H         LINE#         501
  C:2454H         LINE#         502
  -------         ENDPROC       _ENLARGE
  -------         PROC          L?0237
  -------         ENDPROC       L?0237
  -------         PROC          _LCD_SHOWSTR
  D:0004H         SYMBOL        xxx
  D:0005H         SYMBOL        yyy
  X:004CH         SYMBOL        text
  C:2363H         LINE#         553
  C:236EH         LINE#         554
  C:236EH         LINE#         555
  C:236EH         LINE#         556
  C:236EH         LINE#         557
  C:2371H         LINE#         558
  C:2381H         LINE#         559
  C:2381H         LINE#         560
  C:2396H         LINE#         561
  C:2398H         LINE#         562
  -------         ENDPROC       _LCD_SHOWSTR
BL51 BANKED LINKER/LOCATER V5.12                                                      04/07/2014  12:45:21  PAGE 20


  -------         PROC          L?0246
  -------         ENDPROC       L?0246
  -------         PROC          _LCD_SHOWCHAR
  D:0004H         SYMBOL        xxx
  D:0005H         SYMBOL        yyy
  D:0003H         SYMBOL        text
  C:2803H         LINE#         569
  C:2803H         LINE#         570
  C:2803H         LINE#         571
  C:2803H         LINE#         572
  C:2803H         LINE#         573
  C:2806H         LINE#         574
  -------         ENDPROC       _LCD_SHOWCHAR
  -------         PROC          L?0243
  -------         ENDPROC       L?0243
  -------         PROC          _DISPLAY_KUANG
  X:0051H         SYMBOL        x_star
  D:0001H         SYMBOL        y_star
  D:0003H         SYMBOL        w
  X:0054H         SYMBOL        h
  X:0055H         SYMBOL        color
  -------         DO            
  D:0004H         SYMBOL        width
  D:0002H         SYMBOL        heigh
  -------         ENDDO         
  C:1B98H         LINE#         600
  C:1B9FH         LINE#         601
  C:1B9FH         LINE#         603
  C:1BA2H         LINE#         604
  C:1BB1H         LINE#         605
  C:1BB1H         LINE#         606
  C:1BB4H         LINE#         607
  C:1BB4H         LINE#         608
  C:1BB7H         LINE#         609
  C:1BC1H         LINE#         610
  C:1BC1H         LINE#         611
  C:1BC6H         LINE#         612
  C:1BCBH         LINE#         613
  C:1BCEH         LINE#         614
  C:1BCEH         LINE#         615
  C:1BDEH         LINE#         616
  C:1BDEH         LINE#         617
  C:1BE6H         LINE#         618
  C:1BE9H         LINE#         619
  C:1BEFH         LINE#         620
  C:1BEFH         LINE#         621
  C:1BF4H         LINE#         622
  C:1BFEH         LINE#         623
  C:1BFEH         LINE#         624
  C:1C03H         LINE#         625
  C:1C06H         LINE#         626
  C:1C08H         LINE#         627
  C:1C0AH         LINE#         629
  C:1C0AH         LINE#         630
  C:1C0FH         LINE#         631
  C:1C19H         LINE#         632
  C:1C19H         LINE#         633
BL51 BANKED LINKER/LOCATER V5.12                                                      04/07/2014  12:45:21  PAGE 21


  C:1C1EH         LINE#         634
  C:1C21H         LINE#         635
  C:1C26H         LINE#         636
  C:1C26H         LINE#         637
  C:1C28H         LINE#         638
  C:1C30H         LINE#         639
  C:1C30H         LINE#         640
  C:1C33H         LINE#         641
  C:1C3AH         LINE#         642
  C:1C3AH         LINE#         643
  C:1C3FH         LINE#         644
  C:1C44H         LINE#         645
  C:1C47H         LINE#         646
  C:1C47H         LINE#         647
  C:1C4BH         LINE#         648
  -------         ENDPROC       _DISPLAY_KUANG
  -------         PROC          L?0240
  -------         ENDPROC       L?0240
  -------         PROC          _DROW_PICTURE
  X:0051H         SYMBOL        x
  X:0052H         SYMBOL        y
  X:0053H         SYMBOL        w
  X:0054H         SYMBOL        h
  X:0055H         SYMBOL        pData
  -------         DO            
  X:0058H         SYMBOL        i
  D:0004H         SYMBOL        j
  -------         ENDDO         
  C:223AH         LINE#         655
  C:2245H         LINE#         656
  C:2245H         LINE#         658
  C:2248H         LINE#         659
  C:225AH         LINE#         660
  C:225AH         LINE#         661
  C:2266H         LINE#         662
  C:2266H         LINE#         663
  C:2277H         LINE#         664
  C:227AH         LINE#         665
  C:2291H         LINE#         666
  C:2294H         LINE#         667
  C:229CH         LINE#         668
  -------         ENDPROC       _DROW_PICTURE
  C:17DCH         SYMBOL        L?0239
  -------         PROC          L?0238
  -------         ENDPROC       L?0238
  C:17DCH         SYMBOL        L?0239
  -------         PROC          _DISPLAY_R_KUANG
  X:004CH         SYMBOL        x_star
  X:004DH         SYMBOL        y_star
  X:004EH         SYMBOL        w
  X:004FH         SYMBOL        h
  X:0050H         SYMBOL        color
  C:17E3H         LINE#         741
  C:17EEH         LINE#         742
  C:17EEH         LINE#         743
  C:17FAH         LINE#         744
  C:17FAH         LINE#         745
BL51 BANKED LINKER/LOCATER V5.12                                                      04/07/2014  12:45:21  PAGE 22


  C:180FH         LINE#         746
  C:182AH         LINE#         747
  C:184FH         LINE#         748
  C:1875H         LINE#         749
  C:189FH         LINE#         750
  C:18A2H         LINE#         752
  C:18A2H         LINE#         753
  C:18B6H         LINE#         754
  C:18D5H         LINE#         755
  C:18FEH         LINE#         756
  C:1924H         LINE#         757
  C:1954H         LINE#         758
  C:1954H         LINE#         759
  -------         ENDPROC       _DISPLAY_R_KUANG
  -------         PROC          ENABLE_TP
  -------         DO            
  D:0006H         SYMBOL        temp
  -------         ENDDO         
  C:27BEH         LINE#         812
  C:27BEH         LINE#         813
  C:27BEH         LINE#         815
  C:27C5H         LINE#         816
  C:27C9H         LINE#         817
  C:27CEH         LINE#         818
  -------         ENDPROC       ENABLE_TP
  -------         PROC          ENABLE_MAUNAL_TP
  -------         DO            
  D:0006H         SYMBOL        temp
  -------         ENDDO         
  C:27D2H         LINE#         826
  C:27D2H         LINE#         827
  C:27D2H         LINE#         829
  C:27D9H         LINE#         830
  C:27DDH         LINE#         831
  C:27E2H         LINE#         832
  -------         ENDPROC       ENABLE_MAUNAL_TP
  -------         PROC          SWITCH_LATCH_X_DATA
  -------         DO            
  D:0006H         SYMBOL        temp
  -------         ENDDO         
  C:273EH         LINE#         872
  C:273EH         LINE#         873
  C:273EH         LINE#         875
  C:2745H         LINE#         876
  C:2748H         LINE#         877
  C:274BH         LINE#         878
  C:2750H         LINE#         879
  -------         ENDPROC       SWITCH_LATCH_X_DATA
  -------         PROC          SWITCH_LATCH_Y_DATA
  -------         DO            
  D:0006H         SYMBOL        temp
  -------         ENDDO         
  C:2754H         LINE#         887
  C:2754H         LINE#         888
  C:2754H         LINE#         890
  C:275BH         LINE#         891
  C:275EH         LINE#         892
BL51 BANKED LINKER/LOCATER V5.12                                                      04/07/2014  12:45:21  PAGE 23


  C:2761H         LINE#         893
  C:2766H         LINE#         894
  -------         ENDPROC       SWITCH_LATCH_Y_DATA
  -------         PROC          _TRANS_TPX
  D:0006H         SYMBOL        x
  -------         DO            
  D:0004H         SYMBOL        tp_x
  D:0004H         SYMBOL        temp
  -------         ENDDO         
  C:258EH         LINE#         902
  C:258EH         LINE#         903
  C:258EH         LINE#         906
  C:25A8H         LINE#         907
  C:25B3H         LINE#         908
  C:25B3H         LINE#         909
  -------         ENDPROC       _TRANS_TPX
  -------         PROC          _TRANS_TPY
  D:0006H         SYMBOL        y
  -------         DO            
  D:0004H         SYMBOL        tp_y
  D:0004H         SYMBOL        temp
  -------         ENDDO         
  C:25B4H         LINE#         916
  C:25B4H         LINE#         917
  C:25B4H         LINE#         920
  C:25CDH         LINE#         921
  C:25D8H         LINE#         922
  C:25D8H         LINE#         923
  -------         ENDPROC       _TRANS_TPY
  -------         PROC          _GETTP_VALUE
  D:0006H         SYMBOL        x_temp
  D:0004H         SYMBOL        y_temp
  -------         DO            
  D:0001H         SYMBOL        result_data
  -------         ENDDO         
  C:0CC7H         LINE#         946
  C:0CC7H         LINE#         947
  C:0CC7H         LINE#         948
  C:0CC9H         LINE#         949
  C:0CD2H         LINE#         950
  C:0CD2H         LINE#         951
  C:0CF3H         LINE#         952
  C:0CF3H         LINE#         953
  C:0CFEH         LINE#         954
  C:0CFEH         LINE#         955
  C:0CFFH         LINE#         956
  C:0CFFH         LINE#         957
  C:0D02H         LINE#         958
  C:0D23H         LINE#         959
  C:0D23H         LINE#         960
  C:0D25H         LINE#         961
  C:0D28H         LINE#         962
  C:0D55H         LINE#         963
  C:0D55H         LINE#         964
  C:0D5EH         LINE#         965
  C:0D5EH         LINE#         966
  C:0D60H         LINE#         967
BL51 BANKED LINKER/LOCATER V5.12                                                      04/07/2014  12:45:21  PAGE 24


  C:0D60H         LINE#         968
  C:0D60H         LINE#         969
  C:0D63H         LINE#         970
  C:0D6BH         LINE#         971
  C:0D6BH         LINE#         972
  C:0D98H         LINE#         973
  C:0D98H         LINE#         974
  C:0D9AH         LINE#         975
  C:0D9AH         LINE#         976
  C:0D9DH         LINE#         977
  C:0DA8H         LINE#         978
  C:0DA8H         LINE#         979
  C:0DC9H         LINE#         980
  C:0DC9H         LINE#         981
  C:0DCBH         LINE#         982
  C:0DCEH         LINE#         983
  C:0DEFH         LINE#         984
  C:0DEFH         LINE#         985
  C:0DF1H         LINE#         986
  C:0DF4H         LINE#         987
  C:0E15H         LINE#         988
  C:0E15H         LINE#         989
  C:0E17H         LINE#         990
  C:0E1AH         LINE#         991
  C:0E3BH         LINE#         992
  C:0E3BH         LINE#         993
  C:0E3DH         LINE#         994
  C:0E40H         LINE#         995
  C:0E61H         LINE#         996
  C:0E61H         LINE#         997
  C:0E63H         LINE#         998
  C:0E66H         LINE#         999
  C:0E87H         LINE#         1000
  C:0E87H         LINE#         1001
  C:0E89H         LINE#         1002
  C:0E8CH         LINE#         1003
  C:0EADH         LINE#         1004
  C:0EADH         LINE#         1005
  C:0EAFH         LINE#         1006
  C:0EB2H         LINE#         1007
  C:0ED3H         LINE#         1008
  C:0ED3H         LINE#         1009
  C:0ED5H         LINE#         1010
  C:0ED7H         LINE#         1011
  C:0EF8H         LINE#         1012
  C:0EF8H         LINE#         1013
  C:0EFAH         LINE#         1014
  C:0EFCH         LINE#         1015
  C:0F1DH         LINE#         1016
  C:0F1DH         LINE#         1017
  C:0F1FH         LINE#         1018
  C:0F1FH         LINE#         1019
  C:0F21H         LINE#         1020
  C:0F28H         LINE#         1021
  C:0F28H         LINE#         1022
  C:0F49H         LINE#         1023
  C:0F49H         LINE#         1024
BL51 BANKED LINKER/LOCATER V5.12                                                      04/07/2014  12:45:21  PAGE 25


  C:0F4BH         LINE#         1025
  C:0F4BH         LINE#         1026
  C:0F4BH         LINE#         1027
  C:0F4DH         LINE#         1028
  -------         ENDPROC       _GETTP_VALUE
  -------         PROC          TP_MANUALMODE
  -------         DO            
  D:0006H         SYMBOL        Touch_Sta_Valid
  D:0007H         SYMBOL        INT_Sta
  D:0005H         SYMBOL        count
  D:0006H         SYMBOL        X1
  X:0048H         SYMBOL        Y1
  D:0005H         SYMBOL        X2
  D:0001H         SYMBOL        Y2
  D:0006H         SYMBOL        temp
  X:0049H         SYMBOL        result_data
  D:0004H         SYMBOL        X
  X:004AH         SYMBOL        Y
  X:004CH         SYMBOL        x_temp
  D:0004H         SYMBOL        y_temp
  -------         ENDDO         
  C:1955H         LINE#         1035
  C:1955H         LINE#         1036
  C:1955H         LINE#         1037
  C:195AH         LINE#         1039
  C:195BH         LINE#         1040
  C:1960H         LINE#         1041
  C:1965H         LINE#         1042
  C:196AH         LINE#         1043
  C:196DH         LINE#         1044
  C:1972H         LINE#         1045
  C:1979H         LINE#         1046
  C:1979H         LINE#         1047
  C:197BH         LINE#         1048
  C:197BH         LINE#         1049
  C:1980H         LINE#         1050
  C:1983H         LINE#         1051
  C:1983H         LINE#         1052
  C:1984H         LINE#         1053
  C:1986H         LINE#         1054
  C:1986H         LINE#         1055
  C:198AH         LINE#         1056
  C:198AH         LINE#         1057
  C:198CH         LINE#         1058
  C:198CH         LINE#         1059
  C:1991H         LINE#         1060
  C:1997H         LINE#         1061
  C:1997H         LINE#         1062
  C:199AH         LINE#         1063
  C:19A1H         LINE#         1064
  C:19A4H         LINE#         1065
  C:19ABH         LINE#         1066
  C:19B2H         LINE#         1067
  C:19B7H         LINE#         1068
  C:19BAH         LINE#         1069
  C:19C4H         LINE#         1070
  C:19C4H         LINE#         1071
BL51 BANKED LINKER/LOCATER V5.12                                                      04/07/2014  12:45:21  PAGE 26


  C:19C4H         LINE#         1072
  C:19CBH         LINE#         1073
  C:19CBH         LINE#         1074
  C:19CBH         LINE#         1075
  C:19D2H         LINE#         1076
  C:19D7H         LINE#         1077
  C:19DAH         LINE#         1078
  C:19F2H         LINE#         1079
  C:1A21H         LINE#         1080
  C:1A49H         LINE#         1081
  C:1A49H         LINE#         1082
  C:1A58H         LINE#         1083
  C:1A67H         LINE#         1084
  C:1A77H         LINE#         1085
  C:1A77H         LINE#         1086
  C:1A77H         LINE#         1087
  C:1A80H         LINE#         1088
  C:1A80H         LINE#         1089
  C:1A83H         LINE#         1090
  C:1A83H         LINE#         1091
  C:1A88H         LINE#         1092
  -------         ENDPROC       TP_MANUALMODE
  -------         PROC          _SETTINGDISPLAY
  X:0049H         SYMBOL        settingStatus
  -------         DO            
  X:004AH         SYMBOL        i
  X:004BH         SYMBOL        currentTimeCount
  -------         ENDDO         
  C:0F4EH         LINE#         1099
  C:0F53H         LINE#         1100
  C:0F53H         LINE#         1102
  C:0F56H         LINE#         1103
  C:0F59H         LINE#         1105
  C:0F6CH         LINE#         1106
  C:0F7FH         LINE#         1108
  C:0F8EH         LINE#         1109
  C:0F8EH         LINE#         1110
  C:0FA2H         LINE#         1111
  C:0FA2H         LINE#         1112
  C:0FB0H         LINE#         1113
  C:0FB2H         LINE#         1115
  C:0FB2H         LINE#         1116
  C:0FC9H         LINE#         1117
  C:0FC9H         LINE#         1118
  C:0FD1H         LINE#         1120
  C:0FD8H         LINE#         1121
  C:0FD8H         LINE#         1122
  C:0FEBH         LINE#         1123
  C:0FEBH         LINE#         1124
  C:0FFEH         LINE#         1126
  C:1004H         LINE#         1127
  C:1004H         LINE#         1128
  C:1007H         LINE#         1129
  C:1007H         LINE#         1131
  C:1007H         LINE#         1132
  C:1007H         LINE#         1133
  C:1007H         LINE#         1134
BL51 BANKED LINKER/LOCATER V5.12                                                      04/07/2014  12:45:21  PAGE 27


  C:100AH         LINE#         1136
  C:1017H         LINE#         1138
  C:1024H         LINE#         1139
  C:1031H         LINE#         1140
  C:103EH         LINE#         1141
  C:104BH         LINE#         1143
  C:1058H         LINE#         1144
  C:1065H         LINE#         1145
  C:1072H         LINE#         1147
  C:1078H         LINE#         1148
  C:1078H         LINE#         1149
  C:109CH         LINE#         1150
  C:10A7H         LINE#         1151
  C:10C0H         LINE#         1152
  C:10C6H         LINE#         1153
  C:10DBH         LINE#         1154
  C:10E7H         LINE#         1155
  C:10F4H         LINE#         1156
  C:1101H         LINE#         1157
  C:110EH         LINE#         1159
  C:111BH         LINE#         1160
  C:1126H         LINE#         1161
  C:1131H         LINE#         1162
  C:113CH         LINE#         1163
  C:1147H         LINE#         1164
  C:1152H         LINE#         1165
  C:115DH         LINE#         1166
  C:1168H         LINE#         1168
  C:116FH         LINE#         1169
  C:116FH         LINE#         1170
  C:117CH         LINE#         1171
  C:117CH         LINE#         1172
  C:1189H         LINE#         1174
  C:118FH         LINE#         1175
  C:118FH         LINE#         1176
  C:119AH         LINE#         1177
  C:119DH         LINE#         1178
  C:11A4H         LINE#         1179
  C:11ACH         LINE#         1180
  C:11B5H         LINE#         1181
  C:11BBH         LINE#         1183
  C:11C6H         LINE#         1184
  C:11C6H         LINE#         1186
  C:11C9H         LINE#         1187
  -------         ENDPROC       _SETTINGDISPLAY
  -------         PROC          POWERONDISPLAY
  C:2455H         LINE#         1195
  C:2455H         LINE#         1196
  C:2455H         LINE#         1197
  C:2458H         LINE#         1198
  C:245BH         LINE#         1199
  C:245EH         LINE#         1200
  C:2461H         LINE#         1201
  C:2464H         LINE#         1202
  C:2467H         LINE#         1203
  C:246AH         LINE#         1206
  C:246FH         LINE#         1207
BL51 BANKED LINKER/LOCATER V5.12                                                      04/07/2014  12:45:21  PAGE 28


  C:247CH         LINE#         1208
  -------         ENDPROC       POWERONDISPLAY
  -------         PROC          _MAINDISPLAY
  X:0049H         SYMBOL        displayStatus
  -------         DO            
  X:004AH         SYMBOL        i
  D:0002H         SYMBOL        currentTimeCount
  -------         ENDDO         
  C:001EH         LINE#         1216
  C:0023H         LINE#         1217
  C:0023H         LINE#         1219
  C:0026H         LINE#         1220
  C:0029H         LINE#         1222
  C:003BH         LINE#         1223
  C:004CH         LINE#         1225
  C:005BH         LINE#         1226
  C:005BH         LINE#         1227
  C:007CH         LINE#         1228
  C:00A0H         LINE#         1229
  C:00A8H         LINE#         1230
  C:00B0H         LINE#         1231
  C:00B0H         LINE#         1232
  C:00B6H         LINE#         1233
  C:00B6H         LINE#         1234
  C:00BFH         LINE#         1235
  C:00C1H         LINE#         1236
  C:00C9H         LINE#         1237
  C:00C9H         LINE#         1238
  C:00D3H         LINE#         1239
  C:00D3H         LINE#         1240
  C:00D5H         LINE#         1242
  C:00D5H         LINE#         1243
  C:00DBH         LINE#         1244
  C:00DBH         LINE#         1245
  C:00FCH         LINE#         1246
  C:00FEH         LINE#         1247
  C:0105H         LINE#         1248
  C:0105H         LINE#         1249
  C:0129H         LINE#         1250
  C:0129H         LINE#         1251
  C:0129H         LINE#         1253
  C:0138H         LINE#         1254
  C:0138H         LINE#         1255
  C:014CH         LINE#         1256
  C:014CH         LINE#         1257
  C:015AH         LINE#         1258
  C:015CH         LINE#         1260
  C:015CH         LINE#         1261
  C:0173H         LINE#         1262
  C:0173H         LINE#         1263
  C:017BH         LINE#         1265
  C:0181H         LINE#         1266
  C:0181H         LINE#         1267
  C:0188H         LINE#         1268
  C:0188H         LINE#         1269
  C:019BH         LINE#         1270
  C:019BH         LINE#         1271
BL51 BANKED LINKER/LOCATER V5.12                                                      04/07/2014  12:45:21  PAGE 29


  C:01AEH         LINE#         1272
  C:01AEH         LINE#         1273
  C:01BCH         LINE#         1274
  C:01BCH         LINE#         1275
  C:01CFH         LINE#         1276
  C:01CFH         LINE#         1279
  C:01D5H         LINE#         1280
  C:01D5H         LINE#         1281
  C:01D8H         LINE#         1282
  C:01D8H         LINE#         1284
  C:01D8H         LINE#         1285
  C:01D8H         LINE#         1286
  C:01D8H         LINE#         1287
  C:01DBH         LINE#         1289
  C:01E8H         LINE#         1290
  C:01F0H         LINE#         1291
  C:01F6H         LINE#         1293
  C:0201H         LINE#         1296
  C:020EH         LINE#         1297
  C:0222H         LINE#         1298
  C:0222H         LINE#         1299
  C:0222H         LINE#         1300
  C:0228H         LINE#         1301
  C:022AH         LINE#         1302
  C:022AH         LINE#         1303
  C:0230H         LINE#         1304
  C:0232H         LINE#         1305
  C:0232H         LINE#         1306
  C:0238H         LINE#         1307
  C:023AH         LINE#         1308
  C:023AH         LINE#         1309
  C:0240H         LINE#         1310
  C:0242H         LINE#         1311
  C:0242H         LINE#         1312
  C:0248H         LINE#         1313
  C:024AH         LINE#         1314
  C:024AH         LINE#         1315
  C:0257H         LINE#         1316
  C:0257H         LINE#         1318
  C:0269H         LINE#         1319
  C:0269H         LINE#         1320
  C:027AH         LINE#         1321
  C:027AH         LINE#         1322
  C:028FH         LINE#         1323
  C:029FH         LINE#         1324
  C:02A2H         LINE#         1325
  C:02B9H         LINE#         1326
  C:02B9H         LINE#         1327
  C:02CBH         LINE#         1328
  C:02DBH         LINE#         1329
  C:02DEH         LINE#         1331
  C:02DEH         LINE#         1332
  C:02E9H         LINE#         1333
  C:02E9H         LINE#         1334
  C:031DH         LINE#         1335
  C:032BH         LINE#         1336
  C:0340H         LINE#         1337
BL51 BANKED LINKER/LOCATER V5.12                                                      04/07/2014  12:45:21  PAGE 30


  C:0343H         LINE#         1338
  C:0355H         LINE#         1339
  C:0357H         LINE#         1341
  C:0357H         LINE#         1342
  C:036CH         LINE#         1343
  C:0381H         LINE#         1344
  C:0381H         LINE#         1345
  C:0381H         LINE#         1346
  C:038AH         LINE#         1347
  C:0397H         LINE#         1348
  C:03A2H         LINE#         1349
  C:03ADH         LINE#         1350
  C:03B8H         LINE#         1351
  C:03C3H         LINE#         1352
  C:03CEH         LINE#         1353
  C:03D9H         LINE#         1354
  C:03E4H         LINE#         1356
  C:03EAH         LINE#         1357
  C:03EAH         LINE#         1358
  C:03F1H         LINE#         1359
  C:03F1H         LINE#         1360
  C:03FEH         LINE#         1361
  C:03FEH         LINE#         1362
  C:040BH         LINE#         1363
  C:040BH         LINE#         1364
  C:0412H         LINE#         1365
  C:0412H         LINE#         1366
  C:0418H         LINE#         1367
  C:041AH         LINE#         1368
  C:0426H         LINE#         1369
  C:0426H         LINE#         1370
  C:0433H         LINE#         1371
  C:0433H         LINE#         1373
  C:0439H         LINE#         1374
  C:0439H         LINE#         1375
  C:0444H         LINE#         1376
  C:0447H         LINE#         1377
  C:0450H         LINE#         1378
  C:0456H         LINE#         1380
  C:0461H         LINE#         1381
  C:0461H         LINE#         1383
  C:0464H         LINE#         1384
  -------         ENDPROC       _MAINDISPLAY
  -------         PROC          MANIPULATORSTATUSDISPLAY
  C:2301H         LINE#         1392
  C:2301H         LINE#         1393
  C:2301H         LINE#         1394
  C:2304H         LINE#         1395
  C:2307H         LINE#         1396
  C:230AH         LINE#         1398
  C:231EH         LINE#         1399
  C:231EH         LINE#         1400
  C:231EH         LINE#         1401
  C:2324H         LINE#         1402
  C:2326H         LINE#         1403
  C:2326H         LINE#         1404
  C:232CH         LINE#         1405
BL51 BANKED LINKER/LOCATER V5.12                                                      04/07/2014  12:45:21  PAGE 31


  C:232EH         LINE#         1406
  C:232EH         LINE#         1407
  C:2334H         LINE#         1408
  C:2336H         LINE#         1409
  C:2336H         LINE#         1410
  C:233CH         LINE#         1411
  C:233EH         LINE#         1412
  C:233EH         LINE#         1413
  C:2344H         LINE#         1414
  C:2346H         LINE#         1415
  C:2346H         LINE#         1416
  C:2353H         LINE#         1417
  C:2353H         LINE#         1418
  -------         ENDPROC       MANIPULATORSTATUSDISPLAY
  -------         PROC          _TP_RESPONSE
  D:0005H         SYMBOL        tpValue
  C:1FB0H         LINE#         1425
  C:1FB2H         LINE#         1426
  C:1FB2H         LINE#         1427
  C:1FB5H         LINE#         1428
  C:1FD8H         LINE#         1429
  C:1FD8H         LINE#         1430
  C:1FD8H         LINE#         1431
  C:1FE6H         LINE#         1432
  C:1FE8H         LINE#         1433
  C:1FE8H         LINE#         1434
  C:1FF7H         LINE#         1435
  C:1FF9H         LINE#         1436
  C:1FF9H         LINE#         1439
  C:1FF9H         LINE#         1442
  C:1FF9H         LINE#         1443
  C:2008H         LINE#         1444
  C:200AH         LINE#         1445
  C:200AH         LINE#         1446
  C:2019H         LINE#         1447
  C:201BH         LINE#         1448
  C:201BH         LINE#         1449
  C:202AH         LINE#         1450
  C:202CH         LINE#         1451
  C:202CH         LINE#         1452
  C:203BH         LINE#         1453
  C:203BH         LINE#         1454
  C:203EH         LINE#         1456
  C:203EH         LINE#         1457
  C:203EH         LINE#         1458
  -------         ENDPROC       _TP_RESPONSE
  -------         ENDMOD        RA8806

  -------         MODULE        BASEFUNC
  C:0000H         SYMBOL        _ICE_DUMMY_
  C:2567H         PUBLIC        _delay_ms
  C:2655H         PUBLIC        _delay_us
  -------         PROC          _DELAY_US
  D:0006H         SYMBOL        us_value
  -------         DO            
  X:004EH         SYMBOL        k
  -------         ENDDO         
BL51 BANKED LINKER/LOCATER V5.12                                                      04/07/2014  12:45:21  PAGE 32


  C:2655H         LINE#         20
  C:2655H         LINE#         21
  C:2655H         LINE#         23
  C:265FH         LINE#         24
  C:265FH         LINE#         25
  C:266DH         LINE#         26
  C:266FH         LINE#         27
  -------         ENDPROC       _DELAY_US
  -------         PROC          _DELAY_MS
  X:0049H         SYMBOL        ms_value
  -------         DO            
  D:0002H         SYMBOL        k
  -------         ENDDO         
  C:2567H         LINE#         34
  C:256FH         LINE#         35
  C:256FH         LINE#         37
  C:257FH         LINE#         38
  C:257FH         LINE#         39
  C:2586H         LINE#         40
  C:258DH         LINE#         41
  -------         ENDPROC       _DELAY_MS
  -------         ENDMOD        BASEFUNC

  -------         MODULE        PARAMETER
  C:0000H         SYMBOL        _ICE_DUMMY_
  X:0000H         PUBLIC        displayMode
  X:0001H         PUBLIC        manipulator
  C:1E62H         PUBLIC        parameter_read
  X:0004H         PUBLIC        speedUpFlag
  X:0005H         PUBLIC        drivingDirect
  C:1602H         PUBLIC        parameter_save
  X:0006H         PUBLIC        runMode
  C:1F0CH         PUBLIC        parameter_init
  X:0007H         PUBLIC        displayFlag
  X:0008H         PUBLIC        cistern
  -------         PROC          PARAMETER_READ
  -------         DO            
  X:0048H         SYMBOL        i
  X:004AH         SYMBOL        result
  -------         ENDDO         
  C:1E62H         LINE#         34
  C:1E62H         LINE#         35
  C:1E62H         LINE#         36
  C:1E6AH         LINE#         37
  C:1E6FH         LINE#         38
  C:1E7EH         LINE#         39
  C:1E7EH         LINE#         40
  C:1E94H         LINE#         41
  C:1E94H         LINE#         42
  C:1EE4H         LINE#         43
  C:1EF4H         LINE#         44
  C:1EFCH         LINE#         45
  C:1EFEH         LINE#         47
  C:1EFEH         LINE#         48
  C:1F05H         LINE#         49
  C:1F05H         LINE#         50
  C:1F0BH         LINE#         51
BL51 BANKED LINKER/LOCATER V5.12                                                      04/07/2014  12:45:21  PAGE 33


  -------         ENDPROC       PARAMETER_READ
  -------         PROC          PARAMETER_INIT
  -------         DO            
  D:0007H         SYMBOL        i
  -------         ENDDO         
  C:1F0CH         LINE#         58
  C:1F0CH         LINE#         59
  C:1F0CH         LINE#         61
  C:1F11H         LINE#         62
  C:1F15H         LINE#         63
  C:1F16H         LINE#         64
  C:1F16H         LINE#         65
  C:1F27H         LINE#         66
  C:1F39H         LINE#         67
  C:1F3EH         LINE#         68
  C:1F43H         LINE#         69
  C:1F49H         LINE#         70
  C:1F49H         LINE#         71
  C:1F52H         LINE#         72
  C:1F5CH         LINE#         73
  C:1F66H         LINE#         74
  C:1F70H         LINE#         75
  C:1F7AH         LINE#         76
  C:1F84H         LINE#         77
  C:1F8EH         LINE#         78
  C:1F97H         LINE#         79
  C:1F97H         LINE#         80
  C:1F9CH         LINE#         81
  C:1FA0H         LINE#         82
  C:1FA3H         LINE#         83
  C:1FA7H         LINE#         84
  C:1FABH         LINE#         85
  C:1FAFH         LINE#         86
  -------         ENDPROC       PARAMETER_INIT
  -------         PROC          PARAMETER_SAVE
  -------         DO            
  X:0049H         SYMBOL        i
  X:004BH         SYMBOL        result
  -------         ENDDO         
  C:1602H         LINE#         93
  C:1602H         LINE#         94
  C:1602H         LINE#         95
  C:160AH         LINE#         96
  C:160FH         LINE#         97
  C:1615H         LINE#         98
  C:162AH         LINE#         99
  C:162AH         LINE#         100
  C:1631H         LINE#         101
  C:1638H         LINE#         102
  C:1648H         LINE#         103
  C:164DH         LINE#         104
  C:1654H         LINE#         105
  C:1654H         LINE#         106
  C:1684H         LINE#         107
  C:16BCH         LINE#         108
  C:16DCH         LINE#         109
  C:16E5H         LINE#         110
BL51 BANKED LINKER/LOCATER V5.12                                                      04/07/2014  12:45:21  PAGE 34


  C:16EAH         LINE#         111
  C:1701H         LINE#         112
  C:1701H         LINE#         113
  C:172DH         LINE#         114
  C:172DH         LINE#         115
  C:1734H         LINE#         116
  C:1734H         LINE#         117
  C:1765H         LINE#         118
  C:1765H         LINE#         119
  C:176CH         LINE#         120
  C:176CH         LINE#         121
  C:177DH         LINE#         122
  C:1794H         LINE#         123
  C:1794H         LINE#         124
  C:17BCH         LINE#         125
  C:17CCH         LINE#         126
  C:17D2H         LINE#         127
  -------         ENDPROC       PARAMETER_SAVE
  -------         ENDMOD        PARAMETER

  -------         MODULE        EEPROM
  C:0000H         SYMBOL        _ICE_DUMMY_
  D:00C5H         PUBLIC        IAP_CMD
  C:26A1H         PUBLIC        _IapReadByte
  C:000EH         PUBLIC        IapIdle
  D:00C3H         PUBLIC        IAP_ADDRH
  D:00C4H         PUBLIC        IAP_ADDRL
  D:00C7H         PUBLIC        IAP_CONTR
  C:27E6H         PUBLIC        _Delay
  D:00C2H         PUBLIC        IAP_DATA
  C:27A9H         PUBLIC        _IapEraseSector
  C:2670H         PUBLIC        _IapProgramByte
  D:00C6H         PUBLIC        IAP_TRIG
  -------         PROC          _DELAY
  D:0007H         SYMBOL        n
  -------         DO            
  D:0004H         SYMBOL        x
  -------         ENDDO         
  C:27E6H         LINE#         44
  C:27E6H         LINE#         45
  C:27E6H         LINE#         48
  C:27ECH         LINE#         49
  C:27ECH         LINE#         50
  C:27EFH         LINE#         51
  C:27F9H         LINE#         52
  C:27F9H         LINE#         53
  -------         ENDPROC       _DELAY
  -------         PROC          IAPIDLE
  C:000EH         LINE#         59
  C:000EH         LINE#         60
  C:000EH         LINE#         61
  C:0011H         LINE#         62
  C:0013H         LINE#         63
  C:0015H         LINE#         64
  C:0018H         LINE#         65
  C:001AH         LINE#         66
  -------         ENDPROC       IAPIDLE
BL51 BANKED LINKER/LOCATER V5.12                                                      04/07/2014  12:45:21  PAGE 35


  -------         PROC          _IAPREADBYTE
  D:0006H         SYMBOL        addr
  -------         DO            
  D:0007H         SYMBOL        dat
  -------         ENDDO         
  C:26A1H         LINE#         73
  C:26A1H         LINE#         74
  C:26A1H         LINE#         77
  C:26A4H         LINE#         78
  C:26A7H         LINE#         79
  C:26A9H         LINE#         80
  C:26ACH         LINE#         81
  C:26AFH         LINE#         82
  C:26B2H         LINE#         83
  C:26B3H         LINE#         84
  C:26B5H         LINE#         85
  C:26B8H         LINE#         87
  C:26B8H         LINE#         88
[...]
  C:07F1H         LINE#         99
  C:07F1H         LINE#         100
  C:07F1H         LINE#         101
  C:07F1H         LINE#         102
  C:07F4H         LINE#         103
  C:07F4H         LINE#         104
  C:07FEH         LINE#         105
  C:07FEH         LINE#         106
  C:0804H         LINE#         107
  C:0806H         LINE#         108
  C:0808H         LINE#         110
  C:080CH         LINE#         111
  C:0812H         LINE#         112
  C:0812H         LINE#         113
  C:0815H         LINE#         114
  C:0815H         LINE#         115
  C:0815H         LINE#         116
  C:0815H         LINE#         117
  C:0818H         LINE#         118
  C:0818H         LINE#         119
BL51 BANKED LINKER/LOCATER V5.12                                                      04/07/2014  12:45:21  PAGE 41


  C:082AH         LINE#         120
  C:082AH         LINE#         121
  C:0833H         LINE#         122
  C:0833H         LINE#         123
  C:0835H         LINE#         124
  C:0837H         LINE#         125
  C:083DH         LINE#         126
  C:0841H         LINE#         127
  C:0847H         LINE#         128
  C:0847H         LINE#         129
  C:084AH         LINE#         130
  C:084AH         LINE#         131
  C:084AH         LINE#         132
  C:084CH         LINE#         133
  C:0851H         LINE#         134
  C:0851H         LINE#         135
  C:0853H         LINE#         136
  C:0855H         LINE#         138
  C:085BH         LINE#         139
  C:085FH         LINE#         140
  C:0865H         LINE#         141
  C:0865H         LINE#         142
  C:0868H         LINE#         143
  C:0868H         LINE#         144
  C:086BH         LINE#         145
  C:086EH         LINE#         147
  C:086EH         LINE#         148
  C:0870H         LINE#         149
  C:0876H         LINE#         150
  C:0876H         LINE#         151
  C:0879H         LINE#         152
  C:0879H         LINE#         153
  C:0879H         LINE#         154
  C:0879H         LINE#         155
  C:0879H         LINE#         156
  C:087CH         LINE#         157
  C:087CH         LINE#         158
  C:087EH         LINE#         159
  C:0884H         LINE#         160
  C:088AH         LINE#         161
  C:088AH         LINE#         162
  C:088DH         LINE#         163
  C:088DH         LINE#         164
  C:088DH         LINE#         165
  C:0890H         LINE#         166
  C:0890H         LINE#         167
  C:0896H         LINE#         168
  C:0896H         LINE#         169
  C:0898H         LINE#         170
  C:089DH         LINE#         171
  C:08A1H         LINE#         172
  C:08B4H         LINE#         173
  C:08C6H         LINE#         174
  C:08CBH         LINE#         175
  C:08CBH         LINE#         176
  C:08CBH         LINE#         177
  C:08CDH         LINE#         178
BL51 BANKED LINKER/LOCATER V5.12                                                      04/07/2014  12:45:21  PAGE 42


  C:08D4H         LINE#         180
  C:08D5H         LINE#         181
  C:08D8H         LINE#         182
  C:08D8H         LINE#         183
  C:08F0H         LINE#         184
  C:08F0H         LINE#         185
  C:08F9H         LINE#         186
  C:08F9H         LINE#         187
  C:08FBH         LINE#         188
  C:08FDH         LINE#         189
  C:0903H         LINE#         190
  C:0907H         LINE#         191
  C:0910H         LINE#         192
  C:0910H         LINE#         193
  C:0910H         LINE#         194
  C:0910H         LINE#         195
  C:0912H         LINE#         196
  C:0917H         LINE#         197
  C:0917H         LINE#         198
  C:0919H         LINE#         199
  C:091BH         LINE#         201
  C:0921H         LINE#         202
  C:0925H         LINE#         203
  C:092EH         LINE#         204
  C:092EH         LINE#         205
  C:0931H         LINE#         206
  C:0931H         LINE#         207
  C:0932H         LINE#         209
  C:0932H         LINE#         210
  C:0934H         LINE#         211
  C:0937H         LINE#         212
  C:0937H         LINE#         213
  C:0937H         LINE#         214
  C:093AH         LINE#         215
  C:093AH         LINE#         216
  C:0944H         LINE#         217
  C:0944H         LINE#         218
  C:094AH         LINE#         219
  C:094CH         LINE#         220
  C:094EH         LINE#         222
  C:0952H         LINE#         223
  C:0958H         LINE#         224
  C:0958H         LINE#         225
  C:095BH         LINE#         226
  C:095BH         LINE#         227
  C:095EH         LINE#         228
  C:095EH         LINE#         229
  C:0960H         LINE#         230
  C:0960H         LINE#         231
  C:0972H         LINE#         232
  C:0972H         LINE#         233
  C:097BH         LINE#         234
  C:097BH         LINE#         235
  C:097DH         LINE#         236
  C:097FH         LINE#         237
  C:0985H         LINE#         238
  C:0989H         LINE#         239
BL51 BANKED LINKER/LOCATER V5.12                                                      04/07/2014  12:45:21  PAGE 43


  C:098FH         LINE#         240
  C:098FH         LINE#         241
  C:0992H         LINE#         242
  C:0992H         LINE#         243
  C:0992H         LINE#         244
  C:0994H         LINE#         245
  C:0999H         LINE#         246
  C:0999H         LINE#         247
  C:099BH         LINE#         248
  C:099DH         LINE#         250
  C:09A3H         LINE#         251
  C:09A7H         LINE#         252
  C:09ADH         LINE#         253
  C:09ADH         LINE#         254
  C:09B0H         LINE#         255
  C:09B0H         LINE#         256
  C:09B6H         LINE#         257
  C:09B7H         LINE#         259
  C:09B7H         LINE#         260
  C:09B9H         LINE#         261
  C:09BFH         LINE#         262
  C:09BFH         LINE#         263
  C:09C2H         LINE#         264
  C:09C2H         LINE#         265
  C:09C5H         LINE#         266
  C:09C5H         LINE#         267
  C:09C5H         LINE#         268
  C:09C7H         LINE#         269
  C:09C7H         LINE#         270
  C:09C9H         LINE#         271
  C:09CFH         LINE#         272
  C:09D5H         LINE#         273
  C:09D5H         LINE#         274
  C:09D8H         LINE#         275
  C:09D8H         LINE#         276
  C:09DEH         LINE#         277
  C:09DFH         LINE#         278
  C:09DFH         LINE#         279
  C:09E2H         LINE#         280
  C:09E2H         LINE#         281
  C:09E4H         LINE#         282
  C:09EAH         LINE#         283
  C:09EFH         LINE#         284
  C:0A03H         LINE#         285
  C:0A15H         LINE#         286
  C:0A1AH         LINE#         287
  C:0A20H         LINE#         288
  C:0A20H         LINE#         289
  C:0A21H         LINE#         290
  C:0A21H         LINE#         291
  C:0A22H         LINE#         292
  C:0A22H         LINE#         293
  -------         ENDPROC       _A_UP_DOWN
  -------         PROC          A_MOVE_ENTRANCE
  C:20CBH         LINE#         295
  C:20CBH         LINE#         296
  C:20CBH         LINE#         297
BL51 BANKED LINKER/LOCATER V5.12                                                      04/07/2014  12:45:21  PAGE 44


  C:20DCH         LINE#         298
  C:20DCH         LINE#         299
  C:20DCH         LINE#         300
  C:20E2H         LINE#         301
  C:20E2H         LINE#         302
  C:20E4H         LINE#         303
  C:20E4H         LINE#         304
  C:20F3H         LINE#         305
  C:20F3H         LINE#         306
  C:20F5H         LINE#         307
  C:20FBH         LINE#         308
  C:20FFH         LINE#         309
  C:2105H         LINE#         310
  C:2105H         LINE#         311
  C:2108H         LINE#         312
  C:2108H         LINE#         313
  C:2108H         LINE#         314
  C:2108H         LINE#         315
  C:210AH         LINE#         316
  C:210AH         LINE#         317
  C:210DH         LINE#         318
  C:210DH         LINE#         319
  C:2114H         LINE#         320
  C:2116H         LINE#         321
  C:2118H         LINE#         322
  C:211CH         LINE#         323
  C:2120H         LINE#         324
  C:2126H         LINE#         325
  C:2126H         LINE#         326
  C:2129H         LINE#         327
  C:2129H         LINE#         328
  C:212EH         LINE#         329
  C:2134H         LINE#         330
  C:2134H         LINE#         331
  C:2135H         LINE#         332
  C:2135H         LINE#         333
  C:2144H         LINE#         334
  C:2144H         LINE#         335
  C:2148H         LINE#         336
  C:214CH         LINE#         337
  C:2152H         LINE#         338
  C:2152H         LINE#         339
  C:2153H         LINE#         340
  C:2153H         LINE#         341
  C:2154H         LINE#         342
  C:2154H         LINE#         343
  -------         ENDPROC       A_MOVE_ENTRANCE
  -------         PROC          MANUALMODE_OPERATION
  C:280BH         LINE#         345
  C:280BH         LINE#         346
  C:280BH         LINE#         347
  C:280DH         LINE#         348
  C:280FH         LINE#         349
  C:2811H         LINE#         350
  C:2813H         LINE#         351
  C:2815H         LINE#         352
  -------         ENDPROC       MANUALMODE_OPERATION
BL51 BANKED LINKER/LOCATER V5.12                                                      04/07/2014  12:45:21  PAGE 45


  -------         ENDMOD        OPERATION

  -------         MODULE        DISPATCH
  C:0000H         SYMBOL        _ICE_DUMMY_
  D:0090H         PUBLIC        P1
  D:00B0H         PUBLIC        P3
  D:00A8H         PUBLIC        IE
  C:2816H         PUBLIC        ManualDispatch
  D:00B8H         PUBLIC        IP
  X:005FH         PUBLIC        ManiDispatchCurrent
  X:0060H         PUBLIC        ManualDispatchSteps
  D:0098H         PUBLIC        SCON
  D:0088H         PUBLIC        TCON
  C:11CCH         PUBLIC        ManiDispatch
  X:0061H         PUBLIC        ManiDispatchTimer
  X:0063H         PUBLIC        ManiDispatchSteps
  D:00C8H         PUBLIC        T2CON
  D:00D0H         PUBLIC        PSW
  -------         PROC          MANIDISPATCH
  C:11CCH         LINE#         30
  C:11CCH         LINE#         31
  C:11CCH         LINE#         32
  C:11FBH         LINE#         33
  C:11FBH         LINE#         34
  C:11FBH         LINE#         35
  C:1200H         LINE#         36
  C:1205H         LINE#         37
  C:1206H         LINE#         38
  C:1206H         LINE#         39
  C:1209H         LINE#         40
  C:1214H         LINE#         41
  C:1214H         LINE#         42
  C:1214H         LINE#         43
  C:1214H         LINE#         44
  C:1217H         LINE#         45
  C:1217H         LINE#         46
  C:121EH         LINE#         47
  C:1229H         LINE#         48
  C:1229H         LINE#         49
  C:1229H         LINE#         50
  C:1229H         LINE#         51
  C:122CH         LINE#         52
  C:122CH         LINE#         53
  C:1233H         LINE#         54
  C:123EH         LINE#         55
  C:123EH         LINE#         56
  C:123EH         LINE#         57
  C:123EH         LINE#         58
  C:1241H         LINE#         59
  C:1241H         LINE#         60
  C:1248H         LINE#         61
  C:1253H         LINE#         62
  C:1253H         LINE#         63
  C:1253H         LINE#         64
  C:1253H         LINE#         65
  C:1256H         LINE#         66
  C:1256H         LINE#         67
BL51 BANKED LINKER/LOCATER V5.12                                                      04/07/2014  12:45:21  PAGE 46


  C:125DH         LINE#         68
  C:1268H         LINE#         69
  C:1268H         LINE#         70
  C:1268H         LINE#         71
  C:1268H         LINE#         72
  C:126AH         LINE#         73
  C:126AH         LINE#         74
  C:1271H         LINE#         75
  C:127CH         LINE#         76
  C:127CH         LINE#         77
  C:127CH         LINE#         78
  C:127CH         LINE#         79
  C:127EH         LINE#         80
  C:127EH         LINE#         81
  C:1285H         LINE#         82
  C:1290H         LINE#         83
  C:1290H         LINE#         84
  C:1296H         LINE#         86
  C:12A1H         LINE#         87
  C:12A1H         LINE#         88
  C:12A1H         LINE#         89
  C:12A1H         LINE#         90
  C:12A1H         LINE#         91
  C:12A4H         LINE#         92
  C:12A4H         LINE#         93
  C:12ABH         LINE#         94
  C:12B6H         LINE#         95
  C:12B6H         LINE#         96
  C:12B6H         LINE#         97
  C:12B6H         LINE#         98
  C:12B8H         LINE#         99
  C:12B8H         LINE#         100
  C:12BFH         LINE#         101
  C:12CAH         LINE#         102
  C:12CAH         LINE#         103
  C:12CAH         LINE#         104
  C:12CAH         LINE#         105
  C:12CCH         LINE#         106
  C:12CCH         LINE#         107
  C:12D2H         LINE#         108
  C:12D9H         LINE#         109
  C:12E4H         LINE#         110
  C:12E4H         LINE#         111
  C:12E8H         LINE#         112
  C:12EEH         LINE#         113
  C:12EEH         LINE#         114
  C:12EFH         LINE#         115
  C:12EFH         LINE#         116
  C:12FDH         LINE#         117
  C:12FDH         LINE#         118
  C:1302H         LINE#         119
  C:130AH         LINE#         120
  C:130FH         LINE#         121
  C:1310H         LINE#         122
  C:131DH         LINE#         123
  C:131DH         LINE#         124
  C:1322H         LINE#         125
BL51 BANKED LINKER/LOCATER V5.12                                                      04/07/2014  12:45:21  PAGE 47


  C:132AH         LINE#         126
  C:132EH         LINE#         127
  C:132FH         LINE#         128
  C:133CH         LINE#         129
  C:133CH         LINE#         130
  C:1341H         LINE#         131
  C:1349H         LINE#         132
  C:134FH         LINE#         133
  C:1350H         LINE#         134
  C:135DH         LINE#         135
  C:135DH         LINE#         136
  C:1362H         LINE#         137
  C:136AH         LINE#         138
  C:1370H         LINE#         139
  C:1371H         LINE#         140
  C:137FH         LINE#         141
  C:137FH         LINE#         142
  C:1384H         LINE#         143
  C:138CH         LINE#         144
  C:1392H         LINE#         145
  C:1393H         LINE#         146
  C:139DH         LINE#         147
  C:139DH         LINE#         148
  C:13A2H         LINE#         149
  C:13AAH         LINE#         150
  C:13B0H         LINE#         151
  C:13B1H         LINE#         152
  C:13BEH         LINE#         153
  C:13BEH         LINE#         154
  C:13C3H         LINE#         155
  C:13CBH         LINE#         156
  C:13D1H         LINE#         157
  C:13D2H         LINE#         158
  C:13DFH         LINE#         159
  C:13DFH         LINE#         160
  C:13E4H         LINE#         161
  C:13ECH         LINE#         162
  C:13F2H         LINE#         163
  C:13F3H         LINE#         164
  C:13FDH         LINE#         165
  C:13FDH         LINE#         166
  C:1402H         LINE#         167
  C:140AH         LINE#         168
  C:1410H         LINE#         169
  C:1410H         LINE#         170
  C:1411H         LINE#         171
  C:1411H         LINE#         172
  C:1412H         LINE#         173
  C:1412H         LINE#         174
  -------         ENDPROC       MANIDISPATCH
  -------         PROC          MANUALDISPATCH
  C:2816H         LINE#         176
  C:2816H         LINE#         177
  C:2816H         LINE#         178
  C:281CH         LINE#         179
  -------         ENDPROC       MANUALDISPATCH
  -------         ENDMOD        DISPATCH
BL51 BANKED LINKER/LOCATER V5.12                                                      04/07/2014  12:45:21  PAGE 48



  -------         MODULE        KEY
  C:0000H         SYMBOL        _ICE_DUMMY_
  D:0090H         PUBLIC        P1
  D:00B0H         PUBLIC        P3
  X:0069H         PUBLIC        Key_Scan_Steps
  D:00A8H         PUBLIC        IE
  C:229DH         PUBLIC        Key_Scan
  D:00B8H         PUBLIC        IP
  D:0098H         PUBLIC        SCON
  D:0088H         PUBLIC        TCON
  B:0090H.6       PUBLIC        Key_In
  B:0090H.5       PUBLIC        Key_Out
  D:00C8H         PUBLIC        T2CON
  D:00D0H         PUBLIC        PSW
  -------         PROC          KEY_SCAN
  C:229DH         LINE#         18
  C:229DH         LINE#         19
  C:229DH         LINE#         20
  C:22AEH         LINE#         21
  C:22AEH         LINE#         22
  C:22AEH         LINE#         23
  C:22B4H         LINE#         24
  C:22B4H         LINE#         25
  C:22BAH         LINE#         26
  C:22BAH         LINE#         27
  C:22BBH         LINE#         28
  C:22BBH         LINE#         29
  C:22C1H         LINE#         30
  C:22C1H         LINE#         31
  C:22C7H         LINE#         32
  C:22C8H         LINE#         38
  C:22C8H         LINE#         39
  C:22D2H         LINE#         40
  C:22D2H         LINE#         41
  C:22D5H         LINE#         42
  C:22DAH         LINE#         43
  C:22DAH         LINE#         44
  C:22E4H         LINE#         45
  C:22E4H         LINE#         46
  C:22E7H         LINE#         47
  C:22ECH         LINE#         48
  C:22ECH         LINE#         49
  C:22F2H         LINE#         50
  C:22F3H         LINE#         51
  C:22F3H         LINE#         52
  C:22F9H         LINE#         53
  C:22F9H         LINE#         54
  C:22FEH         LINE#         55
  C:22FEH         LINE#         56
  C:22FFH         LINE#         57
  C:22FFH         LINE#         58
  C:2300H         LINE#         59
  C:2300H         LINE#         60
  -------         ENDPROC       KEY_SCAN
  -------         ENDMOD        KEY

BL51 BANKED LINKER/LOCATER V5.12                                                      04/07/2014  12:45:21  PAGE 49


  -------         MODULE        ?C?CLDPTR
  C:1413H         PUBLIC        ?C?CLDPTR
  -------         ENDMOD        ?C?CLDPTR

  -------         MODULE        ?C?IMUL
  C:142CH         PUBLIC        ?C?IMUL
  -------         ENDMOD        ?C?IMUL

  -------         MODULE        ?C?UIDIV
  C:143EH         PUBLIC        ?C?UIDIV
  -------         ENDMOD        ?C?UIDIV

  -------         MODULE        ?C?IILDX
  C:1493H         PUBLIC        ?C?IILDX
  -------         ENDMOD        ?C?IILDX

  -------         MODULE        ?C?ILDIX
  C:14A9H         PUBLIC        ?C?ILDIX
  -------         ENDMOD        ?C?ILDIX

  -------         MODULE        ?C?LMUL
  C:14BFH         PUBLIC        ?C?LMUL
  -------         ENDMOD        ?C?LMUL

  -------         MODULE        ?C?SLDIV
  C:23DDH         PUBLIC        ?C?SLDIV
  -------         ENDMOD        ?C?SLDIV

  -------         MODULE        ?C?CCASE
  C:150EH         PUBLIC        ?C?CCASE
  -------         ENDMOD        ?C?CCASE

  -------         MODULE        ?C?ULDIV
  C:1570H         PUBLIC        ?C?ULDIV
  -------         ENDMOD        ?C?ULDIV

Program Size: data=17.0 xdata=106 code=10263
LINK/LOCATE RUN COMPLETE.  0 WARNING(S),  0 ERROR(S)
