BL51 BANKED LINKER/LOCATER V5.12                                                        04/14/2014  16:43:29  PAGE 1


BL51 BANKED LINKER/LOCATER V5.12, INVOKED BY:
C:\KEIL\C51\BIN\BL51.EXE .\output\STARTUP.obj, .\output\main.obj, .\output\ra8806.obj, .\output\basefunc.obj, .\output\p
>> arameter.obj, .\output\eeprom.obj, .\output\timer.obj, .\output\position.obj, .\output\operation.obj, .\output\dispat
>> ch.obj, .\output\key.obj TO .\output\SoakControl PRINT (.\listing\SoakControl.m51) RAMSIZE (256) XDATA (0X0000-0X03FE
>> )


MEMORY MODEL: LARGE


INPUT MODULES INCLUDED:
  .\output\STARTUP.obj (?C_STARTUP)
  .\output\main.obj (MAIN)
  .\output\ra8806.obj (RA8806)
  .\output\basefunc.obj (BASEFUNC)
  .\output\parameter.obj (PARAMETER)
  .\output\eeprom.obj (EEPROM)
  .\output\timer.obj (TIMER)
  .\output\position.obj (POSITION)
  .\output\operation.obj (OPERATION)
  .\output\dispatch.obj (DISPATCH)
  .\output\key.obj (KEY)
  C:\KEIL\C51\LIB\C51L.LIB (?C_INIT)
  C:\KEIL\C51\LIB\C51L.LIB (?C?CLDPTR)
  C:\KEIL\C51\LIB\C51L.LIB (?C?IMUL)
  C:\KEIL\C51\LIB\C51L.LIB (?C?UIDIV)
  C:\KEIL\C51\LIB\C51L.LIB (?C?IILDX)
  C:\KEIL\C51\LIB\C51L.LIB (?C?ILDIX)
  C:\KEIL\C51\LIB\C51L.LIB (?C?LMUL)
  C:\KEIL\C51\LIB\C51L.LIB (?C?SLDIV)
  C:\KEIL\C51\LIB\C51L.LIB (?C?CCASE)
  C:\KEIL\C51\LIB\C51L.LIB (?C?ULDIV)


LINK MAP OF MODULE:  .\output\SoakControl (?C_STARTUP)


            TYPE    BASE      LENGTH    RELOCATION   SEGMENT NAME
            -----------------------------------------------------

            * * * * * * *   D A T A   M E M O R Y   * * * * * * *
            REG     0000H     0008H     ABSOLUTE     "REG BANK 0"
            REG     0008H     0008H     ABSOLUTE     "REG BANK 1"
            IDATA   0010H     0001H     UNIT         ?STACK

            * * * * * * *  X D A T A   M E M O R Y  * * * * * * *
            XDATA   0000H     0049H     UNIT         ?XD?PARAMETER
            XDATA   0049H     0011H     UNIT         _XDATA_GROUP_
            XDATA   005AH     0006H     UNIT         ?XD?OPERATION
            XDATA   0060H     0005H     UNIT         ?XD?DISPATCH
            XDATA   0065H     0003H     UNIT         ?XD?TIMER
            XDATA   0068H     0001H     UNIT         ?XD?MAIN
            XDATA   0069H     0001H     UNIT         ?XD?POSITION
            XDATA   006AH     0001H     UNIT         ?XD?KEY

            * * * * * * *   C O D E   M E M O R Y   * * * * * * *
            CODE    0000H     0003H     ABSOLUTE     
                    0003H     0008H                  *** GAP ***
BL51 BANKED LINKER/LOCATER V5.12                                                      04/14/2014  16:43:29  PAGE 2


            CODE    000BH     0003H     ABSOLUTE     
            CODE    000EH     000DH     UNIT         ?PR?IAPIDLE?EEPROM
            CODE    001BH     0003H     ABSOLUTE     
            CODE    001EH     0449H     UNIT         ?PR?_MAINDISPLAY?RA8806
            CODE    0467H     035BH     UNIT         ?PR?_A_UP_DOWN?OPERATION
            CODE    07C2H     02FCH     UNIT         ?CO?RA8806
            CODE    0ABEH     02A4H     UNIT         ?PR?_CHECKTOUCHPAD?MAIN
            CODE    0D62H     02A3H     UNIT         ?PR?MANIDISPATCH?DISPATCH
            CODE    1005H     0287H     UNIT         ?PR?_GETTP_VALUE?RA8806
            CODE    128CH     027EH     UNIT         ?PR?_SETTINGDISPLAY?RA8806
            CODE    150AH     01EFH     UNIT         ?C?LIB_CODE
            CODE    16F9H     01D1H     UNIT         ?PR?PARAMETER_SAVE?PARAMETER
            CODE    18CAH     0182H     UNIT         ?PR?_DISPLAY_R_KUANG?RA8806
            CODE    1A4CH     0134H     UNIT         ?PR?TP_MANUALMODE?RA8806
            CODE    1B80H     00FFH     UNIT         ?PR?_SETTINGOPERATIONTIME?MAIN
            CODE    1C7FH     00C4H     UNIT         ?PR?_DISPLAY_KUANG?RA8806
            CODE    1D43H     00B3H     UNIT         ?PR?LCD_INITAL?RA8806
            CODE    1DF6H     00B2H     UNIT         ?PR?MANIPOSITION?POSITION
            CODE    1EA8H     00ACH     UNIT         ?PR?PARAMETER_INIT?PARAMETER
            CODE    1F54H     00AAH     UNIT         ?PR?PARAMETER_READ?PARAMETER
            CODE    1FFEH     009BH     UNIT         ?PR?CISTERNCOUNT?TIMER
            CODE    2099H     008FH     UNIT         ?PR?_TP_RESPONSE?RA8806
            CODE    2128H     008CH     UNIT         ?C_C51STARTUP
            CODE    21B4H     008AH     UNIT         ?PR?A_MOVE_ENTRANCE?OPERATION
            CODE    223EH     0073H     UNIT         ?PR?TM1_ISR?TIMER
            CODE    22B1H     006EH     UNIT         ?PR?MAIN?MAIN
            CODE    231FH     0067H     UNIT         ?PR?_DROW_PICTURE?RA8806
            CODE    2386H     0064H     UNIT         ?PR?KEY_SCAN?KEY
            CODE    23EAH     0053H     UNIT         ?PR?MANIPULATORSTATUSDISPLAY?RA8806
            CODE    243DH     0045H     UNIT         ?PR?_LCD_SHOWSTR?RA8806
            CODE    2482H     0044H     UNIT         ?PR?INITSETTINGPAGE?MAIN
            CODE    24C6H     0044H     UNIT         ?C?LDIV
            CODE    250AH     0034H     UNIT         ?PR?_ENLARGE?RA8806
            CODE    253EH     0034H     UNIT         ?PR?POWERONDISPLAY?RA8806
            CODE    2572H     0030H     UNIT         ?C_INITSEG
            CODE    25A2H     002BH     UNIT         ?PR?SWITCHDISPLAY?MAIN
            CODE    25CDH     0029H     UNIT         ?PR?_TOUCHPADSETCHOOSECISTERN?MAIN
            CODE    25F6H     0028H     UNIT         ?PR?TIMER_INIT?TIMER
            CODE    261EH     0027H     UNIT         ?PR?_DELAY_MS?BASEFUNC
            CODE    2645H     0027H     UNIT         ?PR?TM0_ISR?TIMER
            CODE    266CH     0026H     UNIT         ?PR?_TRANS_TPX?RA8806
            CODE    2692H     0025H     UNIT         ?PR?_TRANS_TPY?RA8806
            CODE    26B7H     0024H     UNIT         ?PR?_LCD_CMDREAD?RA8806
            CODE    26DBH     001EH     UNIT         ?PR?_LCD_GOTOXY?RA8806
            CODE    26F9H     001DH     UNIT         ?PR?_LCD_CMDWRITE?RA8806
            CODE    2716H     001DH     UNIT         ?PR?LCD_NOINV?RA8806
            CODE    2733H     001BH     UNIT         ?PR?_DELAY_US?BASEFUNC
            CODE    274EH     0019H     UNIT         ?PR?_IAPPROGRAMBYTE?EEPROM
            CODE    2767H     0018H     UNIT         ?PR?_LCD_DATAWRITE?RA8806
            CODE    277FH     0018H     UNIT         ?PR?_IAPREADBYTE?EEPROM
            CODE    2797H     0017H     UNIT         ?PR?CLEAR?RA8806
            CODE    27AEH     0016H     UNIT         ?PR?ONLY_SHOW_PAGE1?RA8806
            CODE    27C4H     0016H     UNIT         ?PR?SHOW_TWO_LAYER?RA8806
            CODE    27DAH     0016H     UNIT         ?PR?XOR_TWO_LAYER?RA8806
            CODE    27F0H     0016H     UNIT         ?PR?ACCESS_PAGE1?RA8806
            CODE    2806H     0016H     UNIT         ?PR?ACCESS_PAGE2?RA8806
            CODE    281CH     0016H     UNIT         ?PR?SWITCH_LATCH_X_DATA?RA8806
BL51 BANKED LINKER/LOCATER V5.12                                                      04/14/2014  16:43:29  PAGE 3


            CODE    2832H     0016H     UNIT         ?PR?SWITCH_LATCH_Y_DATA?RA8806
            CODE    2848H     0015H     UNIT         ?PR?LCD_GRAPHIC?RA8806
            CODE    285DH     0015H     UNIT         ?PR?LCD_TEXT?RA8806
            CODE    2872H     0015H     UNIT         ?PR?NORMAL_DATA?RA8806
            CODE    2887H     0015H     UNIT         ?PR?_IAPERASESECTOR?EEPROM
            CODE    289CH     0014H     UNIT         ?PR?ENABLE_TP?RA8806
            CODE    28B0H     0014H     UNIT         ?PR?ENABLE_MAUNAL_TP?RA8806
            CODE    28C4H     0014H     UNIT         ?PR?_DELAY?EEPROM
            CODE    28D8H     0011H     UNIT         ?PR?_LCD_SHOWCHAR?RA8806
            CODE    28E9H     000BH     UNIT         ?PR?MANUALMODE_OPERATION?OPERATION
            CODE    28F4H     0009H     UNIT         ?PR?MANUALDISPATCH?DISPATCH



OVERLAY MAP OF MODULE:   .\output\SoakControl (?C_STARTUP)


SEGMENT                                       XDATA_GROUP
  +--> CALLED SEGMENT                       START    LENGTH
-----------------------------------------------------------
?C_C51STARTUP                               -----    -----
  +--> ?PR?MAIN?MAIN
  +--> ?C_INITSEG

?PR?MAIN?MAIN                               -----    -----
  +--> ?PR?LCD_INITAL?RA8806
  +--> ?PR?POWERONDISPLAY?RA8806
  +--> ?PR?_DELAY_MS?BASEFUNC
  +--> ?PR?PARAMETER_INIT?PARAMETER
  +--> ?PR?TIMER_INIT?TIMER
  +--> ?PR?ENABLE_TP?RA8806
  +--> ?PR?ENABLE_MAUNAL_TP?RA8806
  +--> ?PR?_MAINDISPLAY?RA8806
  +--> ?PR?TP_MANUALMODE?RA8806
  +--> ?PR?_CHECKTOUCHPAD?MAIN
  +--> ?PR?SWITCHDISPLAY?MAIN
  +--> ?PR?MANIPULATORSTATUSDISPLAY?RA8806

?PR?LCD_INITAL?RA8806                       -----    -----
  +--> ?PR?_DELAY_MS?BASEFUNC
  +--> ?PR?_LCD_CMDWRITE?RA8806
  +--> ?PR?_LCD_DATAWRITE?RA8806

?PR?_DELAY_MS?BASEFUNC                      004AH    0002H
  +--> ?PR?_DELAY_US?BASEFUNC

?PR?_DELAY_US?BASEFUNC                      004FH    0002H

?PR?_LCD_CMDWRITE?RA8806                    -----    -----
  +--> ?PR?LCD_TEXT?RA8806
  +--> ?PR?_LCD_GOTOXY?RA8806

?PR?LCD_TEXT?RA8806                         -----    -----
  +--> ?PR?_LCD_CMDREAD?RA8806
  +--> ?PR?_LCD_DATAWRITE?RA8806

?PR?_LCD_CMDREAD?RA8806                     -----    -----
BL51 BANKED LINKER/LOCATER V5.12                                                      04/14/2014  16:43:29  PAGE 4


  +--> ?PR?_LCD_DATAWRITE?RA8806

?PR?_LCD_GOTOXY?RA8806                      -----    -----
  +--> ?PR?_LCD_DATAWRITE?RA8806

?PR?POWERONDISPLAY?RA8806                   -----    -----
  +--> ?PR?ACCESS_PAGE2?RA8806
  +--> ?PR?LCD_NOINV?RA8806
  +--> ?PR?CLEAR?RA8806
  +--> ?PR?ACCESS_PAGE1?RA8806
  +--> ?PR?ONLY_SHOW_PAGE1?RA8806
  +--> ?PR?_ENLARGE?RA8806
  +--> ?CO?RA8806
  +--> ?PR?_LCD_SHOWSTR?RA8806

?PR?ACCESS_PAGE2?RA8806                     -----    -----
  +--> ?PR?_LCD_CMDREAD?RA8806
  +--> ?PR?_LCD_CMDWRITE?RA8806
  +--> ?PR?_LCD_DATAWRITE?RA8806

?PR?LCD_NOINV?RA8806                        -----    -----
  +--> ?PR?ACCESS_PAGE1?RA8806
  +--> ?PR?CLEAR?RA8806
  +--> ?PR?NORMAL_DATA?RA8806
  +--> ?PR?_LCD_CMDREAD?RA8806
  +--> ?PR?_LCD_CMDWRITE?RA8806
  +--> ?PR?_LCD_DATAWRITE?RA8806

?PR?ACCESS_PAGE1?RA8806                     -----    -----
  +--> ?PR?_LCD_CMDREAD?RA8806
  +--> ?PR?_LCD_CMDWRITE?RA8806
  +--> ?PR?_LCD_DATAWRITE?RA8806

?PR?CLEAR?RA8806                            -----    -----
  +--> ?PR?LCD_GRAPHIC?RA8806
  +--> ?PR?_LCD_CMDWRITE?RA8806
  +--> ?PR?_LCD_DATAWRITE?RA8806

?PR?LCD_GRAPHIC?RA8806                      -----    -----
  +--> ?PR?_LCD_CMDREAD?RA8806
  +--> ?PR?_LCD_CMDWRITE?RA8806
  +--> ?PR?_LCD_DATAWRITE?RA8806

?PR?NORMAL_DATA?RA8806                      -----    -----
  +--> ?PR?_LCD_CMDREAD?RA8806
  +--> ?PR?_LCD_CMDWRITE?RA8806
  +--> ?PR?_LCD_DATAWRITE?RA8806

?PR?ONLY_SHOW_PAGE1?RA8806                  -----    -----
  +--> ?PR?_LCD_CMDREAD?RA8806
  +--> ?PR?_LCD_CMDWRITE?RA8806
  +--> ?PR?_LCD_DATAWRITE?RA8806

?PR?_ENLARGE?RA8806                         -----    -----
  +--> ?PR?_LCD_CMDWRITE?RA8806
  +--> ?PR?_LCD_DATAWRITE?RA8806

BL51 BANKED LINKER/LOCATER V5.12                                                      04/14/2014  16:43:29  PAGE 5


?PR?_LCD_SHOWSTR?RA8806                     004DH    0003H
  +--> ?CO?RA8806
  +--> ?PR?_LCD_CMDWRITE?RA8806
  +--> ?PR?_LCD_DATAWRITE?RA8806

?PR?PARAMETER_INIT?PARAMETER                -----    -----
  +--> ?PR?PARAMETER_READ?PARAMETER

?PR?PARAMETER_READ?PARAMETER                0049H    0004H
  +--> ?PR?_DELAY?EEPROM
  +--> ?PR?_IAPREADBYTE?EEPROM

?PR?_IAPREADBYTE?EEPROM                     -----    -----
  +--> ?PR?IAPIDLE?EEPROM

?PR?ENABLE_TP?RA8806                        -----    -----
  +--> ?PR?_LCD_CMDREAD?RA8806
  +--> ?PR?_LCD_CMDWRITE?RA8806
  +--> ?PR?_LCD_DATAWRITE?RA8806

?PR?ENABLE_MAUNAL_TP?RA8806                 -----    -----
  +--> ?PR?_LCD_CMDREAD?RA8806
  +--> ?PR?_LCD_CMDWRITE?RA8806
  +--> ?PR?_LCD_DATAWRITE?RA8806

?PR?_MAINDISPLAY?RA8806                     004AH    0002H
  +--> ?PR?ACCESS_PAGE2?RA8806
  +--> ?PR?CLEAR?RA8806
  +--> ?PR?_DISPLAY_KUANG?RA8806
  +--> ?CO?RA8806
  +--> ?PR?_DROW_PICTURE?RA8806
  +--> ?PR?_DISPLAY_R_KUANG?RA8806
  +--> ?PR?LCD_NOINV?RA8806
  +--> ?PR?_LCD_SHOWSTR?RA8806
  +--> ?PR?_LCD_SHOWCHAR?RA8806
  +--> ?PR?XOR_TWO_LAYER?RA8806
  +--> ?PR?SHOW_TWO_LAYER?RA8806

?PR?_DISPLAY_KUANG?RA8806                   0052H    0005H
  +--> ?PR?LCD_GRAPHIC?RA8806
  +--> ?PR?_LCD_GOTOXY?RA8806
  +--> ?PR?_LCD_CMDWRITE?RA8806
  +--> ?PR?_LCD_DATAWRITE?RA8806

?PR?_DROW_PICTURE?RA8806                    0052H    0008H
  +--> ?PR?LCD_GRAPHIC?RA8806
  +--> ?PR?_LCD_CMDWRITE?RA8806
  +--> ?PR?_LCD_DATAWRITE?RA8806

?PR?_DISPLAY_R_KUANG?RA8806                 004DH    0005H
  +--> ?PR?_DISPLAY_KUANG?RA8806
  +--> ?CO?RA8806
  +--> ?PR?_DROW_PICTURE?RA8806

?PR?_LCD_SHOWCHAR?RA8806                    -----    -----
  +--> ?PR?_LCD_CMDWRITE?RA8806
  +--> ?PR?_LCD_DATAWRITE?RA8806
BL51 BANKED LINKER/LOCATER V5.12                                                      04/14/2014  16:43:29  PAGE 6



?PR?XOR_TWO_LAYER?RA8806                    -----    -----
  +--> ?PR?_LCD_CMDREAD?RA8806
  +--> ?PR?_LCD_CMDWRITE?RA8806
  +--> ?PR?_LCD_DATAWRITE?RA8806

?PR?SHOW_TWO_LAYER?RA8806                   -----    -----
  +--> ?PR?_LCD_CMDREAD?RA8806
  +--> ?PR?_LCD_CMDWRITE?RA8806
  +--> ?PR?_LCD_DATAWRITE?RA8806

?PR?TP_MANUALMODE?RA8806                    0049H    0006H
  +--> ?PR?_LCD_CMDWRITE?RA8806
  +--> ?PR?_LCD_DATAWRITE?RA8806
  +--> ?PR?_LCD_CMDREAD?RA8806
  +--> ?PR?SWITCH_LATCH_X_DATA?RA8806
  +--> ?PR?_DELAY_US?BASEFUNC
  +--> ?PR?SWITCH_LATCH_Y_DATA?RA8806
  +--> ?PR?_TRANS_TPX?RA8806
  +--> ?PR?_TRANS_TPY?RA8806
  +--> ?PR?_GETTP_VALUE?RA8806

?PR?SWITCH_LATCH_X_DATA?RA8806              -----    -----
  +--> ?PR?_LCD_CMDREAD?RA8806
  +--> ?PR?_LCD_CMDWRITE?RA8806
  +--> ?PR?_LCD_DATAWRITE?RA8806

?PR?SWITCH_LATCH_Y_DATA?RA8806              -----    -----
  +--> ?PR?_LCD_CMDREAD?RA8806
  +--> ?PR?_LCD_CMDWRITE?RA8806
  +--> ?PR?_LCD_DATAWRITE?RA8806

?PR?_CHECKTOUCHPAD?MAIN                     0049H    0001H
  +--> ?PR?_TP_RESPONSE?RA8806
  +--> ?PR?_DELAY_MS?BASEFUNC
  +--> ?PR?INITSETTINGPAGE?MAIN
  +--> ?PR?_TOUCHPADSETCHOOSECISTERN?MAIN
  +--> ?PR?_SETTINGOPERATIONTIME?MAIN
  +--> ?PR?_SETTINGDISPLAY?RA8806
  +--> ?PR?PARAMETER_SAVE?PARAMETER
  +--> ?PR?_MAINDISPLAY?RA8806

?PR?_TP_RESPONSE?RA8806                     -----    -----
  +--> ?PR?ACCESS_PAGE2?RA8806
  +--> ?PR?_DISPLAY_R_KUANG?RA8806

?PR?_SETTINGDISPLAY?RA8806                  004AH    0003H
  +--> ?PR?ACCESS_PAGE2?RA8806
  +--> ?PR?CLEAR?RA8806
  +--> ?PR?_DISPLAY_R_KUANG?RA8806
  +--> ?PR?_DISPLAY_KUANG?RA8806
  +--> ?PR?LCD_NOINV?RA8806
  +--> ?CO?RA8806
  +--> ?PR?_LCD_SHOWSTR?RA8806
  +--> ?PR?_LCD_SHOWCHAR?RA8806
  +--> ?PR?XOR_TWO_LAYER?RA8806
  +--> ?PR?SHOW_TWO_LAYER?RA8806
BL51 BANKED LINKER/LOCATER V5.12                                                      04/14/2014  16:43:29  PAGE 7



?PR?PARAMETER_SAVE?PARAMETER                004AH    0004H
  +--> ?PR?_DELAY?EEPROM
  +--> ?PR?_IAPERASESECTOR?EEPROM
  +--> ?PR?_IAPREADBYTE?EEPROM
  +--> ?PR?_IAPPROGRAMBYTE?EEPROM

?PR?_IAPERASESECTOR?EEPROM                  -----    -----
  +--> ?PR?IAPIDLE?EEPROM

?PR?_IAPPROGRAMBYTE?EEPROM                  -----    -----
  +--> ?PR?IAPIDLE?EEPROM

?PR?SWITCHDISPLAY?MAIN                      -----    -----
  +--> ?PR?_SETTINGDISPLAY?RA8806
  +--> ?PR?_MAINDISPLAY?RA8806

?PR?MANIPULATORSTATUSDISPLAY?RA8806         -----    -----
  +--> ?PR?ACCESS_PAGE1?RA8806
  +--> ?PR?NORMAL_DATA?RA8806
  +--> ?PR?LCD_NOINV?RA8806
  +--> ?CO?RA8806
  +--> ?PR?_LCD_SHOWSTR?RA8806

*** NEW ROOT ***************************************************

?PR?TM0_ISR?TIMER                           -----    -----
  +--> ?PR?MANIPOSITION?POSITION

*** NEW ROOT ***************************************************

?PR?TM1_ISR?TIMER                           -----    -----
  +--> ?PR?CISTERNCOUNT?TIMER
  +--> ?PR?MANIDISPATCH?DISPATCH
  +--> ?PR?MANUALDISPATCH?DISPATCH
  +--> ?PR?KEY_SCAN?KEY

?PR?MANIDISPATCH?DISPATCH                   -----    -----
  +--> ?PR?A_MOVE_ENTRANCE?OPERATION
  +--> ?PR?_A_UP_DOWN?OPERATION

?PR?MANUALDISPATCH?DISPATCH                 -----    -----
  +--> ?PR?MANUALMODE_OPERATION?OPERATION



SYMBOL TABLE OF MODULE:  .\output\SoakControl (?C_STARTUP)

  VALUE           TYPE          NAME
  ----------------------------------

  -------         MODULE        ?C_STARTUP
  C:2128H         SEGMENT       ?C_C51STARTUP
  I:0010H         SEGMENT       ?STACK
  C:0000H         PUBLIC        ?C_STARTUP
  D:00E0H         SYMBOL        ACC
  D:00F0H         SYMBOL        B
BL51 BANKED LINKER/LOCATER V5.12                                                      04/14/2014  16:43:29  PAGE 8


  D:0083H         SYMBOL        DPH
  D:0082H         SYMBOL        DPL
  N:0000H         SYMBOL        IBPSTACK
  N:0100H         SYMBOL        IBPSTACKTOP
  N:0080H         SYMBOL        IDATALEN
  C:212BH         SYMBOL        IDATALOOP
  N:0000H         SYMBOL        PBPSTACK
  N:0000H         SYMBOL        PBPSTACKTOP
  N:0000H         SYMBOL        PDATALEN
  N:0000H         SYMBOL        PDATASTART
  N:0000H         SYMBOL        PPAGE
  N:0000H         SYMBOL        PPAGEENABLE
  D:00A0H         SYMBOL        PPAGE_SFR
  D:0081H         SYMBOL        SP
  C:2128H         SYMBOL        STARTUP1
  N:0000H         SYMBOL        XBPSTACK
  N:0000H         SYMBOL        XBPSTACKTOP
  N:0000H         SYMBOL        XDATALEN
  N:0000H         SYMBOL        XDATASTART
  C:0000H         LINE#         92
  C:2128H         LINE#         99
  C:212AH         LINE#         100
  C:212BH         LINE#         101
  C:212CH         LINE#         102
  C:212EH         LINE#         151
  C:2131H         LINE#         155
  -------         ENDMOD        ?C_STARTUP

  -------         MODULE        MAIN
  C:0000H         SYMBOL        _ICE_DUMMY_
  C:0ABEH         PUBLIC        _checkTouchPad
  D:0090H         PUBLIC        P1
  D:00B0H         PUBLIC        P3
  D:00A8H         PUBLIC        IE
  C:25CDH         PUBLIC        _touchPadSetChooseCistern
  D:00B8H         PUBLIC        IP
  C:2482H         PUBLIC        initSettingPage
  C:22B1H         PUBLIC        main
  C:1B80H         PUBLIC        _settingOperationTime
  X:0068H         PUBLIC        currentTP
  D:0098H         PUBLIC        SCON
  D:0088H         PUBLIC        TCON
  D:00C8H         PUBLIC        T2CON
  C:25A2H         PUBLIC        switchDisplay
  D:00D0H         PUBLIC        PSW
  -------         PROC          SWITCHDISPLAY
  C:25A2H         LINE#         31
  C:25A2H         LINE#         32
  C:25A2H         LINE#         33
  C:25B6H         LINE#         34
  C:25B6H         LINE#         35
  C:25B6H         LINE#         36
  C:25B8H         LINE#         37
  C:25BAH         LINE#         38
  C:25BAH         LINE#         39
  C:25BCH         LINE#         40
  C:25BEH         LINE#         41
BL51 BANKED LINKER/LOCATER V5.12                                                      04/14/2014  16:43:29  PAGE 9


  C:25BEH         LINE#         42
  C:25C3H         LINE#         43
  C:25C3H         LINE#         44
  C:25C3H         LINE#         45
  C:25C5H         LINE#         46
  C:25C7H         LINE#         47
  C:25C7H         LINE#         48
  C:25CCH         LINE#         49
  C:25CCH         LINE#         50
  C:25CCH         LINE#         51
  C:25CCH         LINE#         52
  C:25CCH         LINE#         53
  -------         ENDPROC       SWITCHDISPLAY
  -------         PROC          INITSETTINGPAGE
  -------         DO            
  D:0007H         SYMBOL        i
  -------         ENDDO         
  C:2482H         LINE#         60
  C:2482H         LINE#         61
  C:2482H         LINE#         63
  C:2484H         LINE#         64
  C:2484H         LINE#         65
  C:24AAH         LINE#         66
  C:24BAH         LINE#         67
  C:24BFH         LINE#         68
  C:24C5H         LINE#         69
  -------         ENDPROC       INITSETTINGPAGE
  -------         PROC          _TOUCHPADSETCHOOSECISTERN
  D:0007H         SYMBOL        cisternNum
  -------         DO            
  D:0006H         SYMBOL        i
  -------         ENDDO         
  C:25CDH         LINE#         76
  C:25CDH         LINE#         77
  C:25CDH         LINE#         79
  C:25CFH         LINE#         80
  C:25CFH         LINE#         81
  C:25DFH         LINE#         82
  C:25E4H         LINE#         83
  C:25F5H         LINE#         84
  -------         ENDPROC       _TOUCHPADSETCHOOSECISTERN
  -------         PROC          _SETTINGOPERATIONTIME
  D:0007H         SYMBOL        opeartion
  -------         DO            
  D:0006H         SYMBOL        i
  D:0003H         SYMBOL        cisternNum
  -------         ENDDO         
  C:1B80H         LINE#         91
  C:1B80H         LINE#         92
  C:1B80H         LINE#         94
  C:1B82H         LINE#         95
  C:1B82H         LINE#         96
  C:1B94H         LINE#         97
  C:1B94H         LINE#         98
  C:1B96H         LINE#         99
  C:1B96H         LINE#         100
  C:1B9BH         LINE#         101
BL51 BANKED LINKER/LOCATER V5.12                                                      04/14/2014  16:43:29  PAGE 10


  C:1B9EH         LINE#         102
  C:1B9EH         LINE#         104
  C:1BDAH         LINE#         105
  C:1C00H         LINE#         106
  C:1C00H         LINE#         107
  C:1C14H         LINE#         108
  C:1C14H         LINE#         109
  C:1C15H         LINE#         111
  C:1C15H         LINE#         112
  C:1C50H         LINE#         113
  C:1C6AH         LINE#         114
  C:1C6AH         LINE#         115
  C:1C7EH         LINE#         116
  C:1C7EH         LINE#         117
  C:1C7EH         LINE#         118
  -------         ENDPROC       _SETTINGOPERATIONTIME
  -------         PROC          _CHECKTOUCHPAD
  X:0049H         SYMBOL        tpValue
  C:0ABEH         LINE#         125
  C:0AC3H         LINE#         126
  C:0AC3H         LINE#         127
  C:0B02H         LINE#         128
  C:0B02H         LINE#         129
  C:0B02H         LINE#         130
  C:0B02H         LINE#         131
  C:0B05H         LINE#         132
  C:0B05H         LINE#         133
  C:0B10H         LINE#         134
  C:0B10H         LINE#         135
  C:0B18H         LINE#         136
  C:0B1FH         LINE#         137
  C:0B25H         LINE#         138
  C:0B28H         LINE#         139
  C:0B28H         LINE#         140
  C:0B28H         LINE#         141
  C:0B2BH         LINE#         142
  C:0B2BH         LINE#         143
  C:0B36H         LINE#         144
  C:0B36H         LINE#         145
  C:0B3EH         LINE#         146
  C:0B45H         LINE#         147
  C:0B4CH         LINE#         148
  C:0B50H         LINE#         150
  C:0B56H         LINE#         151
  C:0B57H         LINE#         152
  C:0B57H         LINE#         153
  C:0B59H         LINE#         154
  C:0B59H         LINE#         155
  C:0B64H         LINE#         156
  C:0B64H         LINE#         157
  C:0B6CH         LINE#         158
  C:0B73H         LINE#         159
  C:0B79H         LINE#         160
  C:0B7BH         LINE#         161
  C:0B7BH         LINE#         162
  C:0B7EH         LINE#         163
  C:0B7EH         LINE#         164
BL51 BANKED LINKER/LOCATER V5.12                                                      04/14/2014  16:43:29  PAGE 11


  C:0B89H         LINE#         165
  C:0B89H         LINE#         166
  C:0B91H         LINE#         167
  C:0B98H         LINE#         168
  C:0B9DH         LINE#         169
  C:0B9EH         LINE#         170
  C:0B9EH         LINE#         171
  C:0BA1H         LINE#         172
  C:0BA1H         LINE#         173
  C:0BACH         LINE#         174
  C:0BACH         LINE#         175
  C:0BB4H         LINE#         176
  C:0BBBH         LINE#         177
  C:0BC0H         LINE#         178
  C:0BC2H         LINE#         179
  C:0BC2H         LINE#         180
  C:0BC5H         LINE#         181
  C:0BC5H         LINE#         182
  C:0BD0H         LINE#         183
  C:0BD0H         LINE#         184
  C:0BD8H         LINE#         185
  C:0BDFH         LINE#         186
  C:0BE4H         LINE#         187
  C:0BE6H         LINE#         188
  C:0BE6H         LINE#         189
  C:0BE9H         LINE#         190
  C:0BE9H         LINE#         191
  C:0BF4H         LINE#         192
  C:0BF4H         LINE#         193
  C:0BFCH         LINE#         194
  C:0C03H         LINE#         195
  C:0C08H         LINE#         196
  C:0C0AH         LINE#         197
  C:0C0AH         LINE#         198
  C:0C0DH         LINE#         199
  C:0C0DH         LINE#         200
  C:0C18H         LINE#         201
  C:0C18H         LINE#         202
  C:0C20H         LINE#         203
  C:0C27H         LINE#         204
  C:0C2CH         LINE#         205
  C:0C2EH         LINE#         206
  C:0C2EH         LINE#         207
  C:0C31H         LINE#         208
  C:0C31H         LINE#         209
  C:0C3CH         LINE#         210
  C:0C3CH         LINE#         211
  C:0C44H         LINE#         212
  C:0C4BH         LINE#         213
  C:0C50H         LINE#         214
  C:0C52H         LINE#         215
  C:0C52H         LINE#         216
  C:0C54H         LINE#         217
  C:0C54H         LINE#         218
  C:0C5FH         LINE#         219
  C:0C5FH         LINE#         220
  C:0C67H         LINE#         221
BL51 BANKED LINKER/LOCATER V5.12                                                      04/14/2014  16:43:29  PAGE 12


  C:0C6EH         LINE#         222
  C:0C73H         LINE#         223
  C:0C75H         LINE#         224
  C:0C75H         LINE#         225
  C:0C77H         LINE#         226
  C:0C77H         LINE#         227
  C:0C82H         LINE#         228
  C:0C82H         LINE#         229
  C:0C8AH         LINE#         230
  C:0C91H         LINE#         231
  C:0C96H         LINE#         232
  C:0C98H         LINE#         233
  C:0C98H         LINE#         234
  C:0C9AH         LINE#         235
  C:0C9AH         LINE#         236
  C:0CA5H         LINE#         237
  C:0CA5H         LINE#         238
  C:0CADH         LINE#         239
  C:0CB4H         LINE#         240
  C:0CB9H         LINE#         241
  C:0CBEH         LINE#         242
  C:0CBEH         LINE#         243
  C:0CC1H         LINE#         244
  C:0CC1H         LINE#         245
  C:0CC9H         LINE#         246
  C:0CC9H         LINE#         247
  C:0CD1H         LINE#         248
  C:0CD8H         LINE#         250
  C:0CDDH         LINE#         251
  C:0CE3H         LINE#         252
  C:0CE7H         LINE#         254
  C:0CECH         LINE#         255
  C:0CF3H         LINE#         257
  C:0CF8H         LINE#         258
  C:0CF9H         LINE#         259
  C:0CF9H         LINE#         260
  C:0CFBH         LINE#         261
  C:0CFBH         LINE#         262
  C:0D03H         LINE#         263
  C:0D03H         LINE#         264
  C:0D0BH         LINE#         265
  C:0D12H         LINE#         266
  C:0D17H         LINE#         267
  C:0D18H         LINE#         268
  C:0D18H         LINE#         269
  C:0D1AH         LINE#         270
  C:0D1AH         LINE#         271
  C:0D21H         LINE#         272
  C:0D21H         LINE#         273
  C:0D29H         LINE#         274
  C:0D30H         LINE#         275
  C:0D35H         LINE#         276
  C:0D39H         LINE#         277
  C:0D39H         LINE#         278
  C:0D3BH         LINE#         279
  C:0D3BH         LINE#         280
  C:0D40H         LINE#         281
BL51 BANKED LINKER/LOCATER V5.12                                                      04/14/2014  16:43:29  PAGE 13


  C:0D40H         LINE#         282
  C:0D40H         LINE#         284
  C:0D4FH         LINE#         285
  C:0D4FH         LINE#         286
  C:0D55H         LINE#         287
  C:0D5CH         LINE#         288
  C:0D5CH         LINE#         290
  C:0D5CH         LINE#         291
  C:0D61H         LINE#         292
  C:0D61H         LINE#         293
  -------         ENDPROC       _CHECKTOUCHPAD
  -------         PROC          MAIN
  C:22B1H         LINE#         300
  C:22B1H         LINE#         301
  C:22B1H         LINE#         302
  C:22B4H         LINE#         303
  C:22B7H         LINE#         304
  C:22BEH         LINE#         305
  C:22C1H         LINE#         306
  C:22C4H         LINE#         307
  C:22C7H         LINE#         308
  C:22CAH         LINE#         309
  C:22CFH         LINE#         310
  C:22CFH         LINE#         311
  C:22CFH         LINE#         314
  C:22D5H         LINE#         316
  C:22DCH         LINE#         317
  C:22DCH         LINE#         318
  C:22DFH         LINE#         319
  C:22E4H         LINE#         320
  C:22E6H         LINE#         321
  C:22EDH         LINE#         322
  C:22EDH         LINE#         323
  C:22FBH         LINE#         324
  C:22FBH         LINE#         325
  C:22FEH         LINE#         326
  C:2303H         LINE#         327
  C:2309H         LINE#         328
  C:2309H         LINE#         329
  C:230BH         LINE#         330
  C:2312H         LINE#         331
  C:2312H         LINE#         332
  C:2315H         LINE#         333
  C:2318H         LINE#         334
  C:231DH         LINE#         335
  C:231DH         LINE#         336
  -------         ENDPROC       MAIN
  -------         ENDMOD        MAIN

  -------         MODULE        RA8806
  C:0000H         SYMBOL        _ICE_DUMMY_
  C:2323H         PUBLIC        _drow_picture
  D:0080H         PUBLIC        P0
  D:0090H         PUBLIC        P1
  D:00A0H         PUBLIC        P2
  D:00B0H         PUBLIC        P3
  B:00A0H.2       PUBLIC        CD
BL51 BANKED LINKER/LOCATER V5.12                                                      04/14/2014  16:43:29  PAGE 14


  C:0A86H         PUBLIC        HollowPrism
  C:2872H         PUBLIC        normal_data
  C:2797H         PUBLIC        clear
  C:0A8EH         PUBLIC        SolidPrism
  D:00A8H         PUBLIC        IE
  C:28B0H         PUBLIC        Enable_Maunal_TP
  B:00A0H.5       PUBLIC        CS
  D:00B8H         PUBLIC        IP
  C:1D43H         PUBLIC        lcd_inital
  C:128CH         PUBLIC        _SettingDisplay
  C:276DH         PUBLIC        _LCD_DataWrite
  C:27C4H         PUBLIC        Show_Two_Layer
  C:271FH         PUBLIC        LCD_NoInv
  C:1005H         PUBLIC        _getTP_Value
  C:18DAH         PUBLIC        _display_r_kuang
  C:0A56H         PUBLIC        RoundedBLB
  C:26C1H         PUBLIC        _LCD_CmdRead
  C:253EH         PUBLIC        PowerOnDisplay
  C:0A76H         PUBLIC        RoundedBLF
  C:0A5EH         PUBLIC        RoundedBRB
  C:1A4CH         PUBLIC        tp_ManualMode
  C:0A7EH         PUBLIC        RoundedBRF
  D:0098H         PUBLIC        SCON
  D:0088H         PUBLIC        TCON
  C:28E1H         PUBLIC        _LCD_ShowChar
  C:2705H         PUBLIC        _LCD_CmdWrite
  C:27AEH         PUBLIC        Only_Show_Page1
  C:2099H         PUBLIC        _TP_Response
  C:0A46H         PUBLIC        RoundedTLB
  C:0A66H         PUBLIC        RoundedTLF
  B:00A0H.7       PUBLIC        REST
  C:0A4EH         PUBLIC        RoundedTRB
  C:250AH         PUBLIC        _enlarge
  C:001EH         PUBLIC        _MainDisplay
  C:0A6EH         PUBLIC        RoundedTRF
  B:00A0H.6       PUBLIC        BUSY
  B:00A0H.4       PUBLIC        RD0
  C:266CH         PUBLIC        _trans_tpx
  C:2692H         PUBLIC        _trans_tpy
  C:289CH         PUBLIC        Enable_TP
  C:1C8FH         PUBLIC        _display_kuang
  B:00A0H.3       PUBLIC        WR0
  C:285DH         PUBLIC        LCD_Text
  C:26E3H         PUBLIC        _LCD_GotoXY
  C:27F0H         PUBLIC        Access_Page1
  C:2806H         PUBLIC        Access_Page2
  D:00C8H         PUBLIC        T2CON
  C:08DDH         PUBLIC        tab1
  C:0A96H         PUBLIC        Block
  C:244CH         PUBLIC        _LCD_ShowStr
  C:27DAH         PUBLIC        XOR_Two_Layer
  C:2848H         PUBLIC        LCD_Graphic
  C:23EAH         PUBLIC        ManipulatorStatusDisplay
  C:0A9EH         PUBLIC        RoundedTest
  C:281CH         PUBLIC        Switch_Latch_X_data
  D:00D0H         PUBLIC        PSW
  C:2832H         PUBLIC        Switch_Latch_Y_data
BL51 BANKED LINKER/LOCATER V5.12                                                      04/14/2014  16:43:29  PAGE 15


  C:2700H         SYMBOL        L?0242
  -------         PROC          L?0241
  -------         ENDPROC       L?0241
  C:2700H         SYMBOL        L?0242
  -------         PROC          _LCD_CMDWRITE
  D:0007H         SYMBOL        cmd
  C:2705H         LINE#         40
  C:2705H         LINE#         41
  C:2705H         LINE#         42
  C:2707H         LINE#         43
  C:2709H         LINE#         44
  C:270BH         LINE#         45
  C:270DH         LINE#         46
  C:270FH         LINE#         48
  C:2711H         LINE#         49
  C:2713H         LINE#         50
  C:2715H         LINE#         51
  -------         ENDPROC       _LCD_CMDWRITE
  C:2769H         SYMBOL        L?0236
  -------         PROC          L?0235
  -------         ENDPROC       L?0235
  C:2769H         SYMBOL        L?0236
  -------         PROC          _LCD_DATAWRITE
  D:0007H         SYMBOL        wdata
  C:276DH         LINE#         58
  C:276DH         LINE#         59
  C:276DH         LINE#         60
  C:2770H         LINE#         61
  C:2772H         LINE#         62
  C:2774H         LINE#         63
  C:2776H         LINE#         64
  C:2778H         LINE#         65
  C:277AH         LINE#         67
  C:277CH         LINE#         68
  C:277EH         LINE#         69
  -------         ENDPROC       _LCD_DATAWRITE
  -------         PROC          L?0245
  -------         ENDPROC       L?0245
  -------         PROC          _LCD_CMDREAD
  D:0007H         SYMBOL        Addr
  -------         DO            
  D:0007H         SYMBOL        Data
  -------         ENDDO         
  C:26C1H         LINE#         76
  C:26C1H         LINE#         77
  C:26C1H         LINE#         79
  C:26C3H         LINE#         80
  C:26C5H         LINE#         81
  C:26C7H         LINE#         82
  C:26C9H         LINE#         83
  C:26CBH         LINE#         84
  C:26CDH         LINE#         85
  C:26D0H         LINE#         86
  C:26D2H         LINE#         87
  C:26D4H         LINE#         88
  C:26D6H         LINE#         89
  C:26D8H         LINE#         90
BL51 BANKED LINKER/LOCATER V5.12                                                      04/14/2014  16:43:29  PAGE 16


  C:26DAH         LINE#         91
  C:26DAH         LINE#         92
  -------         ENDPROC       _LCD_CMDREAD
  -------         PROC          LCD_INITAL
  C:1D43H         LINE#         122
  C:1D43H         LINE#         123
  C:1D43H         LINE#         124
  C:1D45H         LINE#         125
  C:1D4CH         LINE#         126
  C:1D4EH         LINE#         127
  C:1D55H         LINE#         128
  C:1D5AH         LINE#         129
  C:1D5FH         LINE#         131
  C:1D64H         LINE#         132
  C:1D69H         LINE#         134
  C:1D6BH         LINE#         135
  C:1D6EH         LINE#         137
  C:1D6EH         LINE#         138
  C:1D71H         LINE#         140
  C:1D73H         LINE#         141
  C:1D76H         LINE#         143
  C:1D78H         LINE#         144
  C:1D7BH         LINE#         146
  C:1D80H         LINE#         147
  C:1D84H         LINE#         149
  C:1D89H         LINE#         150
  C:1D8EH         LINE#         152
  C:1D93H         LINE#         153
  C:1D98H         LINE#         155
  C:1D9DH         LINE#         156
  C:1DA2H         LINE#         158
  C:1DA7H         LINE#         159
  C:1DACH         LINE#         161
  C:1DAEH         LINE#         162
  C:1DB1H         LINE#         164
  C:1DB3H         LINE#         165
  C:1DB6H         LINE#         167
  C:1DB8H         LINE#         168
  C:1DBBH         LINE#         170
  C:1DBDH         LINE#         171
  C:1DC0H         LINE#         173
  C:1DC2H         LINE#         174
  C:1DC5H         LINE#         176
  C:1DC7H         LINE#         177
  C:1DCAH         LINE#         179
  C:1DCCH         LINE#         180
  C:1DCFH         LINE#         182
  C:1DD1H         LINE#         183
  C:1DD4H         LINE#         185
  C:1DD6H         LINE#         186
  C:1DD9H         LINE#         188
  C:1DDEH         LINE#         189
  C:1DE3H         LINE#         191
  C:1DE5H         LINE#         192
  C:1DE8H         LINE#         194
  C:1DEAH         LINE#         195
  C:1DEDH         LINE#         197
BL51 BANKED LINKER/LOCATER V5.12                                                      04/14/2014  16:43:29  PAGE 17


  C:1DF2H         LINE#         198
  -------         ENDPROC       LCD_INITAL
  -------         PROC          L?0247
  -------         ENDPROC       L?0247
  -------         PROC          _LCD_GOTOXY
  D:0006H         SYMBOL        xx
  D:0005H         SYMBOL        yy
  C:26E3H         LINE#         206
  C:26E5H         LINE#         207
  C:26E5H         LINE#         208
  C:26EAH         LINE#         209
  C:26EFH         LINE#         210
  C:26F4H         LINE#         211
  -------         ENDPROC       _LCD_GOTOXY
  -------         PROC          LCD_GRAPHIC
  -------         DO            
  D:0006H         SYMBOL        temp
  -------         ENDDO         
  C:2848H         LINE#         219
  C:2848H         LINE#         220
  C:2848H         LINE#         222
  C:284FH         LINE#         223
  C:2853H         LINE#         224
  C:2858H         LINE#         225
  -------         ENDPROC       LCD_GRAPHIC
  -------         PROC          LCD_TEXT
  -------         DO            
  D:0006H         SYMBOL        temp
  -------         ENDDO         
  C:285DH         LINE#         233
  C:285DH         LINE#         234
  C:285DH         LINE#         236
  C:2864H         LINE#         237
  C:2868H         LINE#         238
  C:286DH         LINE#         239
  -------         ENDPROC       LCD_TEXT
  -------         PROC          ONLY_SHOW_PAGE1
  -------         DO            
  D:0006H         SYMBOL        temp
  -------         ENDDO         
  C:27AEH         LINE#         247
  C:27AEH         LINE#         248
  C:27AEH         LINE#         250
  C:27B5H         LINE#         251
  C:27B8H         LINE#         252
  C:27BBH         LINE#         253
  C:27C0H         LINE#         254
  -------         ENDPROC       ONLY_SHOW_PAGE1
  -------         PROC          SHOW_TWO_LAYER
  -------         DO            
  D:0006H         SYMBOL        temp
  -------         ENDDO         
  C:27C4H         LINE#         279
  C:27C4H         LINE#         280
  C:27C4H         LINE#         282
  C:27CBH         LINE#         283
  C:27CEH         LINE#         284
BL51 BANKED LINKER/LOCATER V5.12                                                      04/14/2014  16:43:29  PAGE 18


  C:27D1H         LINE#         285
  C:27D6H         LINE#         286
  -------         ENDPROC       SHOW_TWO_LAYER
  -------         PROC          XOR_TWO_LAYER
  -------         DO            
  D:0006H         SYMBOL        temp
  -------         ENDDO         
  C:27DAH         LINE#         310
  C:27DAH         LINE#         311
  C:27DAH         LINE#         313
  C:27E1H         LINE#         314
  C:27E4H         LINE#         315
  C:27E7H         LINE#         316
  C:27ECH         LINE#         317
  -------         ENDPROC       XOR_TWO_LAYER
  -------         PROC          ACCESS_PAGE1
  -------         DO            
  D:0006H         SYMBOL        temp
  -------         ENDDO         
  C:27F0H         LINE#         358
  C:27F0H         LINE#         359
  C:27F0H         LINE#         361
  C:27F7H         LINE#         362
  C:27FAH         LINE#         363
  C:27FDH         LINE#         364
  C:2802H         LINE#         365
  -------         ENDPROC       ACCESS_PAGE1
  -------         PROC          ACCESS_PAGE2
  -------         DO            
  D:0006H         SYMBOL        temp
  -------         ENDDO         
  C:2806H         LINE#         373
  C:2806H         LINE#         374
  C:2806H         LINE#         376
  C:280DH         LINE#         377
  C:2810H         LINE#         378
  C:2813H         LINE#         379
  C:2818H         LINE#         380
  -------         ENDPROC       ACCESS_PAGE2
  -------         PROC          CLEAR
  C:2797H         LINE#         388
  C:2797H         LINE#         389
  C:2797H         LINE#         390
  C:279AH         LINE#         391
  C:279FH         LINE#         392
  C:27A4H         LINE#         393
  C:27A9H         LINE#         394
  -------         ENDPROC       CLEAR
  -------         PROC          NORMAL_DATA
  -------         DO            
  D:0006H         SYMBOL        temp
  -------         ENDDO         
  C:2872H         LINE#         421
  C:2872H         LINE#         422
  C:2872H         LINE#         424
  C:2879H         LINE#         425
  C:287DH         LINE#         426
BL51 BANKED LINKER/LOCATER V5.12                                                      04/14/2014  16:43:29  PAGE 19


  C:2882H         LINE#         427
  -------         ENDPROC       NORMAL_DATA
  -------         PROC          L?0244
  -------         ENDPROC       L?0244
  -------         PROC          LCD_NOINV
  -------         DO            
  D:0006H         SYMBOL        temp
  -------         ENDDO         
  C:271FH         LINE#         467
  C:271FH         LINE#         468
  C:271FH         LINE#         470
  C:2726H         LINE#         471
  C:272AH         LINE#         472
  C:272FH         LINE#         473
  -------         ENDPROC       LCD_NOINV
  -------         PROC          _ENLARGE
  D:0007H         SYMBOL        i
  C:250AH         LINE#         481
  C:250AH         LINE#         482
  C:250AH         LINE#         483
  C:2519H         LINE#         484
  C:2519H         LINE#         485
  C:2519H         LINE#         486
  C:251EH         LINE#         487
  C:2520H         LINE#         488
  C:2522H         LINE#         489
  C:2522H         LINE#         490
  C:2527H         LINE#         491
  C:2529H         LINE#         492
  C:252BH         LINE#         493
  C:252BH         LINE#         494
  C:2530H         LINE#         495
  C:2532H         LINE#         496
  C:2534H         LINE#         497
  C:2534H         LINE#         498
  C:2539H         LINE#         499
  C:253DH         LINE#         500
  C:253DH         LINE#         501
  C:253DH         LINE#         502
  -------         ENDPROC       _ENLARGE
  -------         PROC          L?0237
  -------         ENDPROC       L?0237
  -------         PROC          _LCD_SHOWSTR
  D:0004H         SYMBOL        xxx
  D:0005H         SYMBOL        yyy
  X:004DH         SYMBOL        text
  C:244CH         LINE#         553
  C:2457H         LINE#         554
  C:2457H         LINE#         555
  C:2457H         LINE#         556
  C:2457H         LINE#         557
  C:245AH         LINE#         558
  C:246AH         LINE#         559
  C:246AH         LINE#         560
  C:247FH         LINE#         561
  C:2481H         LINE#         562
  -------         ENDPROC       _LCD_SHOWSTR
BL51 BANKED LINKER/LOCATER V5.12                                                      04/14/2014  16:43:29  PAGE 20


  -------         PROC          L?0246
  -------         ENDPROC       L?0246
  -------         PROC          _LCD_SHOWCHAR
  D:0004H         SYMBOL        xxx
  D:0005H         SYMBOL        yyy
  D:0003H         SYMBOL        text
  C:28E1H         LINE#         569
  C:28E1H         LINE#         570
  C:28E1H         LINE#         571
  C:28E1H         LINE#         572
  C:28E1H         LINE#         573
  C:28E4H         LINE#         574
  -------         ENDPROC       _LCD_SHOWCHAR
  -------         PROC          L?0243
  -------         ENDPROC       L?0243
  -------         PROC          _DISPLAY_KUANG
  X:0052H         SYMBOL        x_star
  D:0001H         SYMBOL        y_star
  D:0003H         SYMBOL        w
  X:0055H         SYMBOL        h
  X:0056H         SYMBOL        color
  -------         DO            
  D:0004H         SYMBOL        width
  D:0002H         SYMBOL        heigh
  -------         ENDDO         
  C:1C8FH         LINE#         600
  C:1C96H         LINE#         601
  C:1C96H         LINE#         603
  C:1C99H         LINE#         604
  C:1CA8H         LINE#         605
  C:1CA8H         LINE#         606
  C:1CABH         LINE#         607
  C:1CABH         LINE#         608
  C:1CAEH         LINE#         609
  C:1CB8H         LINE#         610
  C:1CB8H         LINE#         611
  C:1CBDH         LINE#         612
  C:1CC2H         LINE#         613
  C:1CC5H         LINE#         614
  C:1CC5H         LINE#         615
  C:1CD5H         LINE#         616
  C:1CD5H         LINE#         617
  C:1CDDH         LINE#         618
  C:1CE0H         LINE#         619
  C:1CE6H         LINE#         620
  C:1CE6H         LINE#         621
  C:1CEBH         LINE#         622
  C:1CF5H         LINE#         623
  C:1CF5H         LINE#         624
  C:1CFAH         LINE#         625
  C:1CFDH         LINE#         626
  C:1CFFH         LINE#         627
  C:1D01H         LINE#         629
  C:1D01H         LINE#         630
  C:1D06H         LINE#         631
  C:1D10H         LINE#         632
  C:1D10H         LINE#         633
BL51 BANKED LINKER/LOCATER V5.12                                                      04/14/2014  16:43:29  PAGE 21


  C:1D15H         LINE#         634
  C:1D18H         LINE#         635
  C:1D1DH         LINE#         636
  C:1D1DH         LINE#         637
  C:1D1FH         LINE#         638
  C:1D27H         LINE#         639
  C:1D27H         LINE#         640
  C:1D2AH         LINE#         641
  C:1D31H         LINE#         642
  C:1D31H         LINE#         643
  C:1D36H         LINE#         644
  C:1D3BH         LINE#         645
  C:1D3EH         LINE#         646
  C:1D3EH         LINE#         647
  C:1D42H         LINE#         648
  -------         ENDPROC       _DISPLAY_KUANG
  -------         PROC          L?0240
  -------         ENDPROC       L?0240
  -------         PROC          _DROW_PICTURE
  X:0052H         SYMBOL        x
  X:0053H         SYMBOL        y
  X:0054H         SYMBOL        w
  X:0055H         SYMBOL        h
  X:0056H         SYMBOL        pData
  -------         DO            
  X:0059H         SYMBOL        i
  D:0004H         SYMBOL        j
  -------         ENDDO         
  C:2323H         LINE#         655
  C:232EH         LINE#         656
  C:232EH         LINE#         658
  C:2331H         LINE#         659
  C:2343H         LINE#         660
  C:2343H         LINE#         661
  C:234FH         LINE#         662
  C:234FH         LINE#         663
  C:2360H         LINE#         664
  C:2363H         LINE#         665
  C:237AH         LINE#         666
  C:237DH         LINE#         667
  C:2385H         LINE#         668
  -------         ENDPROC       _DROW_PICTURE
  C:18D3H         SYMBOL        L?0239
  -------         PROC          L?0238
  -------         ENDPROC       L?0238
  C:18D3H         SYMBOL        L?0239
  -------         PROC          _DISPLAY_R_KUANG
  X:004DH         SYMBOL        x_star
  X:004EH         SYMBOL        y_star
  X:004FH         SYMBOL        w
  X:0050H         SYMBOL        h
  X:0051H         SYMBOL        color
  C:18DAH         LINE#         741
  C:18E5H         LINE#         742
  C:18E5H         LINE#         743
  C:18F1H         LINE#         744
  C:18F1H         LINE#         745
BL51 BANKED LINKER/LOCATER V5.12                                                      04/14/2014  16:43:29  PAGE 22


  C:1906H         LINE#         746
  C:1921H         LINE#         747
  C:1946H         LINE#         748
  C:196CH         LINE#         749
  C:1996H         LINE#         750
  C:1999H         LINE#         752
  C:1999H         LINE#         753
  C:19ADH         LINE#         754
  C:19CCH         LINE#         755
  C:19F5H         LINE#         756
  C:1A1BH         LINE#         757
  C:1A4BH         LINE#         758
  C:1A4BH         LINE#         759
  -------         ENDPROC       _DISPLAY_R_KUANG
  -------         PROC          ENABLE_TP
  -------         DO            
  D:0006H         SYMBOL        temp
  -------         ENDDO         
  C:289CH         LINE#         812
  C:289CH         LINE#         813
  C:289CH         LINE#         815
  C:28A3H         LINE#         816
  C:28A7H         LINE#         817
  C:28ACH         LINE#         818
  -------         ENDPROC       ENABLE_TP
  -------         PROC          ENABLE_MAUNAL_TP
  -------         DO            
  D:0006H         SYMBOL        temp
  -------         ENDDO         
  C:28B0H         LINE#         826
  C:28B0H         LINE#         827
  C:28B0H         LINE#         829
  C:28B7H         LINE#         830
  C:28BBH         LINE#         831
  C:28C0H         LINE#         832
  -------         ENDPROC       ENABLE_MAUNAL_TP
  -------         PROC          SWITCH_LATCH_X_DATA
  -------         DO            
  D:0006H         SYMBOL        temp
  -------         ENDDO         
  C:281CH         LINE#         872
  C:281CH         LINE#         873
  C:281CH         LINE#         875
  C:2823H         LINE#         876
  C:2826H         LINE#         877
  C:2829H         LINE#         878
  C:282EH         LINE#         879
  -------         ENDPROC       SWITCH_LATCH_X_DATA
  -------         PROC          SWITCH_LATCH_Y_DATA
  -------         DO            
  D:0006H         SYMBOL        temp
  -------         ENDDO         
  C:2832H         LINE#         887
  C:2832H         LINE#         888
  C:2832H         LINE#         890
  C:2839H         LINE#         891
  C:283CH         LINE#         892
BL51 BANKED LINKER/LOCATER V5.12                                                      04/14/2014  16:43:29  PAGE 23


  C:283FH         LINE#         893
  C:2844H         LINE#         894
  -------         ENDPROC       SWITCH_LATCH_Y_DATA
  -------         PROC          _TRANS_TPX
  D:0006H         SYMBOL        x
  -------         DO            
  D:0004H         SYMBOL        tp_x
  D:0004H         SYMBOL        temp
  -------         ENDDO         
  C:266CH         LINE#         902
  C:266CH         LINE#         903
  C:266CH         LINE#         906
  C:2686H         LINE#         907
  C:2691H         LINE#         908
  C:2691H         LINE#         909
  -------         ENDPROC       _TRANS_TPX
  -------         PROC          _TRANS_TPY
  D:0006H         SYMBOL        y
  -------         DO            
  D:0004H         SYMBOL        tp_y
  D:0004H         SYMBOL        temp
  -------         ENDDO         
  C:2692H         LINE#         916
  C:2692H         LINE#         917
  C:2692H         LINE#         920
  C:26ABH         LINE#         921
  C:26B6H         LINE#         922
  C:26B6H         LINE#         923
  -------         ENDPROC       _TRANS_TPY
  -------         PROC          _GETTP_VALUE
  D:0006H         SYMBOL        x_temp
  D:0004H         SYMBOL        y_temp
  -------         DO            
  D:0001H         SYMBOL        result_data
  -------         ENDDO         
  C:1005H         LINE#         946
  C:1005H         LINE#         947
  C:1005H         LINE#         948
  C:1007H         LINE#         949
  C:1010H         LINE#         950
  C:1010H         LINE#         951
  C:1031H         LINE#         952
  C:1031H         LINE#         953
  C:103CH         LINE#         954
  C:103CH         LINE#         955
  C:103DH         LINE#         956
  C:103DH         LINE#         957
  C:1040H         LINE#         958
  C:1061H         LINE#         959
  C:1061H         LINE#         960
  C:1063H         LINE#         961
  C:1066H         LINE#         962
  C:1093H         LINE#         963
  C:1093H         LINE#         964
  C:109CH         LINE#         965
  C:109CH         LINE#         966
  C:109EH         LINE#         967
BL51 BANKED LINKER/LOCATER V5.12                                                      04/14/2014  16:43:29  PAGE 24


  C:109EH         LINE#         968
  C:109EH         LINE#         969
  C:10A1H         LINE#         970
  C:10A9H         LINE#         971
  C:10A9H         LINE#         972
  C:10D6H         LINE#         973
  C:10D6H         LINE#         974
  C:10D8H         LINE#         975
  C:10D8H         LINE#         976
  C:10DBH         LINE#         977
  C:10E6H         LINE#         978
  C:10E6H         LINE#         979
  C:1107H         LINE#         980
  C:1107H         LINE#         981
  C:1109H         LINE#         982
  C:110CH         LINE#         983
  C:112DH         LINE#         984
  C:112DH         LINE#         985
  C:112FH         LINE#         986
  C:1132H         LINE#         987
  C:1153H         LINE#         988
  C:1153H         LINE#         989
  C:1155H         LINE#         990
  C:1158H         LINE#         991
  C:1179H         LINE#         992
  C:1179H         LINE#         993
  C:117BH         LINE#         994
  C:117EH         LINE#         995
  C:119FH         LINE#         996
  C:119FH         LINE#         997
  C:11A1H         LINE#         998
  C:11A4H         LINE#         999
  C:11C5H         LINE#         1000
  C:11C5H         LINE#         1001
  C:11C7H         LINE#         1002
  C:11CAH         LINE#         1003
  C:11EBH         LINE#         1004
  C:11EBH         LINE#         1005
  C:11EDH         LINE#         1006
  C:11F0H         LINE#         1007
  C:1211H         LINE#         1008
  C:1211H         LINE#         1009
  C:1213H         LINE#         1010
  C:1215H         LINE#         1011
  C:1236H         LINE#         1012
  C:1236H         LINE#         1013
  C:1238H         LINE#         1014
  C:123AH         LINE#         1015
  C:125BH         LINE#         1016
  C:125BH         LINE#         1017
  C:125DH         LINE#         1018
  C:125DH         LINE#         1019
  C:125FH         LINE#         1020
  C:1266H         LINE#         1021
  C:1266H         LINE#         1022
  C:1287H         LINE#         1023
  C:1287H         LINE#         1024
BL51 BANKED LINKER/LOCATER V5.12                                                      04/14/2014  16:43:29  PAGE 25


  C:1289H         LINE#         1025
  C:1289H         LINE#         1026
  C:1289H         LINE#         1027
  C:128BH         LINE#         1028
  -------         ENDPROC       _GETTP_VALUE
  -------         PROC          TP_MANUALMODE
  -------         DO            
  D:0006H         SYMBOL        Touch_Sta_Valid
  D:0007H         SYMBOL        INT_Sta
  D:0005H         SYMBOL        count
  D:0006H         SYMBOL        X1
  X:0049H         SYMBOL        Y1
  D:0005H         SYMBOL        X2
  D:0001H         SYMBOL        Y2
  D:0006H         SYMBOL        temp
  X:004AH         SYMBOL        result_data
  D:0004H         SYMBOL        X
  X:004BH         SYMBOL        Y
  X:004DH         SYMBOL        x_temp
  D:0004H         SYMBOL        y_temp
  -------         ENDDO         
  C:1A4CH         LINE#         1035
  C:1A4CH         LINE#         1036
  C:1A4CH         LINE#         1037
  C:1A51H         LINE#         1039
  C:1A52H         LINE#         1040
  C:1A57H         LINE#         1041
  C:1A5CH         LINE#         1042
  C:1A61H         LINE#         1043
  C:1A64H         LINE#         1044
  C:1A69H         LINE#         1045
  C:1A70H         LINE#         1046
  C:1A70H         LINE#         1047
  C:1A72H         LINE#         1048
  C:1A72H         LINE#         1049
  C:1A77H         LINE#         1050
  C:1A7AH         LINE#         1051
  C:1A7AH         LINE#         1052
  C:1A7BH         LINE#         1053
  C:1A7DH         LINE#         1054
  C:1A7DH         LINE#         1055
  C:1A81H         LINE#         1056
  C:1A81H         LINE#         1057
  C:1A83H         LINE#         1058
  C:1A83H         LINE#         1059
  C:1A88H         LINE#         1060
  C:1A8EH         LINE#         1061
  C:1A8EH         LINE#         1062
  C:1A91H         LINE#         1063
  C:1A98H         LINE#         1064
  C:1A9BH         LINE#         1065
  C:1AA2H         LINE#         1066
  C:1AA9H         LINE#         1067
  C:1AAEH         LINE#         1068
  C:1AB1H         LINE#         1069
  C:1ABBH         LINE#         1070
  C:1ABBH         LINE#         1071
BL51 BANKED LINKER/LOCATER V5.12                                                      04/14/2014  16:43:29  PAGE 26


  C:1ABBH         LINE#         1072
  C:1AC2H         LINE#         1073
  C:1AC2H         LINE#         1074
  C:1AC2H         LINE#         1075
  C:1AC9H         LINE#         1076
  C:1ACEH         LINE#         1077
  C:1AD1H         LINE#         1078
  C:1AE9H         LINE#         1079
  C:1B18H         LINE#         1080
  C:1B40H         LINE#         1081
  C:1B40H         LINE#         1082
  C:1B4FH         LINE#         1083
  C:1B5EH         LINE#         1084
  C:1B6EH         LINE#         1085
  C:1B6EH         LINE#         1086
  C:1B6EH         LINE#         1087
  C:1B77H         LINE#         1088
  C:1B77H         LINE#         1089
  C:1B7AH         LINE#         1090
  C:1B7AH         LINE#         1091
  C:1B7FH         LINE#         1092
  -------         ENDPROC       TP_MANUALMODE
  -------         PROC          _SETTINGDISPLAY
  X:004AH         SYMBOL        settingStatus
  -------         DO            
  X:004BH         SYMBOL        i
  X:004CH         SYMBOL        currentTimeCount
  -------         ENDDO         
  C:128CH         LINE#         1099
  C:1291H         LINE#         1100
  C:1291H         LINE#         1102
  C:1294H         LINE#         1103
  C:1297H         LINE#         1105
  C:12AAH         LINE#         1106
  C:12BDH         LINE#         1108
  C:12CCH         LINE#         1109
  C:12CCH         LINE#         1110
  C:12E0H         LINE#         1111
  C:12E0H         LINE#         1112
  C:12EEH         LINE#         1113
  C:12F0H         LINE#         1115
  C:12F0H         LINE#         1116
  C:1307H         LINE#         1117
  C:1307H         LINE#         1118
  C:130FH         LINE#         1120
  C:1316H         LINE#         1121
  C:1316H         LINE#         1122
  C:1329H         LINE#         1123
  C:1329H         LINE#         1124
  C:133CH         LINE#         1126
  C:1342H         LINE#         1127
  C:1342H         LINE#         1128
  C:1345H         LINE#         1129
  C:1345H         LINE#         1131
  C:1345H         LINE#         1132
  C:1345H         LINE#         1133
  C:1345H         LINE#         1134
BL51 BANKED LINKER/LOCATER V5.12                                                      04/14/2014  16:43:29  PAGE 27


  C:1348H         LINE#         1136
  C:1355H         LINE#         1138
  C:1362H         LINE#         1139
  C:136FH         LINE#         1140
  C:137CH         LINE#         1141
  C:1389H         LINE#         1143
  C:1396H         LINE#         1144
  C:13A3H         LINE#         1145
  C:13B0H         LINE#         1147
  C:13B6H         LINE#         1148
  C:13B6H         LINE#         1149
  C:13DAH         LINE#         1150
  C:13E5H         LINE#         1151
  C:13FEH         LINE#         1152
  C:1404H         LINE#         1153
  C:1419H         LINE#         1154
  C:1425H         LINE#         1155
  C:1432H         LINE#         1156
  C:143FH         LINE#         1157
  C:144CH         LINE#         1159
  C:1459H         LINE#         1160
  C:1464H         LINE#         1161
  C:146FH         LINE#         1162
  C:147AH         LINE#         1163
  C:1485H         LINE#         1164
  C:1490H         LINE#         1165
  C:149BH         LINE#         1166
  C:14A6H         LINE#         1168
  C:14ADH         LINE#         1169
  C:14ADH         LINE#         1170
  C:14BAH         LINE#         1171
  C:14BAH         LINE#         1172
  C:14C7H         LINE#         1174
  C:14CDH         LINE#         1175
  C:14CDH         LINE#         1176
  C:14D8H         LINE#         1177
  C:14DBH         LINE#         1178
  C:14E2H         LINE#         1179
  C:14EAH         LINE#         1180
  C:14F3H         LINE#         1181
  C:14F9H         LINE#         1183
  C:1504H         LINE#         1184
  C:1504H         LINE#         1186
  C:1507H         LINE#         1187
  -------         ENDPROC       _SETTINGDISPLAY
  -------         PROC          POWERONDISPLAY
  C:253EH         LINE#         1195
  C:253EH         LINE#         1196
  C:253EH         LINE#         1197
  C:2541H         LINE#         1198
  C:2544H         LINE#         1199
  C:2547H         LINE#         1200
  C:254AH         LINE#         1201
  C:254DH         LINE#         1202
  C:2550H         LINE#         1203
  C:2553H         LINE#         1206
  C:2558H         LINE#         1207
BL51 BANKED LINKER/LOCATER V5.12                                                      04/14/2014  16:43:29  PAGE 28


  C:2565H         LINE#         1208
  -------         ENDPROC       POWERONDISPLAY
  -------         PROC          _MAINDISPLAY
  X:004AH         SYMBOL        displayStatus
  -------         DO            
  X:004BH         SYMBOL        i
  D:0002H         SYMBOL        currentTimeCount
  -------         ENDDO         
  C:001EH         LINE#         1216
  C:0023H         LINE#         1217
  C:0023H         LINE#         1219
  C:0026H         LINE#         1220
  C:0029H         LINE#         1222
  C:003BH         LINE#         1223
  C:004CH         LINE#         1225
  C:005BH         LINE#         1226
  C:005BH         LINE#         1227
  C:007CH         LINE#         1228
  C:00A0H         LINE#         1229
  C:00A8H         LINE#         1230
  C:00B0H         LINE#         1231
  C:00B0H         LINE#         1232
  C:00B6H         LINE#         1233
  C:00B6H         LINE#         1234
  C:00BFH         LINE#         1235
  C:00C1H         LINE#         1236
  C:00C9H         LINE#         1237
  C:00C9H         LINE#         1238
  C:00D3H         LINE#         1239
  C:00D3H         LINE#         1240
  C:00D5H         LINE#         1242
  C:00D5H         LINE#         1243
  C:00DBH         LINE#         1244
  C:00DBH         LINE#         1245
  C:00FCH         LINE#         1246
  C:00FEH         LINE#         1247
  C:0105H         LINE#         1248
  C:0105H         LINE#         1249
  C:0129H         LINE#         1250
  C:0129H         LINE#         1251
  C:0129H         LINE#         1253
  C:0138H         LINE#         1254
  C:0138H         LINE#         1255
  C:014CH         LINE#         1256
  C:014CH         LINE#         1257
  C:015AH         LINE#         1258
  C:015CH         LINE#         1260
  C:015CH         LINE#         1261
  C:0173H         LINE#         1262
  C:0173H         LINE#         1263
  C:017BH         LINE#         1265
  C:0181H         LINE#         1266
  C:0181H         LINE#         1267
  C:0188H         LINE#         1268
  C:0188H         LINE#         1269
  C:019BH         LINE#         1270
  C:019BH         LINE#         1271
BL51 BANKED LINKER/LOCATER V5.12                                                      04/14/2014  16:43:29  PAGE 29


  C:01AEH         LINE#         1272
  C:01AEH         LINE#         1273
  C:01BCH         LINE#         1274
  C:01BCH         LINE#         1275
  C:01CFH         LINE#         1276
  C:01CFH         LINE#         1279
  C:01D5H         LINE#         1280
  C:01D5H         LINE#         1281
  C:01D8H         LINE#         1282
  C:01D8H         LINE#         1284
  C:01D8H         LINE#         1285
  C:01D8H         LINE#         1286
  C:01D8H         LINE#         1287
  C:01DBH         LINE#         1289
  C:01E8H         LINE#         1290
  C:01F0H         LINE#         1291
  C:01F6H         LINE#         1293
  C:0201H         LINE#         1296
  C:020EH         LINE#         1297
  C:0222H         LINE#         1298
  C:0222H         LINE#         1299
  C:0222H         LINE#         1300
  C:0228H         LINE#         1301
  C:022AH         LINE#         1302
  C:022AH         LINE#         1303
  C:0230H         LINE#         1304
  C:0232H         LINE#         1305
  C:0232H         LINE#         1306
  C:0238H         LINE#         1307
  C:023AH         LINE#         1308
  C:023AH         LINE#         1309
  C:0240H         LINE#         1310
  C:0242H         LINE#         1311
  C:0242H         LINE#         1312
  C:0248H         LINE#         1313
  C:024AH         LINE#         1314
  C:024AH         LINE#         1315
  C:0257H         LINE#         1316
  C:0257H         LINE#         1318
  C:0269H         LINE#         1319
  C:0269H         LINE#         1320
  C:027AH         LINE#         1321
  C:027AH         LINE#         1322
  C:028FH         LINE#         1323
  C:029FH         LINE#         1324
  C:02A2H         LINE#         1325
  C:02B9H         LINE#         1326
  C:02B9H         LINE#         1327
  C:02CBH         LINE#         1328
  C:02DBH         LINE#         1329
  C:02DEH         LINE#         1331
  C:02DEH         LINE#         1332
  C:02E9H         LINE#         1333
  C:02E9H         LINE#         1334
  C:031DH         LINE#         1335
  C:032BH         LINE#         1336
  C:0340H         LINE#         1337
BL51 BANKED LINKER/LOCATER V5.12                                                      04/14/2014  16:43:29  PAGE 30


  C:0343H         LINE#         1338
  C:0355H         LINE#         1339
  C:0357H         LINE#         1341
  C:0357H         LINE#         1342
  C:036CH         LINE#         1343
  C:0381H         LINE#         1344
  C:0381H         LINE#         1345
  C:0381H         LINE#         1346
  C:038AH         LINE#         1347
  C:0397H         LINE#         1348
  C:03A2H         LINE#         1349
  C:03ADH         LINE#         1350
  C:03B8H         LINE#         1351
  C:03C3H         LINE#         1352
  C:03CEH         LINE#         1353
  C:03D9H         LINE#         1354
  C:03E4H         LINE#         1356
  C:03EAH         LINE#         1357
  C:03EAH         LINE#         1358
  C:03F1H         LINE#         1359
  C:03F1H         LINE#         1360
  C:03FEH         LINE#         1361
  C:03FEH         LINE#         1362
  C:040BH         LINE#         1363
  C:040BH         LINE#         1364
  C:0412H         LINE#         1365
  C:0412H         LINE#         1366
  C:0418H         LINE#         1367
  C:041AH         LINE#         1368
  C:0426H         LINE#         1369
  C:0426H         LINE#         1370
  C:0433H         LINE#         1371
  C:0433H         LINE#         1373
  C:0439H         LINE#         1374
  C:0439H         LINE#         1375
  C:0444H         LINE#         1376
  C:0447H         LINE#         1377
  C:0450H         LINE#         1378
  C:0456H         LINE#         1380
  C:0461H         LINE#         1381
  C:0461H         LINE#         1383
  C:0464H         LINE#         1384
  -------         ENDPROC       _MAINDISPLAY
  -------         PROC          MANIPULATORSTATUSDISPLAY
  C:23EAH         LINE#         1392
  C:23EAH         LINE#         1393
  C:23EAH         LINE#         1394
  C:23EDH         LINE#         1395
  C:23F0H         LINE#         1396
  C:23F3H         LINE#         1398
  C:2407H         LINE#         1399
  C:2407H         LINE#         1400
  C:2407H         LINE#         1401
  C:240DH         LINE#         1402
  C:240FH         LINE#         1403
  C:240FH         LINE#         1404
  C:2415H         LINE#         1405
BL51 BANKED LINKER/LOCATER V5.12                                                      04/14/2014  16:43:29  PAGE 31


  C:2417H         LINE#         1406
  C:2417H         LINE#         1407
  C:241DH         LINE#         1408
  C:241FH         LINE#         1409
  C:241FH         LINE#         1410
  C:2425H         LINE#         1411
  C:2427H         LINE#         1412
  C:2427H         LINE#         1413
  C:242DH         LINE#         1414
  C:242FH         LINE#         1415
  C:242FH         LINE#         1416
  C:243CH         LINE#         1417
  C:243CH         LINE#         1418
  -------         ENDPROC       MANIPULATORSTATUSDISPLAY
  -------         PROC          _TP_RESPONSE
  D:0005H         SYMBOL        tpValue
  C:2099H         LINE#         1425
  C:209BH         LINE#         1426
  C:209BH         LINE#         1427
  C:209EH         LINE#         1428
  C:20C1H         LINE#         1429
  C:20C1H         LINE#         1430
  C:20C1H         LINE#         1431
  C:20CFH         LINE#         1432
  C:20D1H         LINE#         1433
  C:20D1H         LINE#         1434
  C:20E0H         LINE#         1435
  C:20E2H         LINE#         1436
  C:20E2H         LINE#         1439
  C:20E2H         LINE#         1442
  C:20E2H         LINE#         1443
  C:20F1H         LINE#         1444
  C:20F3H         LINE#         1445
  C:20F3H         LINE#         1446
  C:2102H         LINE#         1447
  C:2104H         LINE#         1448
  C:2104H         LINE#         1449
  C:2113H         LINE#         1450
  C:2115H         LINE#         1451
  C:2115H         LINE#         1452
  C:2124H         LINE#         1453
  C:2124H         LINE#         1454
  C:2127H         LINE#         1456
  C:2127H         LINE#         1457
  C:2127H         LINE#         1458
  -------         ENDPROC       _TP_RESPONSE
  -------         ENDMOD        RA8806

  -------         MODULE        BASEFUNC
  C:0000H         SYMBOL        _ICE_DUMMY_
  C:261EH         PUBLIC        _delay_ms
  C:2733H         PUBLIC        _delay_us
  -------         PROC          _DELAY_US
  D:0006H         SYMBOL        us_value
  -------         DO            
  X:004FH         SYMBOL        k
  -------         ENDDO         
BL51 BANKED LINKER/LOCATER V5.12                                                      04/14/2014  16:43:29  PAGE 32


  C:2733H         LINE#         20
  C:2733H         LINE#         21
  C:2733H         LINE#         23
  C:273DH         LINE#         24
  C:273DH         LINE#         25
  C:274BH         LINE#         26
  C:274DH         LINE#         27
  -------         ENDPROC       _DELAY_US
  -------         PROC          _DELAY_MS
  X:004AH         SYMBOL        ms_value
  -------         DO            
  D:0002H         SYMBOL        k
  -------         ENDDO         
  C:261EH         LINE#         34
  C:2626H         LINE#         35
  C:2626H         LINE#         37
  C:2636H         LINE#         38
  C:2636H         LINE#         39
  C:263DH         LINE#         40
  C:2644H         LINE#         41
  -------         ENDPROC       _DELAY_MS
  -------         ENDMOD        BASEFUNC

  -------         MODULE        PARAMETER
  C:0000H         SYMBOL        _ICE_DUMMY_
  X:0000H         PUBLIC        displayMode
  X:0001H         PUBLIC        MotorSpeedFlag
  X:0002H         PUBLIC        manipulator
  X:0005H         PUBLIC        TargetCisternNumber
  C:1F54H         PUBLIC        parameter_read
  X:0006H         PUBLIC        drivingDirect
  C:16F9H         PUBLIC        parameter_save
  X:0007H         PUBLIC        runMode
  C:1EA8H         PUBLIC        parameter_init
  X:0008H         PUBLIC        displayFlag
  X:0009H         PUBLIC        cistern
  -------         PROC          PARAMETER_READ
  -------         DO            
  X:0049H         SYMBOL        i
  X:004BH         SYMBOL        result
  -------         ENDDO         
  C:1F54H         LINE#         35
  C:1F54H         LINE#         36
  C:1F54H         LINE#         37
  C:1F5CH         LINE#         38
  C:1F61H         LINE#         39
  C:1F70H         LINE#         40
  C:1F70H         LINE#         41
  C:1F86H         LINE#         42
  C:1F86H         LINE#         43
  C:1FD6H         LINE#         44
  C:1FE6H         LINE#         45
  C:1FEEH         LINE#         46
  C:1FF0H         LINE#         48
  C:1FF0H         LINE#         49
  C:1FF7H         LINE#         50
  C:1FF7H         LINE#         51
BL51 BANKED LINKER/LOCATER V5.12                                                      04/14/2014  16:43:29  PAGE 33


  C:1FFDH         LINE#         52
  -------         ENDPROC       PARAMETER_READ
  -------         PROC          PARAMETER_INIT
  -------         DO            
  D:0007H         SYMBOL        i
  -------         ENDDO         
  C:1EA8H         LINE#         59
  C:1EA8H         LINE#         60
  C:1EA8H         LINE#         62
  C:1EADH         LINE#         63
  C:1EB1H         LINE#         64
  C:1EB2H         LINE#         65
  C:1EB2H         LINE#         66
  C:1EC3H         LINE#         67
  C:1ED5H         LINE#         68
  C:1EDAH         LINE#         69
  C:1EDFH         LINE#         70
  C:1EE3H         LINE#         71
  C:1EE9H         LINE#         72
  C:1EE9H         LINE#         73
  C:1EF2H         LINE#         74
  C:1EFCH         LINE#         75
  C:1F06H         LINE#         76
  C:1F10H         LINE#         77
  C:1F1AH         LINE#         78
  C:1F24H         LINE#         79
  C:1F2EH         LINE#         80
  C:1F37H         LINE#         81
  C:1F37H         LINE#         82
  C:1F3CH         LINE#         83
  C:1F40H         LINE#         84
  C:1F43H         LINE#         85
  C:1F47H         LINE#         86
  C:1F4BH         LINE#         87
  C:1F4FH         LINE#         88
  C:1F53H         LINE#         89
  -------         ENDPROC       PARAMETER_INIT
  -------         PROC          PARAMETER_SAVE
  -------         DO            
  X:004AH         SYMBOL        i
  X:004CH         SYMBOL        result
  -------         ENDDO         
  C:16F9H         LINE#         96
  C:16F9H         LINE#         97
  C:16F9H         LINE#         98
  C:1701H         LINE#         99
  C:1706H         LINE#         100
  C:170CH         LINE#         101
  C:1721H         LINE#         102
  C:1721H         LINE#         103
  C:1728H         LINE#         104
  C:172FH         LINE#         105
  C:173FH         LINE#         106
  C:1744H         LINE#         107
  C:174BH         LINE#         108
  C:174BH         LINE#         109
  C:177BH         LINE#         110
BL51 BANKED LINKER/LOCATER V5.12                                                      04/14/2014  16:43:29  PAGE 34


  C:17B3H         LINE#         111
  C:17D3H         LINE#         112
  C:17DCH         LINE#         113
  C:17E1H         LINE#         114
  C:17F8H         LINE#         115
  C:17F8H         LINE#         116
  C:1824H         LINE#         117
  C:1824H         LINE#         118
  C:182BH         LINE#         119
  C:182BH         LINE#         120
  C:185CH         LINE#         121
  C:185CH         LINE#         122
  C:1863H         LINE#         123
  C:1863H         LINE#         124
  C:1874H         LINE#         125
  C:188BH         LINE#         126
  C:188BH         LINE#         127
  C:18B3H         LINE#         128
  C:18C3H         LINE#         129
  C:18C9H         LINE#         130
  -------         ENDPROC       PARAMETER_SAVE
  -------         ENDMOD        PARAMETER

  -------         MODULE        EEPROM
  C:0000H         SYMBOL        _ICE_DUMMY_
  D:00C5H         PUBLIC        IAP_CMD
  C:277FH         PUBLIC        _IapReadByte
  C:000EH         PUBLIC        IapIdle
  D:00C3H         PUBLIC        IAP_ADDRH
  D:00C4H         PUBLIC        IAP_ADDRL
  D:00C7H         PUBLIC        IAP_CONTR
  C:28C4H         PUBLIC        _Delay
  D:00C2H         PUBLIC        IAP_DATA
  C:2887H         PUBLIC        _IapEraseSector
  C:274EH         PUBLIC        _IapProgramByte
  D:00C6H         PUBLIC        IAP_TRIG
  -------         PROC          _DELAY
  D:0007H         SYMBOL        n
  -------         DO            
  D:0004H         SYMBOL        x
  -------         ENDDO         
  C:28C4H         LINE#         44
  C:28C4H         LINE#         45
  C:28C4H         LINE#         48
  C:28CAH         LINE#         49
  C:28CAH         LINE#         50
  C:28CDH         LINE#         51
  C:28D7H         LINE#         52
  C:28D7H         LINE#         53
  -------         ENDPROC       _DELAY
  -------         PROC          IAPIDLE
  C:000EH         LINE#         59
  C:000EH         LINE#         60
  C:000EH         LINE#         61
  C:0011H         LINE#         62
  C:0013H         LINE#         63
  C:0015H         LINE#         64
BL51 BANKED LINKER/LOCATER V5.12                                                      04/14/2014  16:43:29  PAGE 35


  C:0018H         LINE#         65
  C:001AH         LINE#         66
  -------         ENDPROC       IAPIDLE
  -------         PROC          _IAPREADBYTE
  D:0006H         SYMBOL        addr
  -------         DO            
  D:0007H         SYMBOL        dat
  -------         ENDDO         
  C:277FH         LINE#         73
  C:277FH         LINE#         74
  C:277FH         LINE#         77
  C:2782H         LINE#         78
  C:2785H         LINE#         79
  C:2787H         LINE#         80
  C:278AH         LINE#         81
  C:278DH         LINE#         82
  C:2790H         LINE#         83
  C:2791H         LINE#         84
[...]
  C:0617H         LINE#         197
  C:0617H         LINE#         198
  C:061AH         LINE#         199
  C:0621H         LINE#         201
  C:0622H         LINE#         202
  C:0625H         LINE#         203
  C:0625H         LINE#         204
  C:062AH         LINE#         205
  C:0642H         LINE#         206
  C:0642H         LINE#         207
  C:064BH         LINE#         208
  C:064BH         LINE#         209
  C:064DH         LINE#         210
  C:064FH         LINE#         211
  C:0657H         LINE#         212
  C:0657H         LINE#         213
  C:0659H         LINE#         214
  C:065BH         LINE#         215
  C:065DH         LINE#         216
  C:0661H         LINE#         217
  C:0661H         LINE#         218
  C:0663H         LINE#         219
  C:0665H         LINE#         220
BL51 BANKED LINKER/LOCATER V5.12                                                      04/14/2014  16:43:29  PAGE 43


  C:0667H         LINE#         222
  C:0667H         LINE#         223
  C:0669H         LINE#         224
  C:066BH         LINE#         225
  C:066BH         LINE#         226
  C:0671H         LINE#         227
  C:0675H         LINE#         228
  C:067EH         LINE#         229
  C:067EH         LINE#         230
  C:067EH         LINE#         231
  C:067EH         LINE#         232
  C:0680H         LINE#         233
  C:0685H         LINE#         234
  C:0685H         LINE#         235
  C:0687H         LINE#         236
  C:0689H         LINE#         237
  C:0691H         LINE#         238
  C:0691H         LINE#         239
  C:0693H         LINE#         240
  C:0695H         LINE#         241
  C:0697H         LINE#         242
  C:069BH         LINE#         243
  C:069BH         LINE#         244
  C:069DH         LINE#         245
  C:069FH         LINE#         246
  C:06A1H         LINE#         248
  C:06A1H         LINE#         249
  C:06A3H         LINE#         250
  C:06A5H         LINE#         251
  C:06A5H         LINE#         252
  C:06ABH         LINE#         253
  C:06AFH         LINE#         254
  C:06B8H         LINE#         255
  C:06B8H         LINE#         256
  C:06BBH         LINE#         257
  C:06BBH         LINE#         258
  C:06BCH         LINE#         260
  C:06BCH         LINE#         261
  C:06BEH         LINE#         262
  C:06C0H         LINE#         263
  C:06C2H         LINE#         264
  C:06C4H         LINE#         265
  C:06C7H         LINE#         266
  C:06C7H         LINE#         267
  C:06C7H         LINE#         268
  C:06CAH         LINE#         269
  C:06CAH         LINE#         270
  C:06D1H         LINE#         271
  C:06D1H         LINE#         272
  C:06D8H         LINE#         273
  C:06DCH         LINE#         274
  C:06E2H         LINE#         275
  C:06E2H         LINE#         276
  C:06E5H         LINE#         277
  C:06E5H         LINE#         278
  C:06E8H         LINE#         279
  C:06EBH         LINE#         281
BL51 BANKED LINKER/LOCATER V5.12                                                      04/14/2014  16:43:29  PAGE 44


  C:06EBH         LINE#         282
  C:06EEH         LINE#         283
  C:06EEH         LINE#         284
  C:06F1H         LINE#         285
  C:06F1H         LINE#         286
  C:0703H         LINE#         287
  C:0703H         LINE#         288
  C:070CH         LINE#         289
  C:070CH         LINE#         290
  C:070EH         LINE#         291
  C:0710H         LINE#         292
  C:0712H         LINE#         293
  C:0714H         LINE#         294
  C:071AH         LINE#         295
  C:071EH         LINE#         296
  C:0724H         LINE#         297
  C:0724H         LINE#         298
  C:0727H         LINE#         299
  C:0727H         LINE#         300
  C:0727H         LINE#         301
  C:0729H         LINE#         302
  C:072EH         LINE#         303
  C:072EH         LINE#         304
  C:0730H         LINE#         305
  C:0732H         LINE#         306
  C:0734H         LINE#         307
  C:0736H         LINE#         308
  C:073CH         LINE#         309
  C:0740H         LINE#         310
  C:0746H         LINE#         311
  C:0746H         LINE#         312
  C:0749H         LINE#         313
  C:0749H         LINE#         314
  C:074FH         LINE#         315
  C:0750H         LINE#         317
  C:0750H         LINE#         318
  C:0752H         LINE#         319
  C:0754H         LINE#         320
  C:0756H         LINE#         321
  C:0758H         LINE#         322
  C:075EH         LINE#         323
  C:075EH         LINE#         324
  C:0761H         LINE#         325
  C:0761H         LINE#         326
  C:0764H         LINE#         327
  C:0764H         LINE#         328
  C:0764H         LINE#         329
  C:0766H         LINE#         330
  C:0766H         LINE#         331
  C:0768H         LINE#         332
  C:076EH         LINE#         333
  C:0774H         LINE#         334
  C:0774H         LINE#         335
  C:0777H         LINE#         336
  C:0777H         LINE#         337
  C:077DH         LINE#         338
  C:077EH         LINE#         339
BL51 BANKED LINKER/LOCATER V5.12                                                      04/14/2014  16:43:29  PAGE 45


  C:077EH         LINE#         340
  C:0781H         LINE#         341
  C:0781H         LINE#         342
  C:0783H         LINE#         343
  C:0789H         LINE#         344
  C:078EH         LINE#         345
  C:07A2H         LINE#         346
  C:07B4H         LINE#         347
  C:07B9H         LINE#         348
  C:07BFH         LINE#         349
  C:07BFH         LINE#         350
  C:07C0H         LINE#         351
  C:07C0H         LINE#         352
  C:07C1H         LINE#         353
  C:07C1H         LINE#         354
  -------         ENDPROC       _A_UP_DOWN
  -------         PROC          A_MOVE_ENTRANCE
  C:21B4H         LINE#         356
  C:21B4H         LINE#         357
  C:21B4H         LINE#         358
  C:21C5H         LINE#         359
  C:21C5H         LINE#         360
  C:21C5H         LINE#         361
  C:21CBH         LINE#         362
  C:21CBH         LINE#         363
  C:21CDH         LINE#         364
  C:21CDH         LINE#         365
  C:21DCH         LINE#         366
  C:21DCH         LINE#         367
  C:21DEH         LINE#         368
  C:21E4H         LINE#         369
  C:21E8H         LINE#         370
  C:21EEH         LINE#         371
  C:21EEH         LINE#         372
  C:21F1H         LINE#         373
  C:21F1H         LINE#         374
  C:21F1H         LINE#         375
  C:21F1H         LINE#         376
  C:21F3H         LINE#         377
  C:21F3H         LINE#         378
  C:21F6H         LINE#         379
  C:21F6H         LINE#         380
  C:21FDH         LINE#         381
  C:21FFH         LINE#         382
  C:2201H         LINE#         383
  C:2205H         LINE#         384
  C:2209H         LINE#         385
  C:220FH         LINE#         386
  C:220FH         LINE#         387
  C:2212H         LINE#         388
  C:2212H         LINE#         389
  C:2217H         LINE#         390
  C:221DH         LINE#         391
  C:221DH         LINE#         392
  C:221EH         LINE#         393
  C:221EH         LINE#         394
  C:222DH         LINE#         395
BL51 BANKED LINKER/LOCATER V5.12                                                      04/14/2014  16:43:29  PAGE 46


  C:222DH         LINE#         396
  C:2231H         LINE#         397
  C:2235H         LINE#         398
  C:223BH         LINE#         399
  C:223BH         LINE#         400
  C:223CH         LINE#         401
  C:223CH         LINE#         402
  C:223DH         LINE#         403
  C:223DH         LINE#         404
  -------         ENDPROC       A_MOVE_ENTRANCE
  -------         PROC          MANUALMODE_OPERATION
  C:28E9H         LINE#         406
  C:28E9H         LINE#         407
  C:28E9H         LINE#         408
  C:28EBH         LINE#         409
  C:28EDH         LINE#         410
  C:28EFH         LINE#         411
  C:28F1H         LINE#         412
  C:28F3H         LINE#         413
  -------         ENDPROC       MANUALMODE_OPERATION
  -------         ENDMOD        OPERATION

  -------         MODULE        DISPATCH
  C:0000H         SYMBOL        _ICE_DUMMY_
  D:0090H         PUBLIC        P1
  D:00B0H         PUBLIC        P3
  D:00A8H         PUBLIC        IE
  C:28F4H         PUBLIC        ManualDispatch
  D:00B8H         PUBLIC        IP
  X:0060H         PUBLIC        ManiDispatchCurrent
  X:0061H         PUBLIC        ManualDispatchSteps
  D:0098H         PUBLIC        SCON
  D:0088H         PUBLIC        TCON
  C:0D62H         PUBLIC        ManiDispatch
  X:0062H         PUBLIC        ManiDispatchTimer
  X:0064H         PUBLIC        ManiDispatchSteps
  D:00C8H         PUBLIC        T2CON
  D:00D0H         PUBLIC        PSW
  -------         PROC          MANIDISPATCH
  -------         DO            
  D:0007H         SYMBOL        distanceBetweenManiAndTarget
  -------         ENDDO         
  C:0D62H         LINE#         32
  C:0D62H         LINE#         33
  C:0D62H         LINE#         35
  C:0D62H         LINE#         36
  C:0D70H         LINE#         37
  C:0D70H         LINE#         38
  C:0D73H         LINE#         39
  C:0D75H         LINE#         41
  C:0D75H         LINE#         42
  C:0D81H         LINE#         43
  C:0D81H         LINE#         44
  C:0D87H         LINE#         45
  C:0D87H         LINE#         46
  C:0D8DH         LINE#         47
  C:0D8FH         LINE#         49
BL51 BANKED LINKER/LOCATER V5.12                                                      04/14/2014  16:43:29  PAGE 47


  C:0D8FH         LINE#         50
  C:0D94H         LINE#         51
  C:0D94H         LINE#         53
  C:0DC3H         LINE#         54
  C:0DC3H         LINE#         55
  C:0DC3H         LINE#         56
  C:0DC8H         LINE#         57
  C:0DCDH         LINE#         58
  C:0DCEH         LINE#         59
  C:0DCEH         LINE#         60
  C:0DD1H         LINE#         61
  C:0DDCH         LINE#         62
  C:0DDCH         LINE#         63
  C:0DDCH         LINE#         64
  C:0DDCH         LINE#         65
  C:0DDFH         LINE#         66
  C:0DDFH         LINE#         67
  C:0DE6H         LINE#         68
  C:0DF1H         LINE#         69
  C:0DF1H         LINE#         70
  C:0DF1H         LINE#         71
  C:0DF1H         LINE#         72
  C:0DF4H         LINE#         73
  C:0DF4H         LINE#         74
  C:0DFBH         LINE#         75
  C:0E06H         LINE#         76
  C:0E06H         LINE#         77
  C:0E06H         LINE#         78
  C:0E06H         LINE#         79
  C:0E09H         LINE#         80
  C:0E09H         LINE#         81
  C:0E10H         LINE#         82
  C:0E1BH         LINE#         83
  C:0E1BH         LINE#         84
  C:0E1BH         LINE#         85
  C:0E1BH         LINE#         86
  C:0E1EH         LINE#         87
  C:0E1EH         LINE#         88
  C:0E25H         LINE#         89
  C:0E30H         LINE#         90
  C:0E30H         LINE#         91
  C:0E30H         LINE#         92
  C:0E30H         LINE#         93
  C:0E32H         LINE#         94
  C:0E32H         LINE#         95
  C:0E39H         LINE#         96
  C:0E44H         LINE#         97
  C:0E44H         LINE#         98
  C:0E44H         LINE#         99
  C:0E44H         LINE#         100
  C:0E46H         LINE#         101
  C:0E46H         LINE#         102
  C:0E4DH         LINE#         103
  C:0E58H         LINE#         104
  C:0E58H         LINE#         105
  C:0E5EH         LINE#         107
  C:0E69H         LINE#         108
BL51 BANKED LINKER/LOCATER V5.12                                                      04/14/2014  16:43:29  PAGE 48


  C:0E69H         LINE#         109
  C:0E69H         LINE#         110
  C:0E69H         LINE#         111
  C:0E69H         LINE#         112
  C:0E6CH         LINE#         113
  C:0E6CH         LINE#         114
  C:0E73H         LINE#         115
  C:0E7EH         LINE#         116
  C:0E7EH         LINE#         117
  C:0E7EH         LINE#         118
  C:0E7EH         LINE#         119
  C:0E80H         LINE#         120
  C:0E80H         LINE#         121
  C:0E87H         LINE#         122
  C:0E92H         LINE#         123
  C:0E92H         LINE#         124
  C:0E92H         LINE#         125
  C:0E92H         LINE#         126
  C:0E94H         LINE#         127
  C:0E94H         LINE#         128
  C:0E9BH         LINE#         129
  C:0EA6H         LINE#         130
  C:0EA6H         LINE#         131
  C:0EACH         LINE#         132
  C:0EACH         LINE#         133
  C:0EADH         LINE#         134
  C:0EADH         LINE#         135
  C:0EBBH         LINE#         136
  C:0EBBH         LINE#         137
  C:0EC0H         LINE#         138
  C:0EC8H         LINE#         139
  C:0ECEH         LINE#         140
  C:0ECFH         LINE#         141
  C:0EDDH         LINE#         142
  C:0EDDH         LINE#         143
  C:0EE2H         LINE#         144
  C:0EEAH         LINE#         145
  C:0EF0H         LINE#         146
  C:0EF1H         LINE#         147
  C:0EFEH         LINE#         148
  C:0EFEH         LINE#         149
  C:0F03H         LINE#         150
  C:0F0BH         LINE#         151
  C:0F11H         LINE#         152
  C:0F12H         LINE#         153
  C:0F1FH         LINE#         154
  C:0F1FH         LINE#         155
  C:0F24H         LINE#         156
  C:0F2CH         LINE#         157
  C:0F31H         LINE#         158
  C:0F32H         LINE#         159
  C:0F3FH         LINE#         160
  C:0F3FH         LINE#         161
  C:0F44H         LINE#         162
  C:0F4CH         LINE#         163
  C:0F50H         LINE#         164
  C:0F51H         LINE#         165
BL51 BANKED LINKER/LOCATER V5.12                                                      04/14/2014  16:43:29  PAGE 49


  C:0F5EH         LINE#         166
  C:0F5EH         LINE#         167
  C:0F63H         LINE#         168
  C:0F6BH         LINE#         169
  C:0F71H         LINE#         170
  C:0F72H         LINE#         171
  C:0F7FH         LINE#         172
  C:0F7FH         LINE#         173
  C:0F84H         LINE#         174
  C:0F8CH         LINE#         175
  C:0F92H         LINE#         176
  C:0F93H         LINE#         177
  C:0F99H         LINE#         178
  C:0F99H         LINE#         179
  C:0FA1H         LINE#         180
  C:0FA1H         LINE#         181
  C:0FA5H         LINE#         182
  C:0FA5H         LINE#         183
  C:0FA5H         LINE#         184
  C:0FA7H         LINE#         185
  C:0FB5H         LINE#         186
  C:0FB5H         LINE#         187
  C:0FB9H         LINE#         188
  C:0FB9H         LINE#         189
  C:0FB9H         LINE#         190
  C:0FBBH         LINE#         191
  C:0FCAH         LINE#         192
  C:0FCAH         LINE#         193
  C:0FE3H         LINE#         194
  C:0FE3H         LINE#         195
  C:0FE4H         LINE#         196
  C:0FECH         LINE#         197
  C:0FF2H         LINE#         198
  C:0FF3H         LINE#         200
  C:0FF3H         LINE#         201
  C:0FF4H         LINE#         202
  C:0FFCH         LINE#         203
  C:1002H         LINE#         204
  C:1002H         LINE#         205
  C:1002H         LINE#         206
  C:1002H         LINE#         207
  C:1003H         LINE#         208
  C:1003H         LINE#         209
  C:1004H         LINE#         210
  C:1004H         LINE#         211
  -------         ENDPROC       MANIDISPATCH
  -------         PROC          MANUALDISPATCH
  C:28F4H         LINE#         213
  C:28F4H         LINE#         214
  C:28F4H         LINE#         215
  C:28FAH         LINE#         216
  -------         ENDPROC       MANUALDISPATCH
  -------         ENDMOD        DISPATCH

  -------         MODULE        KEY
  C:0000H         SYMBOL        _ICE_DUMMY_
  D:0090H         PUBLIC        P1
BL51 BANKED LINKER/LOCATER V5.12                                                      04/14/2014  16:43:29  PAGE 50


  D:00B0H         PUBLIC        P3
  X:006AH         PUBLIC        Key_Scan_Steps
  D:00A8H         PUBLIC        IE
  C:2386H         PUBLIC        Key_Scan
  D:00B8H         PUBLIC        IP
  D:0098H         PUBLIC        SCON
  D:0088H         PUBLIC        TCON
  B:0090H.6       PUBLIC        Key_In
  B:0090H.5       PUBLIC        Key_Out
  D:00C8H         PUBLIC        T2CON
  D:00D0H         PUBLIC        PSW
  -------         PROC          KEY_SCAN
  C:2386H         LINE#         18
  C:2386H         LINE#         19
  C:2386H         LINE#         20
  C:2397H         LINE#         21
  C:2397H         LINE#         22
  C:2397H         LINE#         23
  C:239DH         LINE#         24
  C:239DH         LINE#         25
  C:23A3H         LINE#         26
  C:23A3H         LINE#         27
  C:23A4H         LINE#         28
  C:23A4H         LINE#         29
  C:23AAH         LINE#         30
  C:23AAH         LINE#         31
  C:23B0H         LINE#         32
  C:23B1H         LINE#         38
  C:23B1H         LINE#         39
  C:23BBH         LINE#         40
  C:23BBH         LINE#         41
  C:23BEH         LINE#         42
  C:23C3H         LINE#         43
  C:23C3H         LINE#         44
  C:23CDH         LINE#         45
  C:23CDH         LINE#         46
  C:23D0H         LINE#         47
  C:23D5H         LINE#         48
  C:23D5H         LINE#         49
  C:23DBH         LINE#         50
  C:23DCH         LINE#         51
  C:23DCH         LINE#         52
  C:23E2H         LINE#         53
  C:23E2H         LINE#         54
  C:23E7H         LINE#         55
  C:23E7H         LINE#         56
  C:23E8H         LINE#         57
  C:23E8H         LINE#         58
  C:23E9H         LINE#         59
  C:23E9H         LINE#         60
  -------         ENDPROC       KEY_SCAN
  -------         ENDMOD        KEY

  -------         MODULE        ?C?CLDPTR
  C:150AH         PUBLIC        ?C?CLDPTR
  -------         ENDMOD        ?C?CLDPTR

BL51 BANKED LINKER/LOCATER V5.12                                                      04/14/2014  16:43:29  PAGE 51


  -------         MODULE        ?C?IMUL
  C:1523H         PUBLIC        ?C?IMUL
  -------         ENDMOD        ?C?IMUL

  -------         MODULE        ?C?UIDIV
  C:1535H         PUBLIC        ?C?UIDIV
  -------         ENDMOD        ?C?UIDIV

  -------         MODULE        ?C?IILDX
  C:158AH         PUBLIC        ?C?IILDX
  -------         ENDMOD        ?C?IILDX

  -------         MODULE        ?C?ILDIX
  C:15A0H         PUBLIC        ?C?ILDIX
  -------         ENDMOD        ?C?ILDIX

  -------         MODULE        ?C?LMUL
  C:15B6H         PUBLIC        ?C?LMUL
  -------         ENDMOD        ?C?LMUL

  -------         MODULE        ?C?SLDIV
  C:24C6H         PUBLIC        ?C?SLDIV
  -------         ENDMOD        ?C?SLDIV

  -------         MODULE        ?C?CCASE
  C:1605H         PUBLIC        ?C?CCASE
  -------         ENDMOD        ?C?CCASE

  -------         MODULE        ?C?ULDIV
  C:1667H         PUBLIC        ?C?ULDIV
  -------         ENDMOD        ?C?ULDIV

Program Size: data=17.0 xdata=107 code=10485
LINK/LOCATE RUN COMPLETE.  0 WARNING(S),  0 ERROR(S)
